[1.111s] Invoking command in '/app/project/src/rover__description': PYTHONPATH=/app/project/build/rover__description/prefix_override:/usr/lib/python3/dist-packages/colcon_core/task/python/colcon_distutils_commands:/app/project/install/rover__description/lib/python3.10/site-packages:${PYTHONPATH} /usr/bin/python3 -W ignore:setup.py install is deprecated -W ignore:easy_install command is deprecated setup.py egg_info --egg-base ../../build/rover__description build --build-base /app/project/build/rover__description/build install --record /app/project/build/rover__description/install.log --single-version-externally-managed install_data
[1.323s] running egg_info
[1.324s] creating ../../build/rover__description/rover_description.egg-info
[1.324s] writing ../../build/rover__description/rover_description.egg-info/PKG-INFO
[1.324s] writing dependency_links to ../../build/rover__description/rover_description.egg-info/dependency_links.txt
[1.325s] writing entry points to ../../build/rover__description/rover_description.egg-info/entry_points.txt
[1.325s] writing requirements to ../../build/rover__description/rover_description.egg-info/requires.txt
[1.325s] writing top-level names to ../../build/rover__description/rover_description.egg-info/top_level.txt
[1.325s] writing manifest file '../../build/rover__description/rover_description.egg-info/SOURCES.txt'
[1.328s] reading manifest file '../../build/rover__description/rover_description.egg-info/SOURCES.txt'
[1.328s] writing manifest file '../../build/rover__description/rover_description.egg-info/SOURCES.txt'
[1.329s] running build
[1.329s] running build_py
[1.329s] creating /app/project/build/rover__description/build
[1.329s] creating /app/project/build/rover__description/build/lib
[1.329s] creating /app/project/build/rover__description/build/lib/rover__description
[1.329s] copying rover__description/__init__.py -> /app/project/build/rover__description/build/lib/rover__description
[1.329s] running install
[1.330s] running install_lib
[1.330s] creating /app/project/install/rover__description/lib/python3.10/site-packages/rover__description
[1.330s] copying /app/project/build/rover__description/build/lib/rover__description/__init__.py -> /app/project/install/rover__description/lib/python3.10/site-packages/rover__description
[1.331s] byte-compiling /app/project/install/rover__description/lib/python3.10/site-packages/rover__description/__init__.py to __init__.cpython-310.pyc
[1.331s] running install_data
[1.332s] creating /app/project/install/rover__description/share/ament_index
[1.332s] creating /app/project/install/rover__description/share/ament_index/resource_index
[1.332s] creating /app/project/install/rover__description/share/ament_index/resource_index/packages
[1.332s] copying resource/rover__description -> /app/project/install/rover__description/share/ament_index/resource_index/packages
[1.332s] copying package.xml -> /app/project/install/rover__description/share/rover__description
[1.332s] creating /app/project/install/rover__description/share/rover__description/launch
[1.332s] copying launch/gazebo.launch.py -> /app/project/install/rover__description/share/rover__description/launch
[1.332s] copying launch/display.launch.py -> /app/project/install/rover__description/share/rover__description/launch
[1.333s] creating /app/project/install/rover__description/share/rover__description/urdf
[1.333s] copying urdf/rover_.ros2control -> /app/project/install/rover__description/share/rover__description/urdf
[1.333s] copying urdf/rover_.xacro -> /app/project/install/rover__description/share/rover__description/urdf
[1.333s] copying urdf/rover_.gazebo -> /app/project/install/rover__description/share/rover__description/urdf
[1.333s] copying urdf/materials.xacro -> /app/project/install/rover__description/share/rover__description/urdf
[1.333s] creating /app/project/install/rover__description/share/rover__description/meshes
[1.334s] copying meshes/base_link.stl -> /app/project/install/rover__description/share/rover__description/meshes
[1.337s] copying meshes/body_four_2.stl -> /app/project/install/rover__description/share/rover__description/meshes
[1.340s] copying meshes/body_three_1.stl -> /app/project/install/rover__description/share/rover__description/meshes
[1.345s] copying meshes/body_two_1.stl -> /app/project/install/rover__description/share/rover__description/meshes
[1.366s] creating /app/project/install/rover__description/share/rover__description/config
[1.366s] copying config/ros_gz_bridge_gazebo.yaml -> /app/project/install/rover__description/share/rover__description/config
[1.366s] copying config/display.rviz -> /app/project/install/rover__description/share/rover__description/config
[1.366s] copying config/gazebo.rviz -> /app/project/install/rover__description/share/rover__description/config
[1.367s] running install_egg_info
[1.369s] Copying ../../build/rover__description/rover_description.egg-info to /app/project/install/rover__description/lib/python3.10/site-packages/rover_description-0.0.0-py3.10.egg-info
[1.370s] running install_scripts
[1.409s] writing list of installed files to '/app/project/build/rover__description/install.log'
[1.416s] Invoked command in '/app/project/src/rover__description' returned '0': PYTHONPATH=/app/project/build/rover__description/prefix_override:/usr/lib/python3/dist-packages/colcon_core/task/python/colcon_distutils_commands:/app/project/install/rover__description/lib/python3.10/site-packages:${PYTHONPATH} /usr/bin/python3 -W ignore:setup.py install is deprecated -W ignore:easy_install command is deprecated setup.py egg_info --egg-base ../../build/rover__description build --build-base /app/project/build/rover__description/build install --record /app/project/build/rover__description/install.log --single-version-externally-managed install_data
