[1.705s] Invoking command in '/app/project/src/rover__description': PYTHONPATH=/app/project/build/rover__description/prefix_override:/usr/lib/python3/dist-packages/colcon_core/task/python/colcon_distutils_commands:/app/project/install/rover__description/lib/python3.10/site-packages:${PYTHONPATH} /usr/bin/python3 -W ignore:setup.py install is deprecated -W ignore:easy_install command is deprecated setup.py egg_info --egg-base ../../build/rover__description build --build-base /app/project/build/rover__description/build install --record /app/project/build/rover__description/install.log --single-version-externally-managed install_data
[2.052s] running egg_info
[2.053s] writing ../../build/rover__description/rover_description.egg-info/PKG-INFO
[2.053s] writing dependency_links to ../../build/rover__description/rover_description.egg-info/dependency_links.txt
[2.053s] writing entry points to ../../build/rover__description/rover_description.egg-info/entry_points.txt
[2.054s] writing requirements to ../../build/rover__description/rover_description.egg-info/requires.txt
[2.054s] writing top-level names to ../../build/rover__description/rover_description.egg-info/top_level.txt
[2.057s] reading manifest file '../../build/rover__description/rover_description.egg-info/SOURCES.txt'
[2.058s] writing manifest file '../../build/rover__description/rover_description.egg-info/SOURCES.txt'
[2.059s] running build
[2.059s] running build_py
[2.059s] running install
[2.060s] running install_lib
[2.061s] running install_data
[2.062s] running install_egg_info
[2.065s] removing '/app/project/install/rover__description/lib/python3.10/site-packages/rover_description-0.0.0-py3.10.egg-info' (and everything under it)
[2.065s] Copying ../../build/rover__description/rover_description.egg-info to /app/project/install/rover__description/lib/python3.10/site-packages/rover_description-0.0.0-py3.10.egg-info
[2.066s] running install_scripts
[2.098s] writing list of installed files to '/app/project/build/rover__description/install.log'
[2.177s] Invoked command in '/app/project/src/rover__description' returned '0': PYTHONPATH=/app/project/build/rover__description/prefix_override:/usr/lib/python3/dist-packages/colcon_core/task/python/colcon_distutils_commands:/app/project/install/rover__description/lib/python3.10/site-packages:${PYTHONPATH} /usr/bin/python3 -W ignore:setup.py install is deprecated -W ignore:easy_install command is deprecated setup.py egg_info --egg-base ../../build/rover__description build --build-base /app/project/build/rover__description/build install --record /app/project/build/rover__description/install.log --single-version-externally-managed install_data
