[0.000000] (-) TimerEvent: {}
[0.000075] (base_link_description) JobQueued: {'identifier': 'base_link_description', 'dependencies': OrderedDict()}
[0.000102] (base_link_p3_description) JobQueued: {'identifier': 'base_link_p3_description', 'dependencies': OrderedDict()}
[0.000121] (base_link_t1_description) JobQueued: {'identifier': 'base_link_t1_description', 'dependencies': OrderedDict()}
[0.000773] (base_link_description) JobStarted: {'identifier': 'base_link_description'}
[0.010090] (base_link_p3_description) JobStarted: {'identifier': 'base_link_p3_description'}
[0.016932] (base_link_t1_description) JobStarted: {'identifier': 'base_link_t1_description'}
[0.099823] (-) TimerEvent: {}
[0.199983] (-) TimerEvent: {}
[0.300151] (-) TimerEvent: {}
[0.400338] (-) TimerEvent: {}
[0.500532] (-) TimerEvent: {}
[0.600700] (-) TimerEvent: {}
[0.700904] (-) TimerEvent: {}
[0.801160] (-) TimerEvent: {}
[0.901388] (-) TimerEvent: {}
[1.001548] (-) TimerEvent: {}
[1.042497] (base_link_t1_description) Command: {'cmd': ['/usr/bin/python3', '-W', 'ignore:setup.py install is deprecated', '-W', 'ignore:easy_install command is deprecated', 'setup.py', 'egg_info', '--egg-base', '../../build/base_link_t1_description', 'build', '--build-base', '/app/project/build/base_link_t1_description/build', 'install', '--record', '/app/project/build/base_link_t1_description/install.log', '--single-version-externally-managed', 'install_data'], 'cwd': '/app/project/src/base_link_t1_description', 'env': {'HOSTNAME': 'linux-portatil', 'SHLVL': '1', 'LD_LIBRARY_PATH': '/usr/lib/x86_64-linux-gnu/gazebo-11/plugins:/opt/ros/humble/opt/rviz_ogre_vendor/lib:/opt/ros/humble/lib/x86_64-linux-gnu:/opt/ros/humble/lib', 'HOME': '/root', 'OLDPWD': '/app', 'ROS_PYTHON_VERSION': '3', 'COLCON_PREFIX_PATH': '/app/project/install', 'ROS_DISTRO': 'humble', '_': '/usr/bin/colcon', 'ROS_VERSION': '2', 'ROS_LOCALHOST_ONLY': '0', 'PATH': '/opt/ros/humble/bin:/app/simulator/scripts:/home/linuxbrew/.linuxbrew/bin:/opt/st/stm32cubeide_1.19.0:/home/linuxbrew/.linuxbrew/bin:/opt/st/stm32cubeide_1.19.0:/home/joao41/.local/bin:/home/joao41/bin:/usr/local/sbin:/usr/local/bin:/usr/sbin:/usr/bin:/sbin:/bin:/usr/games:/usr/local/games:/snap/bin:/snap/bin', 'DISPLAY': ':0', 'LANG': 'C.UTF-8', 'AMENT_PREFIX_PATH': '/app/project/install/base_link_t1_description:/app/project/install/base_link_p3_description:/app/project/install/base_link_description:/opt/ros/humble', 'PWD': '/app/project/build/base_link_t1_description', 'LC_ALL': 'C.UTF-8', 'PYTHONPATH': '/app/project/build/base_link_t1_description/prefix_override:/usr/lib/python3/dist-packages/colcon_core/task/python/colcon_distutils_commands:/app/project/install/base_link_t1_description/lib/python3.10/site-packages:/app/project/install/base_link_t1_description/lib/python3.10/site-packages:/app/project/install/base_link_p3_description/lib/python3.10/site-packages:/app/project/install/base_link_description/lib/python3.10/site-packages:/opt/ros/humble/lib/python3.10/site-packages:/opt/ros/humble/local/lib/python3.10/dist-packages', 'COLCON': '1'}, 'shell': False}
[1.056905] (base_link_description) Command: {'cmd': ['/usr/bin/python3', '-W', 'ignore:setup.py install is deprecated', '-W', 'ignore:easy_install command is deprecated', 'setup.py', 'egg_info', '--egg-base', '../../build/base_link_description', 'build', '--build-base', '/app/project/build/base_link_description/build', 'install', '--record', '/app/project/build/base_link_description/install.log', '--single-version-externally-managed', 'install_data'], 'cwd': '/app/project/src/base_link_description', 'env': {'HOSTNAME': 'linux-portatil', 'SHLVL': '1', 'LD_LIBRARY_PATH': '/usr/lib/x86_64-linux-gnu/gazebo-11/plugins:/opt/ros/humble/opt/rviz_ogre_vendor/lib:/opt/ros/humble/lib/x86_64-linux-gnu:/opt/ros/humble/lib', 'HOME': '/root', 'OLDPWD': '/app', 'ROS_PYTHON_VERSION': '3', 'COLCON_PREFIX_PATH': '/app/project/install', 'ROS_DISTRO': 'humble', '_': '/usr/bin/colcon', 'ROS_VERSION': '2', 'ROS_LOCALHOST_ONLY': '0', 'PATH': '/opt/ros/humble/bin:/app/simulator/scripts:/home/linuxbrew/.linuxbrew/bin:/opt/st/stm32cubeide_1.19.0:/home/linuxbrew/.linuxbrew/bin:/opt/st/stm32cubeide_1.19.0:/home/joao41/.local/bin:/home/joao41/bin:/usr/local/sbin:/usr/local/bin:/usr/sbin:/usr/bin:/sbin:/bin:/usr/games:/usr/local/games:/snap/bin:/snap/bin', 'DISPLAY': ':0', 'LANG': 'C.UTF-8', 'AMENT_PREFIX_PATH': '/app/project/install/base_link_t1_description:/app/project/install/base_link_p3_description:/app/project/install/base_link_description:/opt/ros/humble', 'PWD': '/app/project/build/base_link_description', 'LC_ALL': 'C.UTF-8', 'PYTHONPATH': '/app/project/build/base_link_description/prefix_override:/usr/lib/python3/dist-packages/colcon_core/task/python/colcon_distutils_commands:/app/project/install/base_link_description/lib/python3.10/site-packages:/app/project/install/base_link_t1_description/lib/python3.10/site-packages:/app/project/install/base_link_p3_description/lib/python3.10/site-packages:/app/project/install/base_link_description/lib/python3.10/site-packages:/opt/ros/humble/lib/python3.10/site-packages:/opt/ros/humble/local/lib/python3.10/dist-packages', 'COLCON': '1'}, 'shell': False}
[1.059383] (base_link_p3_description) Command: {'cmd': ['/usr/bin/python3', '-W', 'ignore:setup.py install is deprecated', '-W', 'ignore:easy_install command is deprecated', 'setup.py', 'egg_info', '--egg-base', '../../build/base_link_p3_description', 'build', '--build-base', '/app/project/build/base_link_p3_description/build', 'install', '--record', '/app/project/build/base_link_p3_description/install.log', '--single-version-externally-managed', 'install_data'], 'cwd': '/app/project/src/base_link_p3_description', 'env': {'HOSTNAME': 'linux-portatil', 'SHLVL': '1', 'LD_LIBRARY_PATH': '/usr/lib/x86_64-linux-gnu/gazebo-11/plugins:/opt/ros/humble/opt/rviz_ogre_vendor/lib:/opt/ros/humble/lib/x86_64-linux-gnu:/opt/ros/humble/lib', 'HOME': '/root', 'OLDPWD': '/app', 'ROS_PYTHON_VERSION': '3', 'COLCON_PREFIX_PATH': '/app/project/install', 'ROS_DISTRO': 'humble', '_': '/usr/bin/colcon', 'ROS_VERSION': '2', 'ROS_LOCALHOST_ONLY': '0', 'PATH': '/opt/ros/humble/bin:/app/simulator/scripts:/home/linuxbrew/.linuxbrew/bin:/opt/st/stm32cubeide_1.19.0:/home/linuxbrew/.linuxbrew/bin:/opt/st/stm32cubeide_1.19.0:/home/joao41/.local/bin:/home/joao41/bin:/usr/local/sbin:/usr/local/bin:/usr/sbin:/usr/bin:/sbin:/bin:/usr/games:/usr/local/games:/snap/bin:/snap/bin', 'DISPLAY': ':0', 'LANG': 'C.UTF-8', 'AMENT_PREFIX_PATH': '/app/project/install/base_link_t1_description:/app/project/install/base_link_p3_description:/app/project/install/base_link_description:/opt/ros/humble', 'PWD': '/app/project/build/base_link_p3_description', 'LC_ALL': 'C.UTF-8', 'PYTHONPATH': '/app/project/build/base_link_p3_description/prefix_override:/usr/lib/python3/dist-packages/colcon_core/task/python/colcon_distutils_commands:/app/project/install/base_link_p3_description/lib/python3.10/site-packages:/app/project/install/base_link_t1_description/lib/python3.10/site-packages:/app/project/install/base_link_p3_description/lib/python3.10/site-packages:/app/project/install/base_link_description/lib/python3.10/site-packages:/opt/ros/humble/lib/python3.10/site-packages:/opt/ros/humble/local/lib/python3.10/dist-packages', 'COLCON': '1'}, 'shell': False}
[1.101654] (-) TimerEvent: {}
[1.201863] (-) TimerEvent: {}
[1.261995] (base_link_t1_description) StdoutLine: {'line': b'running egg_info\n'}
[1.262282] (base_link_description) StdoutLine: {'line': b'running egg_info\n'}
[1.262811] (base_link_t1_description) StdoutLine: {'line': b'writing ../../build/base_link_t1_description/base_link_t1_description.egg-info/PKG-INFO\n'}
[1.263257] (base_link_description) StdoutLine: {'line': b'writing ../../build/base_link_description/base_link_description.egg-info/PKG-INFO\n'}
[1.263431] (base_link_t1_description) StdoutLine: {'line': b'writing dependency_links to ../../build/base_link_t1_description/base_link_t1_description.egg-info/dependency_links.txt\n'}
[1.263485] (base_link_description) StdoutLine: {'line': b'writing dependency_links to ../../build/base_link_description/base_link_description.egg-info/dependency_links.txt\n'}
[1.263540] (base_link_t1_description) StdoutLine: {'line': b'writing entry points to ../../build/base_link_t1_description/base_link_t1_description.egg-info/entry_points.txt\n'}
[1.263587] (base_link_description) StdoutLine: {'line': b'writing entry points to ../../build/base_link_description/base_link_description.egg-info/entry_points.txt\n'}
[1.263628] (base_link_t1_description) StdoutLine: {'line': b'writing requirements to ../../build/base_link_t1_description/base_link_t1_description.egg-info/requires.txt\n'}
[1.263668] (base_link_t1_description) StdoutLine: {'line': b'writing top-level names to ../../build/base_link_t1_description/base_link_t1_description.egg-info/top_level.txt\n'}
[1.263723] (base_link_description) StdoutLine: {'line': b'writing requirements to ../../build/base_link_description/base_link_description.egg-info/requires.txt\n'}
[1.263770] (base_link_description) StdoutLine: {'line': b'writing top-level names to ../../build/base_link_description/base_link_description.egg-info/top_level.txt\n'}
[1.264120] (base_link_p3_description) StdoutLine: {'line': b'running egg_info\n'}
[1.264778] (base_link_p3_description) StdoutLine: {'line': b'writing ../../build/base_link_p3_description/base_link_p3_description.egg-info/PKG-INFO\n'}
[1.264942] (base_link_description) StdoutLine: {'line': b"reading manifest file '../../build/base_link_description/base_link_description.egg-info/SOURCES.txt'\n"}
[1.265000] (base_link_p3_description) StdoutLine: {'line': b'writing dependency_links to ../../build/base_link_p3_description/base_link_p3_description.egg-info/dependency_links.txt\n'}
[1.265095] (base_link_p3_description) StdoutLine: {'line': b'writing entry points to ../../build/base_link_p3_description/base_link_p3_description.egg-info/entry_points.txt\n'}
[1.265298] (base_link_p3_description) StdoutLine: {'line': b'writing requirements to ../../build/base_link_p3_description/base_link_p3_description.egg-info/requires.txt\n'}
[1.265382] (base_link_p3_description) StdoutLine: {'line': b'writing top-level names to ../../build/base_link_p3_description/base_link_p3_description.egg-info/top_level.txt\n'}
[1.265512] (base_link_t1_description) StdoutLine: {'line': b"reading manifest file '../../build/base_link_t1_description/base_link_t1_description.egg-info/SOURCES.txt'\n"}
[1.265716] (base_link_description) StdoutLine: {'line': b"writing manifest file '../../build/base_link_description/base_link_description.egg-info/SOURCES.txt'\n"}
[1.265823] (base_link_description) StdoutLine: {'line': b'running build\n'}
[1.265870] (base_link_description) StdoutLine: {'line': b'running build_py\n'}
[1.265981] (base_link_description) StdoutLine: {'line': b'running install\n'}
[1.266254] (base_link_description) StdoutLine: {'line': b'running install_lib\n'}
[1.266549] (base_link_t1_description) StdoutLine: {'line': b"writing manifest file '../../build/base_link_t1_description/base_link_t1_description.egg-info/SOURCES.txt'\n"}
[1.266657] (base_link_t1_description) StdoutLine: {'line': b'running build\n'}
[1.266726] (base_link_t1_description) StdoutLine: {'line': b'running build_py\n'}
[1.266880] (base_link_t1_description) StdoutLine: {'line': b'running install\n'}
[1.266966] (base_link_p3_description) StdoutLine: {'line': b"reading manifest file '../../build/base_link_p3_description/base_link_p3_description.egg-info/SOURCES.txt'\n"}
[1.267072] (base_link_description) StdoutLine: {'line': b'running install_data\n'}
[1.267185] (base_link_t1_description) StdoutLine: {'line': b'running install_lib\n'}
[1.267566] (base_link_description) StdoutLine: {'line': b'running install_egg_info\n'}
[1.267884] (base_link_p3_description) StdoutLine: {'line': b"writing manifest file '../../build/base_link_p3_description/base_link_p3_description.egg-info/SOURCES.txt'\n"}
[1.268042] (base_link_p3_description) StdoutLine: {'line': b'running build\n'}
[1.268098] (base_link_p3_description) StdoutLine: {'line': b'running build_py\n'}
[1.268209] (base_link_p3_description) StdoutLine: {'line': b'running install\n'}
[1.268450] (base_link_t1_description) StdoutLine: {'line': b'running install_data\n'}
[1.268532] (base_link_p3_description) StdoutLine: {'line': b'running install_lib\n'}
[1.268991] (base_link_t1_description) StdoutLine: {'line': b'running install_egg_info\n'}
[1.269143] (base_link_description) StdoutLine: {'line': b"removing '/app/project/install/base_link_description/lib/python3.10/site-packages/base_link_description-0.0.0-py3.10.egg-info' (and everything under it)\n"}
[1.269393] (base_link_p3_description) StdoutLine: {'line': b'running install_data\n'}
[1.269512] (base_link_description) StdoutLine: {'line': b'Copying ../../build/base_link_description/base_link_description.egg-info to /app/project/install/base_link_description/lib/python3.10/site-packages/base_link_description-0.0.0-py3.10.egg-info\n'}
[1.269992] (base_link_p3_description) StdoutLine: {'line': b'running install_egg_info\n'}
[1.270269] (base_link_description) StdoutLine: {'line': b'running install_scripts\n'}
[1.270999] (base_link_t1_description) StdoutLine: {'line': b"removing '/app/project/install/base_link_t1_description/lib/python3.10/site-packages/base_link_t1_description-0.0.0-py3.10.egg-info' (and everything under it)\n"}
[1.271358] (base_link_t1_description) StdoutLine: {'line': b'Copying ../../build/base_link_t1_description/base_link_t1_description.egg-info to /app/project/install/base_link_t1_description/lib/python3.10/site-packages/base_link_t1_description-0.0.0-py3.10.egg-info\n'}
[1.271528] (base_link_p3_description) StdoutLine: {'line': b"removing '/app/project/install/base_link_p3_description/lib/python3.10/site-packages/base_link_p3_description-0.0.0-py3.10.egg-info' (and everything under it)\n"}
[1.271832] (base_link_p3_description) StdoutLine: {'line': b'Copying ../../build/base_link_p3_description/base_link_p3_description.egg-info to /app/project/install/base_link_p3_description/lib/python3.10/site-packages/base_link_p3_description-0.0.0-py3.10.egg-info\n'}
[1.272362] (base_link_t1_description) StdoutLine: {'line': b'running install_scripts\n'}
[1.272628] (base_link_p3_description) StdoutLine: {'line': b'running install_scripts\n'}
[1.288360] (base_link_description) StdoutLine: {'line': b"writing list of installed files to '/app/project/build/base_link_description/install.log'\n"}
[1.292425] (base_link_p3_description) StdoutLine: {'line': b"writing list of installed files to '/app/project/build/base_link_p3_description/install.log'\n"}
[1.297428] (base_link_t1_description) StdoutLine: {'line': b"writing list of installed files to '/app/project/build/base_link_t1_description/install.log'\n"}
[1.301954] (-) TimerEvent: {}
[1.315942] (base_link_description) CommandEnded: {'returncode': 0}
[1.341960] (base_link_description) JobEnded: {'identifier': 'base_link_description', 'rc': 0}
[1.342982] (base_link_p3_description) CommandEnded: {'returncode': 0}
[1.348794] (base_link_p3_description) JobEnded: {'identifier': 'base_link_p3_description', 'rc': 0}
[1.349266] (base_link_t1_description) CommandEnded: {'returncode': 0}
[1.354263] (base_link_t1_description) JobEnded: {'identifier': 'base_link_t1_description', 'rc': 0}
[1.354681] (-) EventReactorShutdown: {}
