running egg_info
creating ../../build/rover_se_pernas_description/rover_se_pernas_description.egg-info
writing ../../build/rover_se_pernas_description/rover_se_pernas_description.egg-info/PKG-INFO
writing dependency_links to ../../build/rover_se_pernas_description/rover_se_pernas_description.egg-info/dependency_links.txt
writing entry points to ../../build/rover_se_pernas_description/rover_se_pernas_description.egg-info/entry_points.txt
writing requirements to ../../build/rover_se_pernas_description/rover_se_pernas_description.egg-info/requires.txt
writing top-level names to ../../build/rover_se_pernas_description/rover_se_pernas_description.egg-info/top_level.txt
writing manifest file '../../build/rover_se_pernas_description/rover_se_pernas_description.egg-info/SOURCES.txt'
reading manifest file '../../build/rover_se_pernas_description/rover_se_pernas_description.egg-info/SOURCES.txt'
writing manifest file '../../build/rover_se_pernas_description/rover_se_pernas_description.egg-info/SOURCES.txt'
running build
running build_py
creating /app/project/build/rover_se_pernas_description/build
creating /app/project/build/rover_se_pernas_description/build/lib
creating /app/project/build/rover_se_pernas_description/build/lib/rover_se_pernas_description
copying rover_se_pernas_description/__init__.py -> /app/project/build/rover_se_pernas_description/build/lib/rover_se_pernas_description
running install
running install_lib
creating /app/project/install/rover_se_pernas_description/lib/python3.10/site-packages/rover_se_pernas_description
copying /app/project/build/rover_se_pernas_description/build/lib/rover_se_pernas_description/__init__.py -> /app/project/install/rover_se_pernas_description/lib/python3.10/site-packages/rover_se_pernas_description
byte-compiling /app/project/install/rover_se_pernas_description/lib/python3.10/site-packages/rover_se_pernas_description/__init__.py to __init__.cpython-310.pyc
running install_data
creating /app/project/install/rover_se_pernas_description/share/ament_index
creating /app/project/install/rover_se_pernas_description/share/ament_index/resource_index
creating /app/project/install/rover_se_pernas_description/share/ament_index/resource_index/packages
copying resource/rover_se_pernas_description -> /app/project/install/rover_se_pernas_description/share/ament_index/resource_index/packages
copying package.xml -> /app/project/install/rover_se_pernas_description/share/rover_se_pernas_description
creating /app/project/install/rover_se_pernas_description/share/rover_se_pernas_description/launch
copying launch/gazebo.launch.py -> /app/project/install/rover_se_pernas_description/share/rover_se_pernas_description/launch
copying launch/display.launch.py -> /app/project/install/rover_se_pernas_description/share/rover_se_pernas_description/launch
creating /app/project/install/rover_se_pernas_description/share/rover_se_pernas_description/urdf
copying urdf/rover_se_pernas.gazebo -> /app/project/install/rover_se_pernas_description/share/rover_se_pernas_description/urdf
copying urdf/rover_se_pernas.xacro -> /app/project/install/rover_se_pernas_description/share/rover_se_pernas_description/urdf
copying urdf/rover_se_pernas.ros2control -> /app/project/install/rover_se_pernas_description/share/rover_se_pernas_description/urdf
copying urdf/materials.xacro -> /app/project/install/rover_se_pernas_description/share/rover_se_pernas_description/urdf
creating /app/project/install/rover_se_pernas_description/share/rover_se_pernas_description/meshes
copying meshes/base_link.stl -> /app/project/install/rover_se_pernas_description/share/rover_se_pernas_description/meshes
copying meshes/body_four_2.stl -> /app/project/install/rover_se_pernas_description/share/rover_se_pernas_description/meshes
copying meshes/body_three_1.stl -> /app/project/install/rover_se_pernas_description/share/rover_se_pernas_description/meshes
copying meshes/body_five_v1_1.stl -> /app/project/install/rover_se_pernas_description/share/rover_se_pernas_description/meshes
creating /app/project/install/rover_se_pernas_description/share/rover_se_pernas_description/config
copying config/ros_gz_bridge_gazebo.yaml -> /app/project/install/rover_se_pernas_description/share/rover_se_pernas_description/config
copying config/display.rviz -> /app/project/install/rover_se_pernas_description/share/rover_se_pernas_description/config
copying config/gazebo.rviz -> /app/project/install/rover_se_pernas_description/share/rover_se_pernas_description/config
running install_egg_info
Copying ../../build/rover_se_pernas_description/rover_se_pernas_description.egg-info to /app/project/install/rover_se_pernas_description/lib/python3.10/site-packages/rover_se_pernas_description-0.0.0-py3.10.egg-info
running install_scripts
writing list of installed files to '/app/project/build/rover_se_pernas_description/install.log'
