[0.000000] (-) TimerEvent: {}
[0.000446] (base_link_p3_description) JobQueued: {'identifier': 'base_link_p3_description', 'dependencies': OrderedDict()}
[0.000479] (robot_test_description) JobQueued: {'identifier': 'robot_test_description', 'dependencies': OrderedDict()}
[0.000498] (rover__description) JobQueued: {'identifier': 'rover__description', 'dependencies': OrderedDict()}
[0.000527] (base_link_p3_description) JobStarted: {'identifier': 'base_link_p3_description'}
[0.012403] (robot_test_description) JobStarted: {'identifier': 'robot_test_description'}
[0.017882] (rover__description) JobStarted: {'identifier': 'rover__description'}
[0.099730] (-) TimerEvent: {}
[0.199931] (-) TimerEvent: {}
[0.300096] (-) TimerEvent: {}
[0.400245] (-) TimerEvent: {}
[0.500401] (-) TimerEvent: {}
[0.600579] (-) TimerEvent: {}
[0.700958] (-) TimerEvent: {}
[0.801730] (-) TimerEvent: {}
[0.901911] (-) TimerEvent: {}
[1.002070] (-) TimerEvent: {}
[1.102264] (-) TimerEvent: {}
[1.124691] (base_link_p3_description) Command: {'cmd': ['/usr/bin/python3', '-W', 'ignore:setup.py install is deprecated', '-W', 'ignore:easy_install command is deprecated', 'setup.py', 'egg_info', '--egg-base', '../../build/base_link_p3_description', 'build', '--build-base', '/app/project/build/base_link_p3_description/build', 'install', '--record', '/app/project/build/base_link_p3_description/install.log', '--single-version-externally-managed', 'install_data'], 'cwd': '/app/project/src/base_link_p3_description', 'env': {'HOSTNAME': 'linux-portatil', 'SHLVL': '1', 'LD_LIBRARY_PATH': '/usr/lib/x86_64-linux-gnu/gazebo-11/plugins:/opt/ros/humble/opt/rviz_ogre_vendor/lib:/opt/ros/humble/lib/x86_64-linux-gnu:/opt/ros/humble/lib', 'HOME': '/root', 'OLDPWD': '/app', 'ROS_PYTHON_VERSION': '3', 'COLCON_PREFIX_PATH': '/app/project/install', 'ROS_DISTRO': 'humble', '_': '/usr/bin/colcon', 'ROS_VERSION': '2', 'ROS_LOCALHOST_ONLY': '0', 'PATH': '/opt/ros/humble/bin:/app/simulator/scripts:/home/linuxbrew/.linuxbrew/bin:/opt/st/stm32cubeide_1.19.0:/home/linuxbrew/.linuxbrew/bin:/opt/st/stm32cubeide_1.19.0:/home/joao41/.local/bin:/home/joao41/bin:/usr/local/sbin:/usr/local/bin:/usr/sbin:/usr/bin:/sbin:/bin:/usr/games:/usr/local/games:/snap/bin:/snap/bin', 'DISPLAY': ':0', 'LANG': 'C.UTF-8', 'AMENT_PREFIX_PATH': '/app/project/install/base_link_t1_description:/app/project/install/base_link_p3_description:/app/project/install/base_link_description:/opt/ros/humble', 'PWD': '/app/project/build/base_link_p3_description', 'LC_ALL': 'C.UTF-8', 'PYTHONPATH': '/app/project/build/base_link_p3_description/prefix_override:/usr/lib/python3/dist-packages/colcon_core/task/python/colcon_distutils_commands:/app/project/install/base_link_p3_description/lib/python3.10/site-packages:/app/project/install/base_link_t1_description/lib/python3.10/site-packages:/app/project/install/base_link_p3_description/lib/python3.10/site-packages:/app/project/install/base_link_description/lib/python3.10/site-packages:/opt/ros/humble/lib/python3.10/site-packages:/opt/ros/humble/local/lib/python3.10/dist-packages', 'COLCON': '1'}, 'shell': False}
[1.126882] (robot_test_description) Command: {'cmd': ['/usr/bin/python3', '-W', 'ignore:setup.py install is deprecated', '-W', 'ignore:easy_install command is deprecated', 'setup.py', 'egg_info', '--egg-base', '../../build/robot_test_description', 'build', '--build-base', '/app/project/build/robot_test_description/build', 'install', '--record', '/app/project/build/robot_test_description/install.log', '--single-version-externally-managed', 'install_data'], 'cwd': '/app/project/src/robot_test_description', 'env': {'HOSTNAME': 'linux-portatil', 'SHLVL': '1', 'LD_LIBRARY_PATH': '/usr/lib/x86_64-linux-gnu/gazebo-11/plugins:/opt/ros/humble/opt/rviz_ogre_vendor/lib:/opt/ros/humble/lib/x86_64-linux-gnu:/opt/ros/humble/lib', 'HOME': '/root', 'OLDPWD': '/app', 'ROS_PYTHON_VERSION': '3', 'COLCON_PREFIX_PATH': '/app/project/install', 'ROS_DISTRO': 'humble', '_': '/usr/bin/colcon', 'ROS_VERSION': '2', 'ROS_LOCALHOST_ONLY': '0', 'PATH': '/opt/ros/humble/bin:/app/simulator/scripts:/home/linuxbrew/.linuxbrew/bin:/opt/st/stm32cubeide_1.19.0:/home/linuxbrew/.linuxbrew/bin:/opt/st/stm32cubeide_1.19.0:/home/joao41/.local/bin:/home/joao41/bin:/usr/local/sbin:/usr/local/bin:/usr/sbin:/usr/bin:/sbin:/bin:/usr/games:/usr/local/games:/snap/bin:/snap/bin', 'DISPLAY': ':0', 'LANG': 'C.UTF-8', 'AMENT_PREFIX_PATH': '/app/project/install/base_link_t1_description:/app/project/install/base_link_p3_description:/app/project/install/base_link_description:/opt/ros/humble', 'PWD': '/app/project/build/robot_test_description', 'LC_ALL': 'C.UTF-8', 'PYTHONPATH': '/app/project/build/robot_test_description/prefix_override:/usr/lib/python3/dist-packages/colcon_core/task/python/colcon_distutils_commands:/app/project/install/robot_test_description/lib/python3.10/site-packages:/app/project/install/base_link_t1_description/lib/python3.10/site-packages:/app/project/install/base_link_p3_description/lib/python3.10/site-packages:/app/project/install/base_link_description/lib/python3.10/site-packages:/opt/ros/humble/lib/python3.10/site-packages:/opt/ros/humble/local/lib/python3.10/dist-packages', 'COLCON': '1'}, 'shell': False}
[1.128368] (rover__description) Command: {'cmd': ['/usr/bin/python3', '-W', 'ignore:setup.py install is deprecated', '-W', 'ignore:easy_install command is deprecated', 'setup.py', 'egg_info', '--egg-base', '../../build/rover__description', 'build', '--build-base', '/app/project/build/rover__description/build', 'install', '--record', '/app/project/build/rover__description/install.log', '--single-version-externally-managed', 'install_data'], 'cwd': '/app/project/src/rover__description', 'env': {'HOSTNAME': 'linux-portatil', 'SHLVL': '1', 'LD_LIBRARY_PATH': '/usr/lib/x86_64-linux-gnu/gazebo-11/plugins:/opt/ros/humble/opt/rviz_ogre_vendor/lib:/opt/ros/humble/lib/x86_64-linux-gnu:/opt/ros/humble/lib', 'HOME': '/root', 'OLDPWD': '/app', 'ROS_PYTHON_VERSION': '3', 'COLCON_PREFIX_PATH': '/app/project/install', 'ROS_DISTRO': 'humble', '_': '/usr/bin/colcon', 'ROS_VERSION': '2', 'ROS_LOCALHOST_ONLY': '0', 'PATH': '/opt/ros/humble/bin:/app/simulator/scripts:/home/linuxbrew/.linuxbrew/bin:/opt/st/stm32cubeide_1.19.0:/home/linuxbrew/.linuxbrew/bin:/opt/st/stm32cubeide_1.19.0:/home/joao41/.local/bin:/home/joao41/bin:/usr/local/sbin:/usr/local/bin:/usr/sbin:/usr/bin:/sbin:/bin:/usr/games:/usr/local/games:/snap/bin:/snap/bin', 'DISPLAY': ':0', 'LANG': 'C.UTF-8', 'AMENT_PREFIX_PATH': '/app/project/install/base_link_t1_description:/app/project/install/base_link_p3_description:/app/project/install/base_link_description:/opt/ros/humble', 'PWD': '/app/project/build/rover__description', 'LC_ALL': 'C.UTF-8', 'PYTHONPATH': '/app/project/build/rover__description/prefix_override:/usr/lib/python3/dist-packages/colcon_core/task/python/colcon_distutils_commands:/app/project/install/rover__description/lib/python3.10/site-packages:/app/project/install/base_link_t1_description/lib/python3.10/site-packages:/app/project/install/base_link_p3_description/lib/python3.10/site-packages:/app/project/install/base_link_description/lib/python3.10/site-packages:/opt/ros/humble/lib/python3.10/site-packages:/opt/ros/humble/local/lib/python3.10/dist-packages', 'COLCON': '1'}, 'shell': False}
[1.202351] (-) TimerEvent: {}
[1.302522] (-) TimerEvent: {}
[1.327777] (robot_test_description) StdoutLine: {'line': b'running egg_info\n'}
[1.328344] (robot_test_description) StdoutLine: {'line': b'creating ../../build/robot_test_description/robot_test_description.egg-info\n'}
[1.328553] (robot_test_description) StdoutLine: {'line': b'writing ../../build/robot_test_description/robot_test_description.egg-info/PKG-INFO\n'}
[1.328753] (robot_test_description) StdoutLine: {'line': b'writing dependency_links to ../../build/robot_test_description/robot_test_description.egg-info/dependency_links.txt\n'}
[1.328921] (robot_test_description) StdoutLine: {'line': b'writing entry points to ../../build/robot_test_description/robot_test_description.egg-info/entry_points.txt\n'}
[1.329092] (robot_test_description) StdoutLine: {'line': b'writing requirements to ../../build/robot_test_description/robot_test_description.egg-info/requires.txt\n'}
[1.329196] (robot_test_description) StdoutLine: {'line': b'writing top-level names to ../../build/robot_test_description/robot_test_description.egg-info/top_level.txt\n'}
[1.329329] (robot_test_description) StdoutLine: {'line': b"writing manifest file '../../build/robot_test_description/robot_test_description.egg-info/SOURCES.txt'\n"}
[1.330970] (robot_test_description) StdoutLine: {'line': b"reading manifest file '../../build/robot_test_description/robot_test_description.egg-info/SOURCES.txt'\n"}
[1.331730] (robot_test_description) StdoutLine: {'line': b"writing manifest file '../../build/robot_test_description/robot_test_description.egg-info/SOURCES.txt'\n"}
[1.331901] (robot_test_description) StdoutLine: {'line': b'running build\n'}
[1.331990] (robot_test_description) StdoutLine: {'line': b'running build_py\n'}
[1.332252] (robot_test_description) StdoutLine: {'line': b'creating /app/project/build/robot_test_description/build\n'}
[1.332345] (robot_test_description) StdoutLine: {'line': b'creating /app/project/build/robot_test_description/build/lib\n'}
[1.332402] (robot_test_description) StdoutLine: {'line': b'creating /app/project/build/robot_test_description/build/lib/robot_test_description\n'}
[1.332449] (robot_test_description) StdoutLine: {'line': b'copying robot_test_description/__init__.py -> /app/project/build/robot_test_description/build/lib/robot_test_description\n'}
[1.332703] (robot_test_description) StdoutLine: {'line': b'running install\n'}
[1.333022] (robot_test_description) StdoutLine: {'line': b'running install_lib\n'}
[1.333744] (robot_test_description) StdoutLine: {'line': b'creating /app/project/install/robot_test_description/lib/python3.10/site-packages/robot_test_description\n'}
[1.333923] (robot_test_description) StdoutLine: {'line': b'copying /app/project/build/robot_test_description/build/lib/robot_test_description/__init__.py -> /app/project/install/robot_test_description/lib/python3.10/site-packages/robot_test_description\n'}
[1.334604] (robot_test_description) StdoutLine: {'line': b'byte-compiling /app/project/install/robot_test_description/lib/python3.10/site-packages/robot_test_description/__init__.py to __init__.cpython-310.pyc\n'}
[1.334957] (robot_test_description) StdoutLine: {'line': b'running install_data\n'}
[1.335123] (robot_test_description) StdoutLine: {'line': b'creating /app/project/install/robot_test_description/share/ament_index\n'}
[1.335264] (robot_test_description) StdoutLine: {'line': b'creating /app/project/install/robot_test_description/share/ament_index/resource_index\n'}
[1.335354] (robot_test_description) StdoutLine: {'line': b'creating /app/project/install/robot_test_description/share/ament_index/resource_index/packages\n'}
[1.335474] (robot_test_description) StdoutLine: {'line': b'copying resource/robot_test_description -> /app/project/install/robot_test_description/share/ament_index/resource_index/packages\n'}
[1.335581] (robot_test_description) StdoutLine: {'line': b'copying package.xml -> /app/project/install/robot_test_description/share/robot_test_description\n'}
[1.335796] (robot_test_description) StdoutLine: {'line': b'creating /app/project/install/robot_test_description/share/robot_test_description/launch\n'}
[1.335889] (robot_test_description) StdoutLine: {'line': b'copying launch/gazebo.launch.py -> /app/project/install/robot_test_description/share/robot_test_description/launch\n'}
[1.335941] (robot_test_description) StdoutLine: {'line': b'copying launch/display.launch.py -> /app/project/install/robot_test_description/share/robot_test_description/launch\n'}
[1.335987] (robot_test_description) StdoutLine: {'line': b'creating /app/project/install/robot_test_description/share/robot_test_description/urdf\n'}
[1.336050] (robot_test_description) StdoutLine: {'line': b'copying urdf/robot_test.gazebo -> /app/project/install/robot_test_description/share/robot_test_description/urdf\n'}
[1.336095] (robot_test_description) StdoutLine: {'line': b'copying urdf/robot_test.ros2control -> /app/project/install/robot_test_description/share/robot_test_description/urdf\n'}
[1.336235] (robot_test_description) StdoutLine: {'line': b'copying urdf/robot_test.xacro -> /app/project/install/robot_test_description/share/robot_test_description/urdf\n'}
[1.336275] (robot_test_description) StdoutLine: {'line': b'copying urdf/materials.xacro -> /app/project/install/robot_test_description/share/robot_test_description/urdf\n'}
[1.336313] (robot_test_description) StdoutLine: {'line': b'creating /app/project/install/robot_test_description/share/robot_test_description/meshes\n'}
[1.336358] (robot_test_description) StdoutLine: {'line': b'copying meshes/base_link.stl -> /app/project/install/robot_test_description/share/robot_test_description/meshes\n'}
[1.336478] (robot_test_description) StdoutLine: {'line': b'copying meshes/body_one_1.stl -> /app/project/install/robot_test_description/share/robot_test_description/meshes\n'}
[1.336617] (robot_test_description) StdoutLine: {'line': b'creating /app/project/install/robot_test_description/share/robot_test_description/config\n'}
[1.336711] (robot_test_description) StdoutLine: {'line': b'copying config/ros_gz_bridge_gazebo.yaml -> /app/project/install/robot_test_description/share/robot_test_description/config\n'}
[1.336838] (robot_test_description) StdoutLine: {'line': b'copying config/display.rviz -> /app/project/install/robot_test_description/share/robot_test_description/config\n'}
[1.336944] (robot_test_description) StdoutLine: {'line': b'copying config/gazebo.rviz -> /app/project/install/robot_test_description/share/robot_test_description/config\n'}
[1.337030] (robot_test_description) StdoutLine: {'line': b'running install_egg_info\n'}
[1.339457] (robot_test_description) StdoutLine: {'line': b'Copying ../../build/robot_test_description/robot_test_description.egg-info to /app/project/install/robot_test_description/lib/python3.10/site-packages/robot_test_description-0.0.0-py3.10.egg-info\n'}
[1.340354] (robot_test_description) StdoutLine: {'line': b'running install_scripts\n'}
[1.340938] (rover__description) StdoutLine: {'line': b'running egg_info\n'}
[1.341951] (rover__description) StdoutLine: {'line': b'creating ../../build/rover__description/rover_description.egg-info\n'}
[1.342211] (rover__description) StdoutLine: {'line': b'writing ../../build/rover__description/rover_description.egg-info/PKG-INFO\n'}
[1.342519] (rover__description) StdoutLine: {'line': b'writing dependency_links to ../../build/rover__description/rover_description.egg-info/dependency_links.txt\n'}
[1.342640] (rover__description) StdoutLine: {'line': b'writing entry points to ../../build/rover__description/rover_description.egg-info/entry_points.txt\n'}
[1.342770] (rover__description) StdoutLine: {'line': b'writing requirements to ../../build/rover__description/rover_description.egg-info/requires.txt\n'}
[1.342882] (rover__description) StdoutLine: {'line': b'writing top-level names to ../../build/rover__description/rover_description.egg-info/top_level.txt\n'}
[1.343138] (rover__description) StdoutLine: {'line': b"writing manifest file '../../build/rover__description/rover_description.egg-info/SOURCES.txt'\n"}
[1.345664] (base_link_p3_description) StdoutLine: {'line': b'running egg_info\n'}
[1.345797] (rover__description) StdoutLine: {'line': b"reading manifest file '../../build/rover__description/rover_description.egg-info/SOURCES.txt'\n"}
[1.346443] (rover__description) StdoutLine: {'line': b"writing manifest file '../../build/rover__description/rover_description.egg-info/SOURCES.txt'\n"}
[1.346602] (rover__description) StdoutLine: {'line': b'running build\n'}
[1.346699] (rover__description) StdoutLine: {'line': b'running build_py\n'}
[1.347011] (base_link_p3_description) StdoutLine: {'line': b'writing ../../build/base_link_p3_description/base_link_p3_description.egg-info/PKG-INFO\n'}
[1.347146] (rover__description) StdoutLine: {'line': b'creating /app/project/build/rover__description/build\n'}
[1.347330] (rover__description) StdoutLine: {'line': b'creating /app/project/build/rover__description/build/lib\n'}
[1.347376] (rover__description) StdoutLine: {'line': b'creating /app/project/build/rover__description/build/lib/rover__description\n'}
[1.347425] (base_link_p3_description) StdoutLine: {'line': b'writing dependency_links to ../../build/base_link_p3_description/base_link_p3_description.egg-info/dependency_links.txt\n'}
[1.347471] (rover__description) StdoutLine: {'line': b'copying rover__description/__init__.py -> /app/project/build/rover__description/build/lib/rover__description\n'}
[1.347510] (base_link_p3_description) StdoutLine: {'line': b'writing entry points to ../../build/base_link_p3_description/base_link_p3_description.egg-info/entry_points.txt\n'}
[1.347552] (rover__description) StdoutLine: {'line': b'running install\n'}
[1.347594] (base_link_p3_description) StdoutLine: {'line': b'writing requirements to ../../build/base_link_p3_description/base_link_p3_description.egg-info/requires.txt\n'}
[1.347635] (base_link_p3_description) StdoutLine: {'line': b'writing top-level names to ../../build/base_link_p3_description/base_link_p3_description.egg-info/top_level.txt\n'}
[1.347766] (rover__description) StdoutLine: {'line': b'running install_lib\n'}
[1.348389] (rover__description) StdoutLine: {'line': b'creating /app/project/install/rover__description/lib/python3.10/site-packages/rover__description\n'}
[1.348510] (rover__description) StdoutLine: {'line': b'copying /app/project/build/rover__description/build/lib/rover__description/__init__.py -> /app/project/install/rover__description/lib/python3.10/site-packages/rover__description\n'}
[1.349097] (rover__description) StdoutLine: {'line': b'byte-compiling /app/project/install/rover__description/lib/python3.10/site-packages/rover__description/__init__.py to __init__.cpython-310.pyc\n'}
[1.349330] (rover__description) StdoutLine: {'line': b'running install_data\n'}
[1.349639] (rover__description) StdoutLine: {'line': b'creating /app/project/install/rover__description/share/ament_index\n'}
[1.349813] (rover__description) StdoutLine: {'line': b'creating /app/project/install/rover__description/share/ament_index/resource_index\n'}
[1.349895] (base_link_p3_description) StdoutLine: {'line': b"reading manifest file '../../build/base_link_p3_description/base_link_p3_description.egg-info/SOURCES.txt'\n"}
[1.350064] (rover__description) StdoutLine: {'line': b'creating /app/project/install/rover__description/share/ament_index/resource_index/packages\n'}
[1.350117] (rover__description) StdoutLine: {'line': b'copying resource/rover__description -> /app/project/install/rover__description/share/ament_index/resource_index/packages\n'}
[1.350184] (rover__description) StdoutLine: {'line': b'copying package.xml -> /app/project/install/rover__description/share/rover__description\n'}
[1.350247] (rover__description) StdoutLine: {'line': b'creating /app/project/install/rover__description/share/rover__description/launch\n'}
[1.350306] (rover__description) StdoutLine: {'line': b'copying launch/gazebo.launch.py -> /app/project/install/rover__description/share/rover__description/launch\n'}
[1.350487] (rover__description) StdoutLine: {'line': b'copying launch/display.launch.py -> /app/project/install/rover__description/share/rover__description/launch\n'}
[1.350652] (rover__description) StdoutLine: {'line': b'creating /app/project/install/rover__description/share/rover__description/urdf\n'}
[1.350858] (rover__description) StdoutLine: {'line': b'copying urdf/rover_.ros2control -> /app/project/install/rover__description/share/rover__description/urdf\n'}
[1.350945] (rover__description) StdoutLine: {'line': b'copying urdf/rover_.xacro -> /app/project/install/rover__description/share/rover__description/urdf\n'}
[1.351017] (rover__description) StdoutLine: {'line': b'copying urdf/rover_.gazebo -> /app/project/install/rover__description/share/rover__description/urdf\n'}
[1.351241] (rover__description) StdoutLine: {'line': b'copying urdf/materials.xacro -> /app/project/install/rover__description/share/rover__description/urdf\n'}
[1.351317] (rover__description) StdoutLine: {'line': b'creating /app/project/install/rover__description/share/rover__description/meshes\n'}
[1.351402] (base_link_p3_description) StdoutLine: {'line': b"writing manifest file '../../build/base_link_p3_description/base_link_p3_description.egg-info/SOURCES.txt'\n"}
[1.351559] (base_link_p3_description) StdoutLine: {'line': b'running build\n'}
[1.351633] (base_link_p3_description) StdoutLine: {'line': b'running build_py\n'}
[1.351726] (rover__description) StdoutLine: {'line': b'copying meshes/base_link.stl -> /app/project/install/rover__description/share/rover__description/meshes\n'}
[1.351863] (base_link_p3_description) StdoutLine: {'line': b'running install\n'}
[1.351946] (base_link_p3_description) StdoutLine: {'line': b'running install_lib\n'}
[1.354047] (base_link_p3_description) StdoutLine: {'line': b'running install_data\n'}
[1.354325] (base_link_p3_description) StdoutLine: {'line': b'copying launch/gazebo.launch.py -> /app/project/install/base_link_p3_description/share/base_link_p3_description/launch\n'}
[1.354499] (base_link_p3_description) StdoutLine: {'line': b'copying urdf/base_link_p3.xacro -> /app/project/install/base_link_p3_description/share/base_link_p3_description/urdf\n'}
[1.354648] (base_link_p3_description) StdoutLine: {'line': b'copying urdf/base_link_p3.gazebo -> /app/project/install/base_link_p3_description/share/base_link_p3_description/urdf\n'}
[1.354864] (base_link_p3_description) StdoutLine: {'line': b'copying urdf/base_link_p3.ros2control -> /app/project/install/base_link_p3_description/share/base_link_p3_description/urdf\n'}
[1.355079] (base_link_p3_description) StdoutLine: {'line': b'copying meshes/body_5.stl -> /app/project/install/base_link_p3_description/share/base_link_p3_description/meshes\n'}
[1.355358] (rover__description) StdoutLine: {'line': b'copying meshes/body_four_2.stl -> /app/project/install/rover__description/share/rover__description/meshes\n'}
[1.357718] (rover__description) StdoutLine: {'line': b'copying meshes/body_three_1.stl -> /app/project/install/rover__description/share/rover__description/meshes\n'}
[1.363098] (rover__description) StdoutLine: {'line': b'copying meshes/body_two_1.stl -> /app/project/install/rover__description/share/rover__description/meshes\n'}
[1.364031] (base_link_p3_description) StdoutLine: {'line': b'copying meshes/body_3.stl -> /app/project/install/base_link_p3_description/share/base_link_p3_description/meshes\n'}
[1.365049] (robot_test_description) StdoutLine: {'line': b"writing list of installed files to '/app/project/build/robot_test_description/install.log'\n"}
[1.374879] (base_link_p3_description) StdoutLine: {'line': b'copying meshes/body_4.stl -> /app/project/install/base_link_p3_description/share/base_link_p3_description/meshes\n'}
[1.384050] (rover__description) StdoutLine: {'line': b'creating /app/project/install/rover__description/share/rover__description/config\n'}
[1.384222] (base_link_p3_description) StdoutLine: {'line': b'copying meshes/body_1.stl -> /app/project/install/base_link_p3_description/share/base_link_p3_description/meshes\n'}
[1.384385] (rover__description) StdoutLine: {'line': b'copying config/ros_gz_bridge_gazebo.yaml -> /app/project/install/rover__description/share/rover__description/config\n'}
[1.384501] (rover__description) StdoutLine: {'line': b'copying config/display.rviz -> /app/project/install/rover__description/share/rover__description/config\n'}
[1.384562] (rover__description) StdoutLine: {'line': b'copying config/gazebo.rviz -> /app/project/install/rover__description/share/rover__description/config\n'}
[1.384670] (rover__description) StdoutLine: {'line': b'running install_egg_info\n'}
[1.386992] (rover__description) StdoutLine: {'line': b'Copying ../../build/rover__description/rover_description.egg-info to /app/project/install/rover__description/lib/python3.10/site-packages/rover_description-0.0.0-py3.10.egg-info\n'}
[1.388104] (rover__description) StdoutLine: {'line': b'running install_scripts\n'}
[1.389292] (base_link_p3_description) StdoutLine: {'line': b'copying meshes/Parte6_3.stl -> /app/project/install/base_link_p3_description/share/base_link_p3_description/meshes\n'}
[1.390995] (base_link_p3_description) StdoutLine: {'line': b'copying meshes/Parte6_5.stl -> /app/project/install/base_link_p3_description/share/base_link_p3_description/meshes\n'}
[1.393046] (base_link_p3_description) StdoutLine: {'line': b'copying meshes/Parte6_2.stl -> /app/project/install/base_link_p3_description/share/base_link_p3_description/meshes\n'}
[1.394071] (robot_test_description) CommandEnded: {'returncode': 0}
[1.415929] (-) TimerEvent: {}
[1.426326] (robot_test_description) JobEnded: {'identifier': 'robot_test_description', 'rc': 0}
[1.426558] (base_link_p3_description) StdoutLine: {'line': b'copying meshes/Parte1__17__2.stl -> /app/project/install/base_link_p3_description/share/base_link_p3_description/meshes\n'}
[1.426650] (base_link_p3_description) StdoutLine: {'line': b'copying meshes/Parte6_4.stl -> /app/project/install/base_link_p3_description/share/base_link_p3_description/meshes\n'}
[1.426731] (base_link_p3_description) StdoutLine: {'line': b'running install_egg_info\n'}
[1.426779] (base_link_p3_description) StdoutLine: {'line': b"removing '/app/project/install/base_link_p3_description/lib/python3.10/site-packages/base_link_p3_description-0.0.0-py3.10.egg-info' (and everything under it)\n"}
[1.426823] (base_link_p3_description) StdoutLine: {'line': b'Copying ../../build/base_link_p3_description/base_link_p3_description.egg-info to /app/project/install/base_link_p3_description/lib/python3.10/site-packages/base_link_p3_description-0.0.0-py3.10.egg-info\n'}
[1.426865] (base_link_p3_description) StdoutLine: {'line': b'running install_scripts\n'}
[1.426929] (rover__description) StdoutLine: {'line': b"writing list of installed files to '/app/project/build/rover__description/install.log'\n"}
[1.434283] (rover__description) CommandEnded: {'returncode': 0}
[1.440015] (rover__description) JobEnded: {'identifier': 'rover__description', 'rc': 0}
[1.440241] (base_link_p3_description) StdoutLine: {'line': b"writing list of installed files to '/app/project/build/base_link_p3_description/install.log'\n"}
[1.464464] (base_link_p3_description) CommandEnded: {'returncode': 0}
[1.470578] (base_link_p3_description) JobEnded: {'identifier': 'base_link_p3_description', 'rc': 0}
[1.470996] (-) EventReactorShutdown: {}
