running egg_info
creating ../../build/rover__description/rover_description.egg-info
writing ../../build/rover__description/rover_description.egg-info/PKG-INFO
writing dependency_links to ../../build/rover__description/rover_description.egg-info/dependency_links.txt
writing entry points to ../../build/rover__description/rover_description.egg-info/entry_points.txt
writing requirements to ../../build/rover__description/rover_description.egg-info/requires.txt
writing top-level names to ../../build/rover__description/rover_description.egg-info/top_level.txt
writing manifest file '../../build/rover__description/rover_description.egg-info/SOURCES.txt'
reading manifest file '../../build/rover__description/rover_description.egg-info/SOURCES.txt'
writing manifest file '../../build/rover__description/rover_description.egg-info/SOURCES.txt'
running build
running build_py
creating /app/project/build/rover__description/build
creating /app/project/build/rover__description/build/lib
creating /app/project/build/rover__description/build/lib/rover__description
copying rover__description/__init__.py -> /app/project/build/rover__description/build/lib/rover__description
running install
running install_lib
creating /app/project/install/rover__description/lib/python3.10/site-packages/rover__description
copying /app/project/build/rover__description/build/lib/rover__description/__init__.py -> /app/project/install/rover__description/lib/python3.10/site-packages/rover__description
byte-compiling /app/project/install/rover__description/lib/python3.10/site-packages/rover__description/__init__.py to __init__.cpython-310.pyc
running install_data
creating /app/project/install/rover__description/share/ament_index
creating /app/project/install/rover__description/share/ament_index/resource_index
creating /app/project/install/rover__description/share/ament_index/resource_index/packages
copying resource/rover__description -> /app/project/install/rover__description/share/ament_index/resource_index/packages
copying package.xml -> /app/project/install/rover__description/share/rover__description
creating /app/project/install/rover__description/share/rover__description/launch
copying launch/gazebo.launch.py -> /app/project/install/rover__description/share/rover__description/launch
copying launch/display.launch.py -> /app/project/install/rover__description/share/rover__description/launch
creating /app/project/install/rover__description/share/rover__description/urdf
copying urdf/rover_.ros2control -> /app/project/install/rover__description/share/rover__description/urdf
copying urdf/rover_.xacro -> /app/project/install/rover__description/share/rover__description/urdf
copying urdf/rover_.gazebo -> /app/project/install/rover__description/share/rover__description/urdf
copying urdf/materials.xacro -> /app/project/install/rover__description/share/rover__description/urdf
creating /app/project/install/rover__description/share/rover__description/meshes
copying meshes/base_link.stl -> /app/project/install/rover__description/share/rover__description/meshes
copying meshes/body_four_2.stl -> /app/project/install/rover__description/share/rover__description/meshes
copying meshes/body_three_1.stl -> /app/project/install/rover__description/share/rover__description/meshes
copying meshes/body_two_1.stl -> /app/project/install/rover__description/share/rover__description/meshes
creating /app/project/install/rover__description/share/rover__description/config
copying config/ros_gz_bridge_gazebo.yaml -> /app/project/install/rover__description/share/rover__description/config
copying config/display.rviz -> /app/project/install/rover__description/share/rover__description/config
copying config/gazebo.rviz -> /app/project/install/rover__description/share/rover__description/config
running install_egg_info
Copying ../../build/rover__description/rover_description.egg-info to /app/project/install/rover__description/lib/python3.10/site-packages/rover_description-0.0.0-py3.10.egg-info
running install_scripts
writing list of installed files to '/app/project/build/rover__description/install.log'
