[1.878s] Invoking command in '/app/project/src/rover__description': PYTHONPATH=/app/project/build/rover__description/prefix_override:/usr/lib/python3/dist-packages/colcon_core/task/python/colcon_distutils_commands:/app/project/install/rover__description/lib/python3.10/site-packages:${PYTHONPATH} /usr/bin/python3 -W ignore:setup.py install is deprecated -W ignore:easy_install command is deprecated setup.py egg_info --egg-base ../../build/rover__description build --build-base /app/project/build/rover__description/build install --record /app/project/build/rover__description/install.log --single-version-externally-managed install_data
[2.226s] running egg_info
[2.227s] writing ../../build/rover__description/rover_description.egg-info/PKG-INFO
[2.228s] writing dependency_links to ../../build/rover__description/rover_description.egg-info/dependency_links.txt
[2.228s] writing entry points to ../../build/rover__description/rover_description.egg-info/entry_points.txt
[2.228s] writing requirements to ../../build/rover__description/rover_description.egg-info/requires.txt
[2.229s] writing top-level names to ../../build/rover__description/rover_description.egg-info/top_level.txt
[2.232s] reading manifest file '../../build/rover__description/rover_description.egg-info/SOURCES.txt'
[2.235s] writing manifest file '../../build/rover__description/rover_description.egg-info/SOURCES.txt'
[2.236s] running build
[2.236s] running build_py
[2.236s] running install
[2.236s] running install_lib
[2.237s] running install_data
[2.238s] running install_egg_info
[2.240s] removing '/app/project/install/rover__description/lib/python3.10/site-packages/rover_description-0.0.0-py3.10.egg-info' (and everything under it)
[2.241s] Copying ../../build/rover__description/rover_description.egg-info to /app/project/install/rover__description/lib/python3.10/site-packages/rover_description-0.0.0-py3.10.egg-info
[2.243s] running install_scripts
[2.275s] writing list of installed files to '/app/project/build/rover__description/install.log'
[2.354s] Invoked command in '/app/project/src/rover__description' returned '0': PYTHONPATH=/app/project/build/rover__description/prefix_override:/usr/lib/python3/dist-packages/colcon_core/task/python/colcon_distutils_commands:/app/project/install/rover__description/lib/python3.10/site-packages:${PYTHONPATH} /usr/bin/python3 -W ignore:setup.py install is deprecated -W ignore:easy_install command is deprecated setup.py egg_info --egg-base ../../build/rover__description build --build-base /app/project/build/rover__description/build install --record /app/project/build/rover__description/install.log --single-version-externally-managed install_data
