[0.104s] DEBUG:colcon:Command line arguments: ['/usr/bin/colcon', 'build']
[0.104s] DEBUG:colcon:Parsed command line arguments: Namespace(log_base=None, log_level=None, verb_name='build', build_base='build', install_base='install', merge_install=False, symlink_install=False, test_result_base=None, continue_on_error=False, executor='parallel', parallel_workers=16, event_handlers=None, ignore_user_meta=False, metas=['./colcon.meta'], base_paths=['.'], packages_ignore=None, packages_ignore_regex=None, paths=None, packages_up_to=None, packages_up_to_regex=None, packages_above=None, packages_above_and_dependencies=None, packages_above_depth=None, packages_select_by_dep=None, packages_skip_by_dep=None, packages_skip_up_to=None, packages_select_build_failed=False, packages_skip_build_finished=False, packages_select_test_failures=False, packages_skip_test_passed=False, packages_select=None, packages_skip=None, packages_select_regex=None, packages_skip_regex=None, packages_start=None, packages_end=None, cmake_args=None, cmake_target=None, cmake_target_skip_unavailable=False, cmake_clean_cache=False, cmake_clean_first=False, cmake_force_configure=False, ament_cmake_args=None, catkin_cmake_args=None, catkin_skip_building_tests=False, mixin_files=None, mixin=None, verb_parser=<colcon_mixin.mixin.mixin_argument.MixinArgumentDecorator object at 0x72e85f4b4cd0>, verb_extension=<colcon_core.verb.build.BuildVerb object at 0x72e85f4b4610>, main=<bound method BuildVerb.main of <colcon_core.verb.build.BuildVerb object at 0x72e85f4b4610>>, mixin_verb=('build',))
[0.250s] Level 1:colcon.colcon_core.package_discovery:discover_packages(colcon_meta) check parameters
[0.251s] INFO:colcon.colcon_metadata.package_discovery.colcon_meta:Using configuration from '/root/.colcon/metadata/default/Gazebo.meta'
[0.251s] INFO:colcon.colcon_metadata.package_discovery.colcon_meta:Using configuration from '/root/.colcon/metadata/default/fastdds.meta'
[0.252s] INFO:colcon.colcon_metadata.package_discovery.colcon_meta:Using configuration from '/root/.colcon/metadata/default/fastrtps.meta'
[0.252s] Level 1:colcon.colcon_core.package_discovery:discover_packages(recursive) check parameters
[0.252s] Level 1:colcon.colcon_core.package_discovery:discover_packages(ignore) check parameters
[0.252s] Level 1:colcon.colcon_core.package_discovery:discover_packages(path) check parameters
[0.252s] Level 1:colcon.colcon_core.package_discovery:discover_packages(colcon_meta) discover
[0.252s] Level 1:colcon.colcon_core.package_discovery:discover_packages(recursive) discover
[0.252s] INFO:colcon.colcon_core.package_discovery:Crawling recursively for packages in '/app/project'
[0.252s] Level 1:colcon.colcon_core.package_identification:_identify(.) by extensions ['ignore', 'ignore_ament_install']
[0.252s] Level 1:colcon.colcon_core.package_identification:_identify(.) by extension 'ignore'
[0.252s] Level 1:colcon.colcon_core.package_identification:_identify(.) by extension 'ignore_ament_install'
[0.252s] Level 1:colcon.colcon_core.package_identification:_identify(.) by extensions ['colcon_pkg']
[0.252s] Level 1:colcon.colcon_core.package_identification:_identify(.) by extension 'colcon_pkg'
[0.252s] Level 1:colcon.colcon_core.package_identification:_identify(.) by extensions ['colcon_meta']
[0.252s] Level 1:colcon.colcon_core.package_identification:_identify(.) by extension 'colcon_meta'
[0.252s] Level 1:colcon.colcon_core.package_identification:_identify(.) by extensions ['ros']
[0.252s] Level 1:colcon.colcon_core.package_identification:_identify(.) by extension 'ros'
[0.264s] Level 1:colcon.colcon_core.package_identification:_identify(.) by extensions ['cmake', 'python']
[0.264s] Level 1:colcon.colcon_core.package_identification:_identify(.) by extension 'cmake'
[0.264s] Level 1:colcon.colcon_core.package_identification:_identify(.) by extension 'python'
[0.264s] Level 1:colcon.colcon_core.package_identification:_identify(.) by extensions ['python_setup_py']
[0.264s] Level 1:colcon.colcon_core.package_identification:_identify(.) by extension 'python_setup_py'
[0.264s] Level 1:colcon.colcon_core.package_identification:_identify(build) by extensions ['ignore', 'ignore_ament_install']
[0.264s] Level 1:colcon.colcon_core.package_identification:_identify(build) by extension 'ignore'
[0.264s] Level 1:colcon.colcon_core.package_identification:_identify(build) ignored
[0.264s] Level 1:colcon.colcon_core.package_identification:_identify(install) by extensions ['ignore', 'ignore_ament_install']
[0.264s] Level 1:colcon.colcon_core.package_identification:_identify(install) by extension 'ignore'
[0.264s] Level 1:colcon.colcon_core.package_identification:_identify(install) ignored
[0.265s] Level 1:colcon.colcon_core.package_identification:_identify(log) by extensions ['ignore', 'ignore_ament_install']
[0.265s] Level 1:colcon.colcon_core.package_identification:_identify(log) by extension 'ignore'
[0.265s] Level 1:colcon.colcon_core.package_identification:_identify(log) ignored
[0.265s] Level 1:colcon.colcon_core.package_identification:_identify(scripts) by extensions ['ignore', 'ignore_ament_install']
[0.265s] Level 1:colcon.colcon_core.package_identification:_identify(scripts) by extension 'ignore'
[0.265s] Level 1:colcon.colcon_core.package_identification:_identify(scripts) by extension 'ignore_ament_install'
[0.265s] Level 1:colcon.colcon_core.package_identification:_identify(scripts) by extensions ['colcon_pkg']
[0.265s] Level 1:colcon.colcon_core.package_identification:_identify(scripts) by extension 'colcon_pkg'
[0.265s] Level 1:colcon.colcon_core.package_identification:_identify(scripts) by extensions ['colcon_meta']
[0.265s] Level 1:colcon.colcon_core.package_identification:_identify(scripts) by extension 'colcon_meta'
[0.265s] Level 1:colcon.colcon_core.package_identification:_identify(scripts) by extensions ['ros']
[0.265s] Level 1:colcon.colcon_core.package_identification:_identify(scripts) by extension 'ros'
[0.265s] Level 1:colcon.colcon_core.package_identification:_identify(scripts) by extensions ['cmake', 'python']
[0.265s] Level 1:colcon.colcon_core.package_identification:_identify(scripts) by extension 'cmake'
[0.265s] Level 1:colcon.colcon_core.package_identification:_identify(scripts) by extension 'python'
[0.265s] Level 1:colcon.colcon_core.package_identification:_identify(scripts) by extensions ['python_setup_py']
[0.265s] Level 1:colcon.colcon_core.package_identification:_identify(scripts) by extension 'python_setup_py'
[0.265s] Level 1:colcon.colcon_core.package_identification:_identify(src) by extensions ['ignore', 'ignore_ament_install']
[0.265s] Level 1:colcon.colcon_core.package_identification:_identify(src) by extension 'ignore'
[0.265s] Level 1:colcon.colcon_core.package_identification:_identify(src) by extension 'ignore_ament_install'
[0.265s] Level 1:colcon.colcon_core.package_identification:_identify(src) by extensions ['colcon_pkg']
[0.265s] Level 1:colcon.colcon_core.package_identification:_identify(src) by extension 'colcon_pkg'
[0.265s] Level 1:colcon.colcon_core.package_identification:_identify(src) by extensions ['colcon_meta']
[0.266s] Level 1:colcon.colcon_core.package_identification:_identify(src) by extension 'colcon_meta'
[0.266s] Level 1:colcon.colcon_core.package_identification:_identify(src) by extensions ['ros']
[0.266s] Level 1:colcon.colcon_core.package_identification:_identify(src) by extension 'ros'
[0.266s] Level 1:colcon.colcon_core.package_identification:_identify(src) by extensions ['cmake', 'python']
[0.266s] Level 1:colcon.colcon_core.package_identification:_identify(src) by extension 'cmake'
[0.266s] Level 1:colcon.colcon_core.package_identification:_identify(src) by extension 'python'
[0.266s] Level 1:colcon.colcon_core.package_identification:_identify(src) by extensions ['python_setup_py']
[0.266s] Level 1:colcon.colcon_core.package_identification:_identify(src) by extension 'python_setup_py'
[0.266s] Level 1:colcon.colcon_core.package_identification:_identify(src/base_link_p3_description) by extensions ['ignore', 'ignore_ament_install']
[0.266s] Level 1:colcon.colcon_core.package_identification:_identify(src/base_link_p3_description) by extension 'ignore'
[0.266s] Level 1:colcon.colcon_core.package_identification:_identify(src/base_link_p3_description) by extension 'ignore_ament_install'
[0.266s] Level 1:colcon.colcon_core.package_identification:_identify(src/base_link_p3_description) by extensions ['colcon_pkg']
[0.266s] Level 1:colcon.colcon_core.package_identification:_identify(src/base_link_p3_description) by extension 'colcon_pkg'
[0.266s] Level 1:colcon.colcon_core.package_identification:_identify(src/base_link_p3_description) by extensions ['colcon_meta']
[0.266s] Level 1:colcon.colcon_core.package_identification:_identify(src/base_link_p3_description) by extension 'colcon_meta'
[0.266s] Level 1:colcon.colcon_core.package_identification:_identify(src/base_link_p3_description) by extensions ['ros']
[0.266s] Level 1:colcon.colcon_core.package_identification:_identify(src/base_link_p3_description) by extension 'ros'
[0.268s] DEBUG:colcon.colcon_core.package_identification:Package 'src/base_link_p3_description' with type 'ros.ament_python' and name 'base_link_p3_description'
[0.268s] Level 1:colcon.colcon_core.package_identification:_identify(src/robot_test_description) by extensions ['ignore', 'ignore_ament_install']
[0.269s] Level 1:colcon.colcon_core.package_identification:_identify(src/robot_test_description) by extension 'ignore'
[0.269s] Level 1:colcon.colcon_core.package_identification:_identify(src/robot_test_description) by extension 'ignore_ament_install'
[0.269s] Level 1:colcon.colcon_core.package_identification:_identify(src/robot_test_description) by extensions ['colcon_pkg']
[0.269s] Level 1:colcon.colcon_core.package_identification:_identify(src/robot_test_description) by extension 'colcon_pkg'
[0.269s] Level 1:colcon.colcon_core.package_identification:_identify(src/robot_test_description) by extensions ['colcon_meta']
[0.269s] Level 1:colcon.colcon_core.package_identification:_identify(src/robot_test_description) by extension 'colcon_meta'
[0.269s] Level 1:colcon.colcon_core.package_identification:_identify(src/robot_test_description) by extensions ['ros']
[0.269s] Level 1:colcon.colcon_core.package_identification:_identify(src/robot_test_description) by extension 'ros'
[0.269s] DEBUG:colcon.colcon_core.package_identification:Package 'src/robot_test_description' with type 'ros.ament_python' and name 'robot_test_description'
[0.270s] Level 1:colcon.colcon_core.package_identification:_identify(src/rover__description) by extensions ['ignore', 'ignore_ament_install']
[0.270s] Level 1:colcon.colcon_core.package_identification:_identify(src/rover__description) by extension 'ignore'
[0.270s] Level 1:colcon.colcon_core.package_identification:_identify(src/rover__description) by extension 'ignore_ament_install'
[0.270s] Level 1:colcon.colcon_core.package_identification:_identify(src/rover__description) by extensions ['colcon_pkg']
[0.270s] Level 1:colcon.colcon_core.package_identification:_identify(src/rover__description) by extension 'colcon_pkg'
[0.270s] Level 1:colcon.colcon_core.package_identification:_identify(src/rover__description) by extensions ['colcon_meta']
[0.270s] Level 1:colcon.colcon_core.package_identification:_identify(src/rover__description) by extension 'colcon_meta'
[0.270s] Level 1:colcon.colcon_core.package_identification:_identify(src/rover__description) by extensions ['ros']
[0.270s] Level 1:colcon.colcon_core.package_identification:_identify(src/rover__description) by extension 'ros'
[0.270s] DEBUG:colcon.colcon_core.package_identification:Package 'src/rover__description' with type 'ros.ament_python' and name 'rover__description'
[0.270s] Level 1:colcon.colcon_core.package_discovery:discover_packages(recursive) using defaults
[0.271s] Level 1:colcon.colcon_core.package_discovery:discover_packages(ignore) discover
[0.271s] Level 1:colcon.colcon_core.package_discovery:discover_packages(ignore) using defaults
[0.271s] Level 1:colcon.colcon_core.package_discovery:discover_packages(path) discover
[0.271s] Level 1:colcon.colcon_core.package_discovery:discover_packages(path) using defaults
[0.291s] Level 5:colcon.colcon_core.verb:set package 'base_link_p3_description' build argument 'cmake_args' from command line to 'None'
[0.291s] Level 5:colcon.colcon_core.verb:set package 'base_link_p3_description' build argument 'cmake_target' from command line to 'None'
[0.291s] Level 5:colcon.colcon_core.verb:set package 'base_link_p3_description' build argument 'cmake_target_skip_unavailable' from command line to 'False'
[0.291s] Level 5:colcon.colcon_core.verb:set package 'base_link_p3_description' build argument 'cmake_clean_cache' from command line to 'False'
[0.291s] Level 5:colcon.colcon_core.verb:set package 'base_link_p3_description' build argument 'cmake_clean_first' from command line to 'False'
[0.291s] Level 5:colcon.colcon_core.verb:set package 'base_link_p3_description' build argument 'cmake_force_configure' from command line to 'False'
[0.292s] Level 5:colcon.colcon_core.verb:set package 'base_link_p3_description' build argument 'ament_cmake_args' from command line to 'None'
[0.292s] Level 5:colcon.colcon_core.verb:set package 'base_link_p3_description' build argument 'catkin_cmake_args' from command line to 'None'
[0.292s] Level 5:colcon.colcon_core.verb:set package 'base_link_p3_description' build argument 'catkin_skip_building_tests' from command line to 'False'
[0.292s] DEBUG:colcon.colcon_core.verb:Building package 'base_link_p3_description' with the following arguments: {'ament_cmake_args': None, 'build_base': '/app/project/build/base_link_p3_description', 'catkin_cmake_args': None, 'catkin_skip_building_tests': False, 'cmake_args': None, 'cmake_clean_cache': False, 'cmake_clean_first': False, 'cmake_force_configure': False, 'cmake_target': None, 'cmake_target_skip_unavailable': False, 'install_base': '/app/project/install/base_link_p3_description', 'merge_install': False, 'path': '/app/project/src/base_link_p3_description', 'symlink_install': False, 'test_result_base': None}
[0.292s] Level 5:colcon.colcon_core.verb:set package 'robot_test_description' build argument 'cmake_args' from command line to 'None'
[0.292s] Level 5:colcon.colcon_core.verb:set package 'robot_test_description' build argument 'cmake_target' from command line to 'None'
[0.292s] Level 5:colcon.colcon_core.verb:set package 'robot_test_description' build argument 'cmake_target_skip_unavailable' from command line to 'False'
[0.292s] Level 5:colcon.colcon_core.verb:set package 'robot_test_description' build argument 'cmake_clean_cache' from command line to 'False'
[0.292s] Level 5:colcon.colcon_core.verb:set package 'robot_test_description' build argument 'cmake_clean_first' from command line to 'False'
[0.292s] Level 5:colcon.colcon_core.verb:set package 'robot_test_description' build argument 'cmake_force_configure' from command line to 'False'
[0.292s] Level 5:colcon.colcon_core.verb:set package 'robot_test_description' build argument 'ament_cmake_args' from command line to 'None'
[0.292s] Level 5:colcon.colcon_core.verb:set package 'robot_test_description' build argument 'catkin_cmake_args' from command line to 'None'
[0.292s] Level 5:colcon.colcon_core.verb:set package 'robot_test_description' build argument 'catkin_skip_building_tests' from command line to 'False'
[0.292s] DEBUG:colcon.colcon_core.verb:Building package 'robot_test_description' with the following arguments: {'ament_cmake_args': None, 'build_base': '/app/project/build/robot_test_description', 'catkin_cmake_args': None, 'catkin_skip_building_tests': False, 'cmake_args': None, 'cmake_clean_cache': False, 'cmake_clean_first': False, 'cmake_force_configure': False, 'cmake_target': None, 'cmake_target_skip_unavailable': False, 'install_base': '/app/project/install/robot_test_description', 'merge_install': False, 'path': '/app/project/src/robot_test_description', 'symlink_install': False, 'test_result_base': None}
[0.292s] Level 5:colcon.colcon_core.verb:set package 'rover__description' build argument 'cmake_args' from command line to 'None'
[0.292s] Level 5:colcon.colcon_core.verb:set package 'rover__description' build argument 'cmake_target' from command line to 'None'
[0.292s] Level 5:colcon.colcon_core.verb:set package 'rover__description' build argument 'cmake_target_skip_unavailable' from command line to 'False'
[0.292s] Level 5:colcon.colcon_core.verb:set package 'rover__description' build argument 'cmake_clean_cache' from command line to 'False'
[0.292s] Level 5:colcon.colcon_core.verb:set package 'rover__description' build argument 'cmake_clean_first' from command line to 'False'
[0.292s] Level 5:colcon.colcon_core.verb:set package 'rover__description' build argument 'cmake_force_configure' from command line to 'False'
[0.292s] Level 5:colcon.colcon_core.verb:set package 'rover__description' build argument 'ament_cmake_args' from command line to 'None'
[0.293s] Level 5:colcon.colcon_core.verb:set package 'rover__description' build argument 'catkin_cmake_args' from command line to 'None'
[0.293s] Level 5:colcon.colcon_core.verb:set package 'rover__description' build argument 'catkin_skip_building_tests' from command line to 'False'
[0.293s] DEBUG:colcon.colcon_core.verb:Building package 'rover__description' with the following arguments: {'ament_cmake_args': None, 'build_base': '/app/project/build/rover__description', 'catkin_cmake_args': None, 'catkin_skip_building_tests': False, 'cmake_args': None, 'cmake_clean_cache': False, 'cmake_clean_first': False, 'cmake_force_configure': False, 'cmake_target': None, 'cmake_target_skip_unavailable': False, 'install_base': '/app/project/install/rover__description', 'merge_install': False, 'path': '/app/project/src/rover__description', 'symlink_install': False, 'test_result_base': None}
[0.293s] INFO:colcon.colcon_core.executor:Executing jobs using 'parallel' executor
[0.294s] DEBUG:colcon.colcon_parallel_executor.executor.parallel:run_until_complete
[0.294s] INFO:colcon.colcon_ros.task.ament_python.build:Building ROS package in '/app/project/src/base_link_p3_description' with build type 'ament_python'
[0.294s] Level 1:colcon.colcon_core.shell:create_environment_hook('base_link_p3_description', 'ament_prefix_path')
[0.296s] INFO:colcon.colcon_core.plugin_system:Skipping extension 'colcon_core.shell.bat': Not used on non-Windows systems
[0.296s] INFO:colcon.colcon_core.shell:Creating environment hook '/app/project/install/base_link_p3_description/share/base_link_p3_description/hook/ament_prefix_path.ps1'
[0.297s] INFO:colcon.colcon_core.shell:Creating environment descriptor '/app/project/install/base_link_p3_description/share/base_link_p3_description/hook/ament_prefix_path.dsv'
[0.297s] INFO:colcon.colcon_core.shell:Creating environment hook '/app/project/install/base_link_p3_description/share/base_link_p3_description/hook/ament_prefix_path.sh'
[0.298s] INFO:colcon.colcon_core.shell:Skip shell extension 'powershell' for command environment: Not usable outside of PowerShell
[0.298s] DEBUG:colcon.colcon_core.shell:Skip shell extension 'dsv' for command environment
[0.302s] INFO:colcon.colcon_ros.task.ament_python.build:Building ROS package in '/app/project/src/robot_test_description' with build type 'ament_python'
[0.302s] Level 1:colcon.colcon_core.shell:create_environment_hook('robot_test_description', 'ament_prefix_path')
[0.303s] INFO:colcon.colcon_core.shell:Creating environment hook '/app/project/install/robot_test_description/share/robot_test_description/hook/ament_prefix_path.ps1'
[0.303s] INFO:colcon.colcon_core.shell:Creating environment descriptor '/app/project/install/robot_test_description/share/robot_test_description/hook/ament_prefix_path.dsv'
[0.303s] INFO:colcon.colcon_core.shell:Creating environment hook '/app/project/install/robot_test_description/share/robot_test_description/hook/ament_prefix_path.sh'
[0.304s] INFO:colcon.colcon_core.shell:Skip shell extension 'powershell' for command environment: Not usable outside of PowerShell
[0.304s] DEBUG:colcon.colcon_core.shell:Skip shell extension 'dsv' for command environment
[0.307s] INFO:colcon.colcon_ros.task.ament_python.build:Building ROS package in '/app/project/src/rover__description' with build type 'ament_python'
[0.307s] Level 1:colcon.colcon_core.shell:create_environment_hook('rover__description', 'ament_prefix_path')
[0.308s] INFO:colcon.colcon_core.shell:Creating environment hook '/app/project/install/rover__description/share/rover__description/hook/ament_prefix_path.ps1'
[0.308s] INFO:colcon.colcon_core.shell:Creating environment descriptor '/app/project/install/rover__description/share/rover__description/hook/ament_prefix_path.dsv'
[0.308s] INFO:colcon.colcon_core.shell:Creating environment hook '/app/project/install/rover__description/share/rover__description/hook/ament_prefix_path.sh'
[0.309s] INFO:colcon.colcon_core.shell:Skip shell extension 'powershell' for command environment: Not usable outside of PowerShell
[0.309s] DEBUG:colcon.colcon_core.shell:Skip shell extension 'dsv' for command environment
[0.554s] INFO:colcon.colcon_core.task.python.build:Building Python package in '/app/project/src/base_link_p3_description'
[0.555s] INFO:colcon.colcon_core.shell:Skip shell extension 'powershell' for command environment: Not usable outside of PowerShell
[0.555s] DEBUG:colcon.colcon_core.shell:Skip shell extension 'dsv' for command environment
[0.773s] INFO:colcon.colcon_core.task.python.build:Building Python package in '/app/project/src/robot_test_description'
[0.773s] INFO:colcon.colcon_core.shell:Skip shell extension 'powershell' for command environment: Not usable outside of PowerShell
[0.773s] DEBUG:colcon.colcon_core.shell:Skip shell extension 'dsv' for command environment
[0.999s] INFO:colcon.colcon_core.task.python.build:Building Python package in '/app/project/src/rover__description'
[0.999s] INFO:colcon.colcon_core.shell:Skip shell extension 'powershell' for command environment: Not usable outside of PowerShell
[0.999s] DEBUG:colcon.colcon_core.shell:Skip shell extension 'dsv' for command environment
[1.328s] DEBUG:colcon.colcon_core.event_handler.log_command:Invoking command in '/app/project/src/robot_test_description': PYTHONPATH=/app/project/build/robot_test_description/prefix_override:/usr/lib/python3/dist-packages/colcon_core/task/python/colcon_distutils_commands:/app/project/install/robot_test_description/lib/python3.10/site-packages:${PYTHONPATH} /usr/bin/python3 -W ignore:setup.py install is deprecated -W ignore:easy_install command is deprecated setup.py egg_info --egg-base ../../build/robot_test_description build --build-base /app/project/build/robot_test_description/build install --record /app/project/build/robot_test_description/install.log --single-version-externally-managed install_data
[1.342s] DEBUG:colcon.colcon_core.event_handler.log_command:Invoking command in '/app/project/src/rover__description': PYTHONPATH=/app/project/build/rover__description/prefix_override:/usr/lib/python3/dist-packages/colcon_core/task/python/colcon_distutils_commands:/app/project/install/rover__description/lib/python3.10/site-packages:${PYTHONPATH} /usr/bin/python3 -W ignore:setup.py install is deprecated -W ignore:easy_install command is deprecated setup.py egg_info --egg-base ../../build/rover__description build --build-base /app/project/build/rover__description/build install --record /app/project/build/rover__description/install.log --single-version-externally-managed install_data
[1.347s] DEBUG:colcon.colcon_core.event_handler.log_command:Invoking command in '/app/project/src/base_link_p3_description': PYTHONPATH=/app/project/build/base_link_p3_description/prefix_override:/usr/lib/python3/dist-packages/colcon_core/task/python/colcon_distutils_commands:/app/project/install/base_link_p3_description/lib/python3.10/site-packages:${PYTHONPATH} /usr/bin/python3 -W ignore:setup.py install is deprecated -W ignore:easy_install command is deprecated setup.py egg_info --egg-base ../../build/base_link_p3_description build --build-base /app/project/build/base_link_p3_description/build install --record /app/project/build/base_link_p3_description/install.log --single-version-externally-managed install_data
[1.625s] DEBUG:colcon.colcon_core.event_handler.log_command:Invoked command in '/app/project/src/rover__description' returned '0': PYTHONPATH=/app/project/build/rover__description/prefix_override:/usr/lib/python3/dist-packages/colcon_core/task/python/colcon_distutils_commands:/app/project/install/rover__description/lib/python3.10/site-packages:${PYTHONPATH} /usr/bin/python3 -W ignore:setup.py install is deprecated -W ignore:easy_install command is deprecated setup.py egg_info --egg-base ../../build/rover__description build --build-base /app/project/build/rover__description/build install --record /app/project/build/rover__description/install.log --single-version-externally-managed install_data
[1.650s] Level 1:colcon.colcon_core.environment:checking '/app/project/install/rover__description' for CMake module files
[1.650s] Level 1:colcon.colcon_core.environment:checking '/app/project/install/rover__description' for CMake config files
[1.651s] Level 1:colcon.colcon_core.environment:checking '/app/project/install/rover__description/lib'
[1.651s] Level 1:colcon.colcon_core.environment:checking '/app/project/install/rover__description/bin'
[1.651s] Level 1:colcon.colcon_core.environment:checking '/app/project/install/rover__description/lib/pkgconfig/rover__description.pc'
[1.651s] Level 1:colcon.colcon_core.environment:checking '/app/project/install/rover__description/lib/python3.10/site-packages'
[1.651s] Level 1:colcon.colcon_core.shell:create_environment_hook('rover__description', 'pythonpath')
[1.652s] INFO:colcon.colcon_core.shell:Creating environment hook '/app/project/install/rover__description/share/rover__description/hook/pythonpath.ps1'
[1.652s] INFO:colcon.colcon_core.shell:Creating environment descriptor '/app/project/install/rover__description/share/rover__description/hook/pythonpath.dsv'
[1.652s] INFO:colcon.colcon_core.shell:Creating environment hook '/app/project/install/rover__description/share/rover__description/hook/pythonpath.sh'
[1.653s] Level 1:colcon.colcon_core.environment:checking '/app/project/install/rover__description/bin'
[1.653s] Level 1:colcon.colcon_core.environment:create_environment_scripts_only(rover__description)
[1.653s] INFO:colcon.colcon_core.shell:Creating package script '/app/project/install/rover__description/share/rover__description/package.ps1'
[1.654s] INFO:colcon.colcon_core.shell:Creating package descriptor '/app/project/install/rover__description/share/rover__description/package.dsv'
[1.654s] INFO:colcon.colcon_core.shell:Creating package script '/app/project/install/rover__description/share/rover__description/package.sh'
[1.655s] INFO:colcon.colcon_core.shell:Creating package script '/app/project/install/rover__description/share/rover__description/package.bash'
[1.655s] INFO:colcon.colcon_core.shell:Creating package script '/app/project/install/rover__description/share/rover__description/package.zsh'
[1.656s] Level 1:colcon.colcon_core.environment:create_file_with_runtime_dependencies(/app/project/install/rover__description/share/colcon-core/packages/rover__description)
[1.657s] Level 1:colcon.colcon_core.environment:checking '/app/project/install/robot_test_description' for CMake module files
[1.658s] DEBUG:colcon.colcon_core.event_handler.log_command:Invoked command in '/app/project/src/robot_test_description' returned '0': PYTHONPATH=/app/project/build/robot_test_description/prefix_override:/usr/lib/python3/dist-packages/colcon_core/task/python/colcon_distutils_commands:/app/project/install/robot_test_description/lib/python3.10/site-packages:${PYTHONPATH} /usr/bin/python3 -W ignore:setup.py install is deprecated -W ignore:easy_install command is deprecated setup.py egg_info --egg-base ../../build/robot_test_description build --build-base /app/project/build/robot_test_description/build install --record /app/project/build/robot_test_description/install.log --single-version-externally-managed install_data
[1.658s] Level 1:colcon.colcon_core.environment:checking '/app/project/install/robot_test_description' for CMake config files
[1.658s] Level 1:colcon.colcon_core.environment:checking '/app/project/install/robot_test_description/lib'
[1.658s] Level 1:colcon.colcon_core.environment:checking '/app/project/install/robot_test_description/bin'
[1.658s] Level 1:colcon.colcon_core.environment:checking '/app/project/install/robot_test_description/lib/pkgconfig/robot_test_description.pc'
[1.658s] Level 1:colcon.colcon_core.environment:checking '/app/project/install/robot_test_description/lib/python3.10/site-packages'
[1.659s] Level 1:colcon.colcon_core.shell:create_environment_hook('robot_test_description', 'pythonpath')
[1.659s] INFO:colcon.colcon_core.shell:Creating environment hook '/app/project/install/robot_test_description/share/robot_test_description/hook/pythonpath.ps1'
[1.659s] INFO:colcon.colcon_core.shell:Creating environment descriptor '/app/project/install/robot_test_description/share/robot_test_description/hook/pythonpath.dsv'
[1.659s] INFO:colcon.colcon_core.shell:Creating environment hook '/app/project/install/robot_test_description/share/robot_test_description/hook/pythonpath.sh'
[1.660s] Level 1:colcon.colcon_core.environment:checking '/app/project/install/robot_test_description/bin'
[1.660s] Level 1:colcon.colcon_core.environment:create_environment_scripts_only(robot_test_description)
[1.660s] INFO:colcon.colcon_core.shell:Creating package script '/app/project/install/robot_test_description/share/robot_test_description/package.ps1'
[1.660s] INFO:colcon.colcon_core.shell:Creating package descriptor '/app/project/install/robot_test_description/share/robot_test_description/package.dsv'
[1.661s] INFO:colcon.colcon_core.shell:Creating package script '/app/project/install/robot_test_description/share/robot_test_description/package.sh'
[1.661s] INFO:colcon.colcon_core.shell:Creating package script '/app/project/install/robot_test_description/share/robot_test_description/package.bash'
[1.661s] INFO:colcon.colcon_core.shell:Creating package script '/app/project/install/robot_test_description/share/robot_test_description/package.zsh'
[1.662s] Level 1:colcon.colcon_core.environment:create_file_with_runtime_dependencies(/app/project/install/robot_test_description/share/colcon-core/packages/robot_test_description)
[1.662s] Level 1:colcon.colcon_core.environment:checking '/app/project/install/base_link_p3_description' for CMake module files
[1.663s] DEBUG:colcon.colcon_core.event_handler.log_command:Invoked command in '/app/project/src/base_link_p3_description' returned '0': PYTHONPATH=/app/project/build/base_link_p3_description/prefix_override:/usr/lib/python3/dist-packages/colcon_core/task/python/colcon_distutils_commands:/app/project/install/base_link_p3_description/lib/python3.10/site-packages:${PYTHONPATH} /usr/bin/python3 -W ignore:setup.py install is deprecated -W ignore:easy_install command is deprecated setup.py egg_info --egg-base ../../build/base_link_p3_description build --build-base /app/project/build/base_link_p3_description/build install --record /app/project/build/base_link_p3_description/install.log --single-version-externally-managed install_data
[1.663s] Level 1:colcon.colcon_core.environment:checking '/app/project/install/base_link_p3_description' for CMake config files
[1.664s] Level 1:colcon.colcon_core.environment:checking '/app/project/install/base_link_p3_description/lib'
[1.664s] Level 1:colcon.colcon_core.environment:checking '/app/project/install/base_link_p3_description/bin'
[1.664s] Level 1:colcon.colcon_core.environment:checking '/app/project/install/base_link_p3_description/lib/pkgconfig/base_link_p3_description.pc'
[1.664s] Level 1:colcon.colcon_core.environment:checking '/app/project/install/base_link_p3_description/lib/python3.10/site-packages'
[1.664s] Level 1:colcon.colcon_core.shell:create_environment_hook('base_link_p3_description', 'pythonpath')
[1.665s] INFO:colcon.colcon_core.shell:Creating environment hook '/app/project/install/base_link_p3_description/share/base_link_p3_description/hook/pythonpath.ps1'
[1.665s] INFO:colcon.colcon_core.shell:Creating environment descriptor '/app/project/install/base_link_p3_description/share/base_link_p3_description/hook/pythonpath.dsv'
[1.665s] INFO:colcon.colcon_core.shell:Creating environment hook '/app/project/install/base_link_p3_description/share/base_link_p3_description/hook/pythonpath.sh'
[1.666s] Level 1:colcon.colcon_core.environment:checking '/app/project/install/base_link_p3_description/bin'
[1.666s] Level 1:colcon.colcon_core.environment:create_environment_scripts_only(base_link_p3_description)
[1.666s] INFO:colcon.colcon_core.shell:Creating package script '/app/project/install/base_link_p3_description/share/base_link_p3_description/package.ps1'
[1.667s] INFO:colcon.colcon_core.shell:Creating package descriptor '/app/project/install/base_link_p3_description/share/base_link_p3_description/package.dsv'
[1.667s] INFO:colcon.colcon_core.shell:Creating package script '/app/project/install/base_link_p3_description/share/base_link_p3_description/package.sh'
[1.667s] INFO:colcon.colcon_core.shell:Creating package script '/app/project/install/base_link_p3_description/share/base_link_p3_description/package.bash'
[1.667s] INFO:colcon.colcon_core.shell:Creating package script '/app/project/install/base_link_p3_description/share/base_link_p3_description/package.zsh'
[1.668s] Level 1:colcon.colcon_core.environment:create_file_with_runtime_dependencies(/app/project/install/base_link_p3_description/share/colcon-core/packages/base_link_p3_description)
[1.668s] DEBUG:colcon.colcon_parallel_executor.executor.parallel:closing loop
[1.668s] DEBUG:colcon.colcon_parallel_executor.executor.parallel:loop closed
[1.668s] DEBUG:colcon.colcon_parallel_executor.executor.parallel:run_until_complete finished with '0'
[1.668s] DEBUG:colcon.colcon_core.event_reactor:joining thread
[1.673s] INFO:colcon.colcon_core.plugin_system:Skipping extension 'colcon_notification.desktop_notification.notify_send': Could not find 'notify-send'
[1.673s] INFO:colcon.colcon_core.plugin_system:Skipping extension 'colcon_notification.desktop_notification.terminal_notifier': Not used on non-Darwin systems
[1.673s] INFO:colcon.colcon_core.plugin_system:Skipping extension 'colcon_notification.desktop_notification.win32': Not used on non-Windows systems
[1.674s] INFO:colcon.colcon_notification.desktop_notification:Sending desktop notification using 'notify2'
[1.676s] DEBUG:colcon.colcon_notification.desktop_notification.notify2:Failed to initialize notify2: org.freedesktop.DBus.Error.Spawn.ExecFailed: /usr/bin/dbus-launch terminated abnormally without any error message
[1.677s] DEBUG:colcon.colcon_core.event_reactor:joined thread
[1.677s] INFO:colcon.colcon_core.shell:Creating prefix script '/app/project/install/local_setup.ps1'
[1.679s] INFO:colcon.colcon_core.shell:Creating prefix util module '/app/project/install/_local_setup_util_ps1.py'
[1.680s] INFO:colcon.colcon_core.shell:Creating prefix chain script '/app/project/install/setup.ps1'
[1.681s] INFO:colcon.colcon_core.shell:Creating prefix script '/app/project/install/local_setup.sh'
[1.682s] INFO:colcon.colcon_core.shell:Creating prefix util module '/app/project/install/_local_setup_util_sh.py'
[1.682s] INFO:colcon.colcon_core.shell:Creating prefix chain script '/app/project/install/setup.sh'
[1.683s] INFO:colcon.colcon_core.shell:Creating prefix script '/app/project/install/local_setup.bash'
[1.683s] INFO:colcon.colcon_core.shell:Creating prefix chain script '/app/project/install/setup.bash'
[1.685s] INFO:colcon.colcon_core.shell:Creating prefix script '/app/project/install/local_setup.zsh'
[1.685s] INFO:colcon.colcon_core.shell:Creating prefix chain script '/app/project/install/setup.zsh'
