[0.000000] (-) TimerEvent: {}
[0.000095] (base_link_p3_description) JobQueued: {'identifier': 'base_link_p3_description', 'dependencies': OrderedDict()}
[0.000218] (robot_test_description) JobQueued: {'identifier': 'robot_test_description', 'dependencies': OrderedDict()}
[0.000248] (rover__description) JobQueued: {'identifier': 'rover__description', 'dependencies': OrderedDict()}
[0.000272] (base_link_p3_description) JobStarted: {'identifier': 'base_link_p3_description'}
[0.024743] (robot_test_description) JobStarted: {'identifier': 'robot_test_description'}
[0.037392] (rover__description) JobStarted: {'identifier': 'rover__description'}
[0.098590] (-) TimerEvent: {}
[0.198856] (-) TimerEvent: {}
[0.299070] (-) TimerEvent: {}
[0.399353] (-) TimerEvent: {}
[0.499585] (-) TimerEvent: {}
[0.599810] (-) TimerEvent: {}
[0.700031] (-) TimerEvent: {}
[0.800257] (-) TimerEvent: {}
[0.900528] (-) TimerEvent: {}
[1.000759] (-) TimerEvent: {}
[1.100981] (-) TimerEvent: {}
[1.201633] (-) TimerEvent: {}
[1.301880] (-) TimerEvent: {}
[1.402115] (-) TimerEvent: {}
[1.502349] (-) TimerEvent: {}
[1.602593] (-) TimerEvent: {}
[1.702814] (-) TimerEvent: {}
[1.803060] (-) TimerEvent: {}
[1.903341] (-) TimerEvent: {}
[1.908417] (base_link_p3_description) Command: {'cmd': ['/usr/bin/python3', '-W', 'ignore:setup.py install is deprecated', '-W', 'ignore:easy_install command is deprecated', 'setup.py', 'egg_info', '--egg-base', '../../build/base_link_p3_description', 'build', '--build-base', '/app/project/build/base_link_p3_description/build', 'install', '--record', '/app/project/build/base_link_p3_description/install.log', '--single-version-externally-managed', 'install_data'], 'cwd': '/app/project/src/base_link_p3_description', 'env': {'HOSTNAME': 'linux-portatil', 'SHLVL': '1', 'LD_LIBRARY_PATH': '/usr/lib/x86_64-linux-gnu/gazebo-11/plugins:/opt/ros/humble/opt/rviz_ogre_vendor/lib:/opt/ros/humble/lib/x86_64-linux-gnu:/opt/ros/humble/lib', 'HOME': '/root', 'OLDPWD': '/app', 'ROS_PYTHON_VERSION': '3', 'COLCON_PREFIX_PATH': '/app/project/install', 'ROS_DISTRO': 'humble', '_': '/usr/bin/colcon', 'ROS_VERSION': '2', 'ROS_LOCALHOST_ONLY': '0', 'PATH': '/opt/ros/humble/bin:/app/simulator/scripts:/home/joao41/.cargo/bin:/usr/local/sbin:/usr/local/bin:/usr/sbin:/usr/bin:/sbin:/bin:/usr/games:/usr/local/games:/snap/bin:/snap/bin', 'DISPLAY': ':0', 'LANG': 'C.UTF-8', 'AMENT_PREFIX_PATH': '/app/project/install/rover__description:/app/project/install/robot_test_description:/app/project/install/base_link_t1_description:/app/project/install/base_link_p3_description:/app/project/install/base_link_description:/opt/ros/humble', 'PWD': '/app/project/build/base_link_p3_description', 'LC_ALL': 'C.UTF-8', 'PYTHONPATH': '/app/project/build/base_link_p3_description/prefix_override:/usr/lib/python3/dist-packages/colcon_core/task/python/colcon_distutils_commands:/app/project/install/base_link_p3_description/lib/python3.10/site-packages:/app/project/install/rover__description/lib/python3.10/site-packages:/app/project/install/robot_test_description/lib/python3.10/site-packages:/app/project/install/base_link_t1_description/lib/python3.10/site-packages:/app/project/install/base_link_p3_description/lib/python3.10/site-packages:/app/project/install/base_link_description/lib/python3.10/site-packages:/opt/ros/humble/lib/python3.10/site-packages:/opt/ros/humble/local/lib/python3.10/dist-packages', 'COLCON': '1'}, 'shell': False}
[1.912015] (robot_test_description) Command: {'cmd': ['/usr/bin/python3', '-W', 'ignore:setup.py install is deprecated', '-W', 'ignore:easy_install command is deprecated', 'setup.py', 'egg_info', '--egg-base', '../../build/robot_test_description', 'build', '--build-base', '/app/project/build/robot_test_description/build', 'install', '--record', '/app/project/build/robot_test_description/install.log', '--single-version-externally-managed', 'install_data'], 'cwd': '/app/project/src/robot_test_description', 'env': {'HOSTNAME': 'linux-portatil', 'SHLVL': '1', 'LD_LIBRARY_PATH': '/usr/lib/x86_64-linux-gnu/gazebo-11/plugins:/opt/ros/humble/opt/rviz_ogre_vendor/lib:/opt/ros/humble/lib/x86_64-linux-gnu:/opt/ros/humble/lib', 'HOME': '/root', 'OLDPWD': '/app', 'ROS_PYTHON_VERSION': '3', 'COLCON_PREFIX_PATH': '/app/project/install', 'ROS_DISTRO': 'humble', '_': '/usr/bin/colcon', 'ROS_VERSION': '2', 'ROS_LOCALHOST_ONLY': '0', 'PATH': '/opt/ros/humble/bin:/app/simulator/scripts:/home/joao41/.cargo/bin:/usr/local/sbin:/usr/local/bin:/usr/sbin:/usr/bin:/sbin:/bin:/usr/games:/usr/local/games:/snap/bin:/snap/bin', 'DISPLAY': ':0', 'LANG': 'C.UTF-8', 'AMENT_PREFIX_PATH': '/app/project/install/rover__description:/app/project/install/robot_test_description:/app/project/install/base_link_t1_description:/app/project/install/base_link_p3_description:/app/project/install/base_link_description:/opt/ros/humble', 'PWD': '/app/project/build/robot_test_description', 'LC_ALL': 'C.UTF-8', 'PYTHONPATH': '/app/project/build/robot_test_description/prefix_override:/usr/lib/python3/dist-packages/colcon_core/task/python/colcon_distutils_commands:/app/project/install/robot_test_description/lib/python3.10/site-packages:/app/project/install/rover__description/lib/python3.10/site-packages:/app/project/install/robot_test_description/lib/python3.10/site-packages:/app/project/install/base_link_t1_description/lib/python3.10/site-packages:/app/project/install/base_link_p3_description/lib/python3.10/site-packages:/app/project/install/base_link_description/lib/python3.10/site-packages:/opt/ros/humble/lib/python3.10/site-packages:/opt/ros/humble/local/lib/python3.10/dist-packages', 'COLCON': '1'}, 'shell': False}
[1.914933] (rover__description) Command: {'cmd': ['/usr/bin/python3', '-W', 'ignore:setup.py install is deprecated', '-W', 'ignore:easy_install command is deprecated', 'setup.py', 'egg_info', '--egg-base', '../../build/rover__description', 'build', '--build-base', '/app/project/build/rover__description/build', 'install', '--record', '/app/project/build/rover__description/install.log', '--single-version-externally-managed', 'install_data'], 'cwd': '/app/project/src/rover__description', 'env': {'HOSTNAME': 'linux-portatil', 'SHLVL': '1', 'LD_LIBRARY_PATH': '/usr/lib/x86_64-linux-gnu/gazebo-11/plugins:/opt/ros/humble/opt/rviz_ogre_vendor/lib:/opt/ros/humble/lib/x86_64-linux-gnu:/opt/ros/humble/lib', 'HOME': '/root', 'OLDPWD': '/app', 'ROS_PYTHON_VERSION': '3', 'COLCON_PREFIX_PATH': '/app/project/install', 'ROS_DISTRO': 'humble', '_': '/usr/bin/colcon', 'ROS_VERSION': '2', 'ROS_LOCALHOST_ONLY': '0', 'PATH': '/opt/ros/humble/bin:/app/simulator/scripts:/home/joao41/.cargo/bin:/usr/local/sbin:/usr/local/bin:/usr/sbin:/usr/bin:/sbin:/bin:/usr/games:/usr/local/games:/snap/bin:/snap/bin', 'DISPLAY': ':0', 'LANG': 'C.UTF-8', 'AMENT_PREFIX_PATH': '/app/project/install/rover__description:/app/project/install/robot_test_description:/app/project/install/base_link_t1_description:/app/project/install/base_link_p3_description:/app/project/install/base_link_description:/opt/ros/humble', 'PWD': '/app/project/build/rover__description', 'LC_ALL': 'C.UTF-8', 'PYTHONPATH': '/app/project/build/rover__description/prefix_override:/usr/lib/python3/dist-packages/colcon_core/task/python/colcon_distutils_commands:/app/project/install/rover__description/lib/python3.10/site-packages:/app/project/install/rover__description/lib/python3.10/site-packages:/app/project/install/robot_test_description/lib/python3.10/site-packages:/app/project/install/base_link_t1_description/lib/python3.10/site-packages:/app/project/install/base_link_p3_description/lib/python3.10/site-packages:/app/project/install/base_link_description/lib/python3.10/site-packages:/opt/ros/humble/lib/python3.10/site-packages:/opt/ros/humble/local/lib/python3.10/dist-packages', 'COLCON': '1'}, 'shell': False}
[2.003445] (-) TimerEvent: {}
[2.103669] (-) TimerEvent: {}
[2.203896] (-) TimerEvent: {}
[2.263295] (rover__description) StdoutLine: {'line': b'running egg_info\n'}
[2.264265] (rover__description) StdoutLine: {'line': b'writing ../../build/rover__description/rover_description.egg-info/PKG-INFO\n'}
[2.264805] (robot_test_description) StdoutLine: {'line': b'running egg_info\n'}
[2.265173] (rover__description) StdoutLine: {'line': b'writing dependency_links to ../../build/rover__description/rover_description.egg-info/dependency_links.txt\n'}
[2.265521] (rover__description) StdoutLine: {'line': b'writing entry points to ../../build/rover__description/rover_description.egg-info/entry_points.txt\n'}
[2.265853] (rover__description) StdoutLine: {'line': b'writing requirements to ../../build/rover__description/rover_description.egg-info/requires.txt\n'}
[2.265934] (rover__description) StdoutLine: {'line': b'writing top-level names to ../../build/rover__description/rover_description.egg-info/top_level.txt\n'}
[2.266401] (robot_test_description) StdoutLine: {'line': b'writing ../../build/robot_test_description/robot_test_description.egg-info/PKG-INFO\n'}
[2.266584] (robot_test_description) StdoutLine: {'line': b'writing dependency_links to ../../build/robot_test_description/robot_test_description.egg-info/dependency_links.txt\n'}
[2.266711] (robot_test_description) StdoutLine: {'line': b'writing entry points to ../../build/robot_test_description/robot_test_description.egg-info/entry_points.txt\n'}
[2.267190] (robot_test_description) StdoutLine: {'line': b'writing requirements to ../../build/robot_test_description/robot_test_description.egg-info/requires.txt\n'}
[2.267357] (robot_test_description) StdoutLine: {'line': b'writing top-level names to ../../build/robot_test_description/robot_test_description.egg-info/top_level.txt\n'}
[2.267449] (base_link_p3_description) StdoutLine: {'line': b'running egg_info\n'}
[2.267818] (base_link_p3_description) StdoutLine: {'line': b'writing ../../build/base_link_p3_description/base_link_p3_description.egg-info/PKG-INFO\n'}
[2.268262] (base_link_p3_description) StdoutLine: {'line': b'writing dependency_links to ../../build/base_link_p3_description/base_link_p3_description.egg-info/dependency_links.txt\n'}
[2.268692] (base_link_p3_description) StdoutLine: {'line': b'writing entry points to ../../build/base_link_p3_description/base_link_p3_description.egg-info/entry_points.txt\n'}
[2.268839] (base_link_p3_description) StdoutLine: {'line': b'writing requirements to ../../build/base_link_p3_description/base_link_p3_description.egg-info/requires.txt\n'}
[2.269102] (base_link_p3_description) StdoutLine: {'line': b'writing top-level names to ../../build/base_link_p3_description/base_link_p3_description.egg-info/top_level.txt\n'}
[2.269261] (rover__description) StdoutLine: {'line': b"reading manifest file '../../build/rover__description/rover_description.egg-info/SOURCES.txt'\n"}
[2.269496] (robot_test_description) StdoutLine: {'line': b"reading manifest file '../../build/robot_test_description/robot_test_description.egg-info/SOURCES.txt'\n"}
[2.271866] (robot_test_description) StdoutLine: {'line': b"writing manifest file '../../build/robot_test_description/robot_test_description.egg-info/SOURCES.txt'\n"}
[2.272382] (rover__description) StdoutLine: {'line': b"writing manifest file '../../build/rover__description/rover_description.egg-info/SOURCES.txt'\n"}
[2.272754] (robot_test_description) StdoutLine: {'line': b'running build\n'}
[2.272955] (robot_test_description) StdoutLine: {'line': b'running build_py\n'}
[2.273080] (rover__description) StdoutLine: {'line': b'running build\n'}
[2.273250] (rover__description) StdoutLine: {'line': b'running build_py\n'}
[2.273376] (base_link_p3_description) StdoutLine: {'line': b"reading manifest file '../../build/base_link_p3_description/base_link_p3_description.egg-info/SOURCES.txt'\n"}
[2.273521] (robot_test_description) StdoutLine: {'line': b'running install\n'}
[2.273658] (rover__description) StdoutLine: {'line': b'running install\n'}
[2.273769] (robot_test_description) StdoutLine: {'line': b'running install_lib\n'}
[2.273883] (rover__description) StdoutLine: {'line': b'running install_lib\n'}
[2.274248] (robot_test_description) StdoutLine: {'line': b'running install_data\n'}
[2.274433] (rover__description) StdoutLine: {'line': b'running install_data\n'}
[2.274915] (base_link_p3_description) StdoutLine: {'line': b"writing manifest file '../../build/base_link_p3_description/base_link_p3_description.egg-info/SOURCES.txt'\n"}
[2.275197] (robot_test_description) StdoutLine: {'line': b'running install_egg_info\n'}
[2.275507] (base_link_p3_description) StdoutLine: {'line': b'running build\n'}
[2.275653] (base_link_p3_description) StdoutLine: {'line': b'running build_py\n'}
[2.275789] (rover__description) StdoutLine: {'line': b'running install_egg_info\n'}
[2.275936] (base_link_p3_description) StdoutLine: {'line': b'running install\n'}
[2.276264] (base_link_p3_description) StdoutLine: {'line': b'running install_lib\n'}
[2.277445] (robot_test_description) StdoutLine: {'line': b"removing '/app/project/install/robot_test_description/lib/python3.10/site-packages/robot_test_description-0.0.0-py3.10.egg-info' (and everything under it)\n"}
[2.277796] (rover__description) StdoutLine: {'line': b"removing '/app/project/install/rover__description/lib/python3.10/site-packages/rover_description-0.0.0-py3.10.egg-info' (and everything under it)\n"}
[2.278193] (base_link_p3_description) StdoutLine: {'line': b'running install_data\n'}
[2.278658] (rover__description) StdoutLine: {'line': b'Copying ../../build/rover__description/rover_description.egg-info to /app/project/install/rover__description/lib/python3.10/site-packages/rover_description-0.0.0-py3.10.egg-info\n'}
[2.278846] (robot_test_description) StdoutLine: {'line': b'Copying ../../build/robot_test_description/robot_test_description.egg-info to /app/project/install/robot_test_description/lib/python3.10/site-packages/robot_test_description-0.0.0-py3.10.egg-info\n'}
[2.279675] (base_link_p3_description) StdoutLine: {'line': b'running install_egg_info\n'}
[2.280276] (robot_test_description) StdoutLine: {'line': b'running install_scripts\n'}
[2.280582] (rover__description) StdoutLine: {'line': b'running install_scripts\n'}
[2.282768] (base_link_p3_description) StdoutLine: {'line': b"removing '/app/project/install/base_link_p3_description/lib/python3.10/site-packages/base_link_p3_description-0.0.0-py3.10.egg-info' (and everything under it)\n"}
[2.283428] (base_link_p3_description) StdoutLine: {'line': b'Copying ../../build/base_link_p3_description/base_link_p3_description.egg-info to /app/project/install/base_link_p3_description/lib/python3.10/site-packages/base_link_p3_description-0.0.0-py3.10.egg-info\n'}
[2.285285] (base_link_p3_description) StdoutLine: {'line': b'running install_scripts\n'}
[2.304008] (-) TimerEvent: {}
[2.312073] (rover__description) StdoutLine: {'line': b"writing list of installed files to '/app/project/build/rover__description/install.log'\n"}
[2.312383] (robot_test_description) StdoutLine: {'line': b"writing list of installed files to '/app/project/build/robot_test_description/install.log'\n"}
[2.317569] (base_link_p3_description) StdoutLine: {'line': b"writing list of installed files to '/app/project/build/base_link_p3_description/install.log'\n"}
[2.351795] (robot_test_description) CommandEnded: {'returncode': 0}
[2.391049] (robot_test_description) JobEnded: {'identifier': 'robot_test_description', 'rc': 0}
[2.391936] (rover__description) CommandEnded: {'returncode': 0}
[2.401827] (rover__description) JobEnded: {'identifier': 'rover__description', 'rc': 0}
[2.404051] (-) TimerEvent: {}
[2.404204] (base_link_p3_description) CommandEnded: {'returncode': 0}
[2.413614] (base_link_p3_description) JobEnded: {'identifier': 'base_link_p3_description', 'rc': 0}
[2.414688] (-) EventReactorShutdown: {}
