[0.000000] (-) TimerEvent: {}
[0.000128] (base_link_description) JobQueued: {'identifier': 'base_link_description', 'dependencies': OrderedDict()}
[0.000175] (base_link_p3_description) JobQueued: {'identifier': 'base_link_p3_description', 'dependencies': OrderedDict()}
[0.000195] (base_link_t1_description) JobQueued: {'identifier': 'base_link_t1_description', 'dependencies': OrderedDict()}
[0.000903] (base_link_description) JobStarted: {'identifier': 'base_link_description'}
[0.008588] (base_link_p3_description) JobStarted: {'identifier': 'base_link_p3_description'}
[0.014058] (base_link_t1_description) JobStarted: {'identifier': 'base_link_t1_description'}
[0.099820] (-) TimerEvent: {}
[0.199979] (-) TimerEvent: {}
[0.300173] (-) TimerEvent: {}
[0.400432] (-) TimerEvent: {}
[0.500660] (-) TimerEvent: {}
[0.600912] (-) TimerEvent: {}
[0.701240] (-) TimerEvent: {}
[0.801522] (-) TimerEvent: {}
[0.901828] (-) TimerEvent: {}
[1.002021] (-) TimerEvent: {}
[1.080961] (base_link_description) Command: {'cmd': ['/usr/bin/python3', '-W', 'ignore:setup.py install is deprecated', '-W', 'ignore:easy_install command is deprecated', 'setup.py', 'egg_info', '--egg-base', '../../build/base_link_description', 'build', '--build-base', '/app/project/build/base_link_description/build', 'install', '--record', '/app/project/build/base_link_description/install.log', '--single-version-externally-managed', 'install_data'], 'cwd': '/app/project/src/base_link_description', 'env': {'HOSTNAME': 'linux-portatil', 'SHLVL': '1', 'LD_LIBRARY_PATH': '/usr/lib/x86_64-linux-gnu/gazebo-11/plugins:/opt/ros/humble/opt/rviz_ogre_vendor/lib:/opt/ros/humble/lib/x86_64-linux-gnu:/opt/ros/humble/lib', 'HOME': '/root', 'OLDPWD': '/app', 'ROS_PYTHON_VERSION': '3', 'COLCON_PREFIX_PATH': '/app/project/install', 'ROS_DISTRO': 'humble', '_': '/usr/bin/colcon', 'ROS_VERSION': '2', 'ROS_LOCALHOST_ONLY': '0', 'PATH': '/opt/ros/humble/bin:/app/simulator/scripts:/home/linuxbrew/.linuxbrew/bin:/opt/st/stm32cubeide_1.19.0:/home/linuxbrew/.linuxbrew/bin:/opt/st/stm32cubeide_1.19.0:/home/joao41/.local/bin:/home/joao41/bin:/usr/local/sbin:/usr/local/bin:/usr/sbin:/usr/bin:/sbin:/bin:/usr/games:/usr/local/games:/snap/bin:/snap/bin', 'DISPLAY': ':0', 'LANG': 'C.UTF-8', 'AMENT_PREFIX_PATH': '/app/project/install/base_link_t1_description:/app/project/install/base_link_p3_description:/app/project/install/base_link_description:/opt/ros/humble', 'PWD': '/app/project/build/base_link_description', 'LC_ALL': 'C.UTF-8', 'PYTHONPATH': '/app/project/build/base_link_description/prefix_override:/usr/lib/python3/dist-packages/colcon_core/task/python/colcon_distutils_commands:/app/project/install/base_link_description/lib/python3.10/site-packages:/app/project/install/base_link_t1_description/lib/python3.10/site-packages:/app/project/install/base_link_p3_description/lib/python3.10/site-packages:/app/project/install/base_link_description/lib/python3.10/site-packages:/opt/ros/humble/lib/python3.10/site-packages:/opt/ros/humble/local/lib/python3.10/dist-packages', 'COLCON': '1'}, 'shell': False}
[1.082907] (base_link_t1_description) Command: {'cmd': ['/usr/bin/python3', '-W', 'ignore:setup.py install is deprecated', '-W', 'ignore:easy_install command is deprecated', 'setup.py', 'egg_info', '--egg-base', '../../build/base_link_t1_description', 'build', '--build-base', '/app/project/build/base_link_t1_description/build', 'install', '--record', '/app/project/build/base_link_t1_description/install.log', '--single-version-externally-managed', 'install_data'], 'cwd': '/app/project/src/base_link_t1_description', 'env': {'HOSTNAME': 'linux-portatil', 'SHLVL': '1', 'LD_LIBRARY_PATH': '/usr/lib/x86_64-linux-gnu/gazebo-11/plugins:/opt/ros/humble/opt/rviz_ogre_vendor/lib:/opt/ros/humble/lib/x86_64-linux-gnu:/opt/ros/humble/lib', 'HOME': '/root', 'OLDPWD': '/app', 'ROS_PYTHON_VERSION': '3', 'COLCON_PREFIX_PATH': '/app/project/install', 'ROS_DISTRO': 'humble', '_': '/usr/bin/colcon', 'ROS_VERSION': '2', 'ROS_LOCALHOST_ONLY': '0', 'PATH': '/opt/ros/humble/bin:/app/simulator/scripts:/home/linuxbrew/.linuxbrew/bin:/opt/st/stm32cubeide_1.19.0:/home/linuxbrew/.linuxbrew/bin:/opt/st/stm32cubeide_1.19.0:/home/joao41/.local/bin:/home/joao41/bin:/usr/local/sbin:/usr/local/bin:/usr/sbin:/usr/bin:/sbin:/bin:/usr/games:/usr/local/games:/snap/bin:/snap/bin', 'DISPLAY': ':0', 'LANG': 'C.UTF-8', 'AMENT_PREFIX_PATH': '/app/project/install/base_link_t1_description:/app/project/install/base_link_p3_description:/app/project/install/base_link_description:/opt/ros/humble', 'PWD': '/app/project/build/base_link_t1_description', 'LC_ALL': 'C.UTF-8', 'PYTHONPATH': '/app/project/build/base_link_t1_description/prefix_override:/usr/lib/python3/dist-packages/colcon_core/task/python/colcon_distutils_commands:/app/project/install/base_link_t1_description/lib/python3.10/site-packages:/app/project/install/base_link_t1_description/lib/python3.10/site-packages:/app/project/install/base_link_p3_description/lib/python3.10/site-packages:/app/project/install/base_link_description/lib/python3.10/site-packages:/opt/ros/humble/lib/python3.10/site-packages:/opt/ros/humble/local/lib/python3.10/dist-packages', 'COLCON': '1'}, 'shell': False}
[1.097919] (base_link_p3_description) Command: {'cmd': ['/usr/bin/python3', '-W', 'ignore:setup.py install is deprecated', '-W', 'ignore:easy_install command is deprecated', 'setup.py', 'egg_info', '--egg-base', '../../build/base_link_p3_description', 'build', '--build-base', '/app/project/build/base_link_p3_description/build', 'install', '--record', '/app/project/build/base_link_p3_description/install.log', '--single-version-externally-managed', 'install_data'], 'cwd': '/app/project/src/base_link_p3_description', 'env': {'HOSTNAME': 'linux-portatil', 'SHLVL': '1', 'LD_LIBRARY_PATH': '/usr/lib/x86_64-linux-gnu/gazebo-11/plugins:/opt/ros/humble/opt/rviz_ogre_vendor/lib:/opt/ros/humble/lib/x86_64-linux-gnu:/opt/ros/humble/lib', 'HOME': '/root', 'OLDPWD': '/app', 'ROS_PYTHON_VERSION': '3', 'COLCON_PREFIX_PATH': '/app/project/install', 'ROS_DISTRO': 'humble', '_': '/usr/bin/colcon', 'ROS_VERSION': '2', 'ROS_LOCALHOST_ONLY': '0', 'PATH': '/opt/ros/humble/bin:/app/simulator/scripts:/home/linuxbrew/.linuxbrew/bin:/opt/st/stm32cubeide_1.19.0:/home/linuxbrew/.linuxbrew/bin:/opt/st/stm32cubeide_1.19.0:/home/joao41/.local/bin:/home/joao41/bin:/usr/local/sbin:/usr/local/bin:/usr/sbin:/usr/bin:/sbin:/bin:/usr/games:/usr/local/games:/snap/bin:/snap/bin', 'DISPLAY': ':0', 'LANG': 'C.UTF-8', 'AMENT_PREFIX_PATH': '/app/project/install/base_link_t1_description:/app/project/install/base_link_p3_description:/app/project/install/base_link_description:/opt/ros/humble', 'PWD': '/app/project/build/base_link_p3_description', 'LC_ALL': 'C.UTF-8', 'PYTHONPATH': '/app/project/build/base_link_p3_description/prefix_override:/usr/lib/python3/dist-packages/colcon_core/task/python/colcon_distutils_commands:/app/project/install/base_link_p3_description/lib/python3.10/site-packages:/app/project/install/base_link_t1_description/lib/python3.10/site-packages:/app/project/install/base_link_p3_description/lib/python3.10/site-packages:/app/project/install/base_link_description/lib/python3.10/site-packages:/opt/ros/humble/lib/python3.10/site-packages:/opt/ros/humble/local/lib/python3.10/dist-packages', 'COLCON': '1'}, 'shell': False}
[1.102107] (-) TimerEvent: {}
[1.202294] (-) TimerEvent: {}
[1.298198] (base_link_description) StdoutLine: {'line': b'running egg_info\n'}
[1.298905] (base_link_description) StdoutLine: {'line': b'writing ../../build/base_link_description/base_link_description.egg-info/PKG-INFO\n'}
[1.299236] (base_link_description) StdoutLine: {'line': b'writing dependency_links to ../../build/base_link_description/base_link_description.egg-info/dependency_links.txt\n'}
[1.299517] (base_link_description) StdoutLine: {'line': b'writing entry points to ../../build/base_link_description/base_link_description.egg-info/entry_points.txt\n'}
[1.299623] (base_link_description) StdoutLine: {'line': b'writing requirements to ../../build/base_link_description/base_link_description.egg-info/requires.txt\n'}
[1.299796] (base_link_description) StdoutLine: {'line': b'writing top-level names to ../../build/base_link_description/base_link_description.egg-info/top_level.txt\n'}
[1.301455] (base_link_description) StdoutLine: {'line': b"reading manifest file '../../build/base_link_description/base_link_description.egg-info/SOURCES.txt'\n"}
[1.301673] (base_link_t1_description) StdoutLine: {'line': b'running egg_info\n'}
[1.302418] (base_link_t1_description) StdoutLine: {'line': b'writing ../../build/base_link_t1_description/base_link_t1_description.egg-info/PKG-INFO\n'}
[1.302607] (-) TimerEvent: {}
[1.302627] (base_link_description) StdoutLine: {'line': b"writing manifest file '../../build/base_link_description/base_link_description.egg-info/SOURCES.txt'\n"}
[1.302698] (base_link_description) StdoutLine: {'line': b'running build\n'}
[1.302756] (base_link_description) StdoutLine: {'line': b'running build_py\n'}
[1.302809] (base_link_t1_description) StdoutLine: {'line': b'writing dependency_links to ../../build/base_link_t1_description/base_link_t1_description.egg-info/dependency_links.txt\n'}
[1.302966] (base_link_t1_description) StdoutLine: {'line': b'writing entry points to ../../build/base_link_t1_description/base_link_t1_description.egg-info/entry_points.txt\n'}
[1.303122] (base_link_t1_description) StdoutLine: {'line': b'writing requirements to ../../build/base_link_t1_description/base_link_t1_description.egg-info/requires.txt\n'}
[1.303206] (base_link_t1_description) StdoutLine: {'line': b'writing top-level names to ../../build/base_link_t1_description/base_link_t1_description.egg-info/top_level.txt\n'}
[1.303261] (base_link_description) StdoutLine: {'line': b'running install\n'}
[1.303315] (base_link_description) StdoutLine: {'line': b'running install_lib\n'}
[1.304289] (base_link_description) StdoutLine: {'line': b'running install_data\n'}
[1.304761] (base_link_description) StdoutLine: {'line': b'running install_egg_info\n'}
[1.305081] (base_link_t1_description) StdoutLine: {'line': b"reading manifest file '../../build/base_link_t1_description/base_link_t1_description.egg-info/SOURCES.txt'\n"}
[1.305942] (base_link_t1_description) StdoutLine: {'line': b"writing manifest file '../../build/base_link_t1_description/base_link_t1_description.egg-info/SOURCES.txt'\n"}
[1.306083] (base_link_t1_description) StdoutLine: {'line': b'running build\n'}
[1.306184] (base_link_t1_description) StdoutLine: {'line': b'running build_py\n'}
[1.306364] (base_link_t1_description) StdoutLine: {'line': b'running install\n'}
[1.306415] (base_link_description) StdoutLine: {'line': b"removing '/app/project/install/base_link_description/lib/python3.10/site-packages/base_link_description-0.0.0-py3.10.egg-info' (and everything under it)\n"}
[1.306612] (base_link_t1_description) StdoutLine: {'line': b'running install_lib\n'}
[1.306727] (base_link_description) StdoutLine: {'line': b'Copying ../../build/base_link_description/base_link_description.egg-info to /app/project/install/base_link_description/lib/python3.10/site-packages/base_link_description-0.0.0-py3.10.egg-info\n'}
[1.307524] (base_link_description) StdoutLine: {'line': b'running install_scripts\n'}
[1.307594] (base_link_t1_description) StdoutLine: {'line': b'running install_data\n'}
[1.307960] (base_link_t1_description) StdoutLine: {'line': b'running install_egg_info\n'}
[1.309525] (base_link_t1_description) StdoutLine: {'line': b"removing '/app/project/install/base_link_t1_description/lib/python3.10/site-packages/base_link_t1_description-0.0.0-py3.10.egg-info' (and everything under it)\n"}
[1.309821] (base_link_t1_description) StdoutLine: {'line': b'Copying ../../build/base_link_t1_description/base_link_t1_description.egg-info to /app/project/install/base_link_t1_description/lib/python3.10/site-packages/base_link_t1_description-0.0.0-py3.10.egg-info\n'}
[1.310693] (base_link_t1_description) StdoutLine: {'line': b'running install_scripts\n'}
[1.324740] (base_link_p3_description) StdoutLine: {'line': b'running egg_info\n'}
[1.325377] (base_link_p3_description) StdoutLine: {'line': b'writing ../../build/base_link_p3_description/base_link_p3_description.egg-info/PKG-INFO\n'}
[1.325648] (base_link_description) StdoutLine: {'line': b"writing list of installed files to '/app/project/build/base_link_description/install.log'\n"}
[1.325954] (base_link_p3_description) StdoutLine: {'line': b'writing dependency_links to ../../build/base_link_p3_description/base_link_p3_description.egg-info/dependency_links.txt\n'}
[1.326044] (base_link_p3_description) StdoutLine: {'line': b'writing entry points to ../../build/base_link_p3_description/base_link_p3_description.egg-info/entry_points.txt\n'}
[1.326115] (base_link_p3_description) StdoutLine: {'line': b'writing requirements to ../../build/base_link_p3_description/base_link_p3_description.egg-info/requires.txt\n'}
[1.326317] (base_link_p3_description) StdoutLine: {'line': b'writing top-level names to ../../build/base_link_p3_description/base_link_p3_description.egg-info/top_level.txt\n'}
[1.327988] (base_link_p3_description) StdoutLine: {'line': b"reading manifest file '../../build/base_link_p3_description/base_link_p3_description.egg-info/SOURCES.txt'\n"}
[1.329017] (base_link_p3_description) StdoutLine: {'line': b"writing manifest file '../../build/base_link_p3_description/base_link_p3_description.egg-info/SOURCES.txt'\n"}
[1.329192] (base_link_p3_description) StdoutLine: {'line': b'running build\n'}
[1.329259] (base_link_p3_description) StdoutLine: {'line': b'running build_py\n'}
[1.329394] (base_link_p3_description) StdoutLine: {'line': b'running install\n'}
[1.329714] (base_link_p3_description) StdoutLine: {'line': b'running install_lib\n'}
[1.330036] (base_link_t1_description) StdoutLine: {'line': b"writing list of installed files to '/app/project/build/base_link_t1_description/install.log'\n"}
[1.330946] (base_link_p3_description) StdoutLine: {'line': b'running install_data\n'}
[1.331573] (base_link_p3_description) StdoutLine: {'line': b'running install_egg_info\n'}
[1.333554] (base_link_p3_description) StdoutLine: {'line': b"removing '/app/project/install/base_link_p3_description/lib/python3.10/site-packages/base_link_p3_description-0.0.0-py3.10.egg-info' (and everything under it)\n"}
[1.333853] (base_link_p3_description) StdoutLine: {'line': b'Copying ../../build/base_link_p3_description/base_link_p3_description.egg-info to /app/project/install/base_link_p3_description/lib/python3.10/site-packages/base_link_p3_description-0.0.0-py3.10.egg-info\n'}
[1.334811] (base_link_p3_description) StdoutLine: {'line': b'running install_scripts\n'}
[1.354558] (base_link_description) CommandEnded: {'returncode': 0}
[1.377293] (base_link_description) JobEnded: {'identifier': 'base_link_description', 'rc': 0}
[1.378570] (base_link_p3_description) StdoutLine: {'line': b"writing list of installed files to '/app/project/build/base_link_p3_description/install.log'\n"}
[1.378811] (base_link_t1_description) CommandEnded: {'returncode': 0}
[1.383912] (base_link_t1_description) JobEnded: {'identifier': 'base_link_t1_description', 'rc': 0}
[1.387482] (base_link_p3_description) CommandEnded: {'returncode': 0}
[1.393059] (base_link_p3_description) JobEnded: {'identifier': 'base_link_p3_description', 'rc': 0}
[1.393550] (-) EventReactorShutdown: {}
