[0.192s] DEBUG:colcon:Command line arguments: ['/usr/bin/colcon', 'build']
[0.192s] DEBUG:colcon:Parsed command line arguments: Namespace(log_base=None, log_level=None, verb_name='build', build_base='build', install_base='install', merge_install=False, symlink_install=False, test_result_base=None, continue_on_error=False, executor='parallel', parallel_workers=16, event_handlers=None, ignore_user_meta=False, metas=['./colcon.meta'], base_paths=['.'], packages_ignore=None, packages_ignore_regex=None, paths=None, packages_up_to=None, packages_up_to_regex=None, packages_above=None, packages_above_and_dependencies=None, packages_above_depth=None, packages_select_by_dep=None, packages_skip_by_dep=None, packages_skip_up_to=None, packages_select_build_failed=False, packages_skip_build_finished=False, packages_select_test_failures=False, packages_skip_test_passed=False, packages_select=None, packages_skip=None, packages_select_regex=None, packages_skip_regex=None, packages_start=None, packages_end=None, cmake_args=None, cmake_target=None, cmake_target_skip_unavailable=False, cmake_clean_cache=False, cmake_clean_first=False, cmake_force_configure=False, ament_cmake_args=None, catkin_cmake_args=None, catkin_skip_building_tests=False, mixin_files=None, mixin=None, verb_parser=<colcon_mixin.mixin.mixin_argument.MixinArgumentDecorator object at 0x70c1f5a20d60>, verb_extension=<colcon_core.verb.build.BuildVerb object at 0x70c1f5c19a50>, main=<bound method BuildVerb.main of <colcon_core.verb.build.BuildVerb object at 0x70c1f5c19a50>>, mixin_verb=('build',))
[0.432s] Level 1:colcon.colcon_core.package_discovery:discover_packages(colcon_meta) check parameters
[0.433s] INFO:colcon.colcon_metadata.package_discovery.colcon_meta:Using configuration from '/root/.colcon/metadata/default/Gazebo.meta'
[0.434s] INFO:colcon.colcon_metadata.package_discovery.colcon_meta:Using configuration from '/root/.colcon/metadata/default/fastdds.meta'
[0.434s] INFO:colcon.colcon_metadata.package_discovery.colcon_meta:Using configuration from '/root/.colcon/metadata/default/fastrtps.meta'
[0.435s] Level 1:colcon.colcon_core.package_discovery:discover_packages(recursive) check parameters
[0.435s] Level 1:colcon.colcon_core.package_discovery:discover_packages(ignore) check parameters
[0.435s] Level 1:colcon.colcon_core.package_discovery:discover_packages(path) check parameters
[0.435s] Level 1:colcon.colcon_core.package_discovery:discover_packages(colcon_meta) discover
[0.435s] Level 1:colcon.colcon_core.package_discovery:discover_packages(recursive) discover
[0.435s] INFO:colcon.colcon_core.package_discovery:Crawling recursively for packages in '/app/project'
[0.435s] Level 1:colcon.colcon_core.package_identification:_identify(.) by extensions ['ignore', 'ignore_ament_install']
[0.435s] Level 1:colcon.colcon_core.package_identification:_identify(.) by extension 'ignore'
[0.435s] Level 1:colcon.colcon_core.package_identification:_identify(.) by extension 'ignore_ament_install'
[0.435s] Level 1:colcon.colcon_core.package_identification:_identify(.) by extensions ['colcon_pkg']
[0.435s] Level 1:colcon.colcon_core.package_identification:_identify(.) by extension 'colcon_pkg'
[0.435s] Level 1:colcon.colcon_core.package_identification:_identify(.) by extensions ['colcon_meta']
[0.435s] Level 1:colcon.colcon_core.package_identification:_identify(.) by extension 'colcon_meta'
[0.435s] Level 1:colcon.colcon_core.package_identification:_identify(.) by extensions ['ros']
[0.436s] Level 1:colcon.colcon_core.package_identification:_identify(.) by extension 'ros'
[0.453s] Level 1:colcon.colcon_core.package_identification:_identify(.) by extensions ['cmake', 'python']
[0.453s] Level 1:colcon.colcon_core.package_identification:_identify(.) by extension 'cmake'
[0.453s] Level 1:colcon.colcon_core.package_identification:_identify(.) by extension 'python'
[0.453s] Level 1:colcon.colcon_core.package_identification:_identify(.) by extensions ['python_setup_py']
[0.453s] Level 1:colcon.colcon_core.package_identification:_identify(.) by extension 'python_setup_py'
[0.454s] Level 1:colcon.colcon_core.package_identification:_identify(build) by extensions ['ignore', 'ignore_ament_install']
[0.454s] Level 1:colcon.colcon_core.package_identification:_identify(build) by extension 'ignore'
[0.454s] Level 1:colcon.colcon_core.package_identification:_identify(build) ignored
[0.454s] Level 1:colcon.colcon_core.package_identification:_identify(install) by extensions ['ignore', 'ignore_ament_install']
[0.454s] Level 1:colcon.colcon_core.package_identification:_identify(install) by extension 'ignore'
[0.454s] Level 1:colcon.colcon_core.package_identification:_identify(install) ignored
[0.454s] Level 1:colcon.colcon_core.package_identification:_identify(log) by extensions ['ignore', 'ignore_ament_install']
[0.455s] Level 1:colcon.colcon_core.package_identification:_identify(log) by extension 'ignore'
[0.455s] Level 1:colcon.colcon_core.package_identification:_identify(log) ignored
[0.455s] Level 1:colcon.colcon_core.package_identification:_identify(scripts) by extensions ['ignore', 'ignore_ament_install']
[0.455s] Level 1:colcon.colcon_core.package_identification:_identify(scripts) by extension 'ignore'
[0.455s] Level 1:colcon.colcon_core.package_identification:_identify(scripts) by extension 'ignore_ament_install'
[0.455s] Level 1:colcon.colcon_core.package_identification:_identify(scripts) by extensions ['colcon_pkg']
[0.455s] Level 1:colcon.colcon_core.package_identification:_identify(scripts) by extension 'colcon_pkg'
[0.455s] Level 1:colcon.colcon_core.package_identification:_identify(scripts) by extensions ['colcon_meta']
[0.455s] Level 1:colcon.colcon_core.package_identification:_identify(scripts) by extension 'colcon_meta'
[0.455s] Level 1:colcon.colcon_core.package_identification:_identify(scripts) by extensions ['ros']
[0.455s] Level 1:colcon.colcon_core.package_identification:_identify(scripts) by extension 'ros'
[0.455s] Level 1:colcon.colcon_core.package_identification:_identify(scripts) by extensions ['cmake', 'python']
[0.455s] Level 1:colcon.colcon_core.package_identification:_identify(scripts) by extension 'cmake'
[0.455s] Level 1:colcon.colcon_core.package_identification:_identify(scripts) by extension 'python'
[0.456s] Level 1:colcon.colcon_core.package_identification:_identify(scripts) by extensions ['python_setup_py']
[0.456s] Level 1:colcon.colcon_core.package_identification:_identify(scripts) by extension 'python_setup_py'
[0.456s] Level 1:colcon.colcon_core.package_identification:_identify(src) by extensions ['ignore', 'ignore_ament_install']
[0.456s] Level 1:colcon.colcon_core.package_identification:_identify(src) by extension 'ignore'
[0.456s] Level 1:colcon.colcon_core.package_identification:_identify(src) by extension 'ignore_ament_install'
[0.456s] Level 1:colcon.colcon_core.package_identification:_identify(src) by extensions ['colcon_pkg']
[0.456s] Level 1:colcon.colcon_core.package_identification:_identify(src) by extension 'colcon_pkg'
[0.456s] Level 1:colcon.colcon_core.package_identification:_identify(src) by extensions ['colcon_meta']
[0.456s] Level 1:colcon.colcon_core.package_identification:_identify(src) by extension 'colcon_meta'
[0.456s] Level 1:colcon.colcon_core.package_identification:_identify(src) by extensions ['ros']
[0.456s] Level 1:colcon.colcon_core.package_identification:_identify(src) by extension 'ros'
[0.456s] Level 1:colcon.colcon_core.package_identification:_identify(src) by extensions ['cmake', 'python']
[0.456s] Level 1:colcon.colcon_core.package_identification:_identify(src) by extension 'cmake'
[0.456s] Level 1:colcon.colcon_core.package_identification:_identify(src) by extension 'python'
[0.457s] Level 1:colcon.colcon_core.package_identification:_identify(src) by extensions ['python_setup_py']
[0.457s] Level 1:colcon.colcon_core.package_identification:_identify(src) by extension 'python_setup_py'
[0.457s] Level 1:colcon.colcon_core.package_identification:_identify(src/base_link_p3_description) by extensions ['ignore', 'ignore_ament_install']
[0.457s] Level 1:colcon.colcon_core.package_identification:_identify(src/base_link_p3_description) by extension 'ignore'
[0.457s] Level 1:colcon.colcon_core.package_identification:_identify(src/base_link_p3_description) by extension 'ignore_ament_install'
[0.457s] Level 1:colcon.colcon_core.package_identification:_identify(src/base_link_p3_description) by extensions ['colcon_pkg']
[0.457s] Level 1:colcon.colcon_core.package_identification:_identify(src/base_link_p3_description) by extension 'colcon_pkg'
[0.457s] Level 1:colcon.colcon_core.package_identification:_identify(src/base_link_p3_description) by extensions ['colcon_meta']
[0.457s] Level 1:colcon.colcon_core.package_identification:_identify(src/base_link_p3_description) by extension 'colcon_meta'
[0.457s] Level 1:colcon.colcon_core.package_identification:_identify(src/base_link_p3_description) by extensions ['ros']
[0.457s] Level 1:colcon.colcon_core.package_identification:_identify(src/base_link_p3_description) by extension 'ros'
[0.461s] DEBUG:colcon.colcon_core.package_identification:Package 'src/base_link_p3_description' with type 'ros.ament_python' and name 'base_link_p3_description'
[0.461s] Level 1:colcon.colcon_core.package_identification:_identify(src/robot_test_description) by extensions ['ignore', 'ignore_ament_install']
[0.461s] Level 1:colcon.colcon_core.package_identification:_identify(src/robot_test_description) by extension 'ignore'
[0.462s] Level 1:colcon.colcon_core.package_identification:_identify(src/robot_test_description) by extension 'ignore_ament_install'
[0.462s] Level 1:colcon.colcon_core.package_identification:_identify(src/robot_test_description) by extensions ['colcon_pkg']
[0.462s] Level 1:colcon.colcon_core.package_identification:_identify(src/robot_test_description) by extension 'colcon_pkg'
[0.462s] Level 1:colcon.colcon_core.package_identification:_identify(src/robot_test_description) by extensions ['colcon_meta']
[0.462s] Level 1:colcon.colcon_core.package_identification:_identify(src/robot_test_description) by extension 'colcon_meta'
[0.462s] Level 1:colcon.colcon_core.package_identification:_identify(src/robot_test_description) by extensions ['ros']
[0.462s] Level 1:colcon.colcon_core.package_identification:_identify(src/robot_test_description) by extension 'ros'
[0.463s] DEBUG:colcon.colcon_core.package_identification:Package 'src/robot_test_description' with type 'ros.ament_python' and name 'robot_test_description'
[0.463s] Level 1:colcon.colcon_core.package_identification:_identify(src/rover__description) by extensions ['ignore', 'ignore_ament_install']
[0.463s] Level 1:colcon.colcon_core.package_identification:_identify(src/rover__description) by extension 'ignore'
[0.464s] Level 1:colcon.colcon_core.package_identification:_identify(src/rover__description) by extension 'ignore_ament_install'
[0.464s] Level 1:colcon.colcon_core.package_identification:_identify(src/rover__description) by extensions ['colcon_pkg']
[0.464s] Level 1:colcon.colcon_core.package_identification:_identify(src/rover__description) by extension 'colcon_pkg'
[0.464s] Level 1:colcon.colcon_core.package_identification:_identify(src/rover__description) by extensions ['colcon_meta']
[0.464s] Level 1:colcon.colcon_core.package_identification:_identify(src/rover__description) by extension 'colcon_meta'
[0.464s] Level 1:colcon.colcon_core.package_identification:_identify(src/rover__description) by extensions ['ros']
[0.464s] Level 1:colcon.colcon_core.package_identification:_identify(src/rover__description) by extension 'ros'
[0.465s] DEBUG:colcon.colcon_core.package_identification:Package 'src/rover__description' with type 'ros.ament_python' and name 'rover__description'
[0.465s] Level 1:colcon.colcon_core.package_discovery:discover_packages(recursive) using defaults
[0.465s] Level 1:colcon.colcon_core.package_discovery:discover_packages(ignore) discover
[0.466s] Level 1:colcon.colcon_core.package_discovery:discover_packages(ignore) using defaults
[0.466s] Level 1:colcon.colcon_core.package_discovery:discover_packages(path) discover
[0.466s] Level 1:colcon.colcon_core.package_discovery:discover_packages(path) using defaults
[0.496s] Level 5:colcon.colcon_core.verb:set package 'base_link_p3_description' build argument 'cmake_args' from command line to 'None'
[0.496s] Level 5:colcon.colcon_core.verb:set package 'base_link_p3_description' build argument 'cmake_target' from command line to 'None'
[0.496s] Level 5:colcon.colcon_core.verb:set package 'base_link_p3_description' build argument 'cmake_target_skip_unavailable' from command line to 'False'
[0.496s] Level 5:colcon.colcon_core.verb:set package 'base_link_p3_description' build argument 'cmake_clean_cache' from command line to 'False'
[0.497s] Level 5:colcon.colcon_core.verb:set package 'base_link_p3_description' build argument 'cmake_clean_first' from command line to 'False'
[0.497s] Level 5:colcon.colcon_core.verb:set package 'base_link_p3_description' build argument 'cmake_force_configure' from command line to 'False'
[0.497s] Level 5:colcon.colcon_core.verb:set package 'base_link_p3_description' build argument 'ament_cmake_args' from command line to 'None'
[0.497s] Level 5:colcon.colcon_core.verb:set package 'base_link_p3_description' build argument 'catkin_cmake_args' from command line to 'None'
[0.497s] Level 5:colcon.colcon_core.verb:set package 'base_link_p3_description' build argument 'catkin_skip_building_tests' from command line to 'False'
[0.497s] DEBUG:colcon.colcon_core.verb:Building package 'base_link_p3_description' with the following arguments: {'ament_cmake_args': None, 'build_base': '/app/project/build/base_link_p3_description', 'catkin_cmake_args': None, 'catkin_skip_building_tests': False, 'cmake_args': None, 'cmake_clean_cache': False, 'cmake_clean_first': False, 'cmake_force_configure': False, 'cmake_target': None, 'cmake_target_skip_unavailable': False, 'install_base': '/app/project/install/base_link_p3_description', 'merge_install': False, 'path': '/app/project/src/base_link_p3_description', 'symlink_install': False, 'test_result_base': None}
[0.497s] Level 5:colcon.colcon_core.verb:set package 'robot_test_description' build argument 'cmake_args' from command line to 'None'
[0.497s] Level 5:colcon.colcon_core.verb:set package 'robot_test_description' build argument 'cmake_target' from command line to 'None'
[0.497s] Level 5:colcon.colcon_core.verb:set package 'robot_test_description' build argument 'cmake_target_skip_unavailable' from command line to 'False'
[0.497s] Level 5:colcon.colcon_core.verb:set package 'robot_test_description' build argument 'cmake_clean_cache' from command line to 'False'
[0.497s] Level 5:colcon.colcon_core.verb:set package 'robot_test_description' build argument 'cmake_clean_first' from command line to 'False'
[0.497s] Level 5:colcon.colcon_core.verb:set package 'robot_test_description' build argument 'cmake_force_configure' from command line to 'False'
[0.497s] Level 5:colcon.colcon_core.verb:set package 'robot_test_description' build argument 'ament_cmake_args' from command line to 'None'
[0.498s] Level 5:colcon.colcon_core.verb:set package 'robot_test_description' build argument 'catkin_cmake_args' from command line to 'None'
[0.498s] Level 5:colcon.colcon_core.verb:set package 'robot_test_description' build argument 'catkin_skip_building_tests' from command line to 'False'
[0.498s] DEBUG:colcon.colcon_core.verb:Building package 'robot_test_description' with the following arguments: {'ament_cmake_args': None, 'build_base': '/app/project/build/robot_test_description', 'catkin_cmake_args': None, 'catkin_skip_building_tests': False, 'cmake_args': None, 'cmake_clean_cache': False, 'cmake_clean_first': False, 'cmake_force_configure': False, 'cmake_target': None, 'cmake_target_skip_unavailable': False, 'install_base': '/app/project/install/robot_test_description', 'merge_install': False, 'path': '/app/project/src/robot_test_description', 'symlink_install': False, 'test_result_base': None}
[0.498s] Level 5:colcon.colcon_core.verb:set package 'rover__description' build argument 'cmake_args' from command line to 'None'
[0.498s] Level 5:colcon.colcon_core.verb:set package 'rover__description' build argument 'cmake_target' from command line to 'None'
[0.498s] Level 5:colcon.colcon_core.verb:set package 'rover__description' build argument 'cmake_target_skip_unavailable' from command line to 'False'
[0.498s] Level 5:colcon.colcon_core.verb:set package 'rover__description' build argument 'cmake_clean_cache' from command line to 'False'
[0.498s] Level 5:colcon.colcon_core.verb:set package 'rover__description' build argument 'cmake_clean_first' from command line to 'False'
[0.498s] Level 5:colcon.colcon_core.verb:set package 'rover__description' build argument 'cmake_force_configure' from command line to 'False'
[0.498s] Level 5:colcon.colcon_core.verb:set package 'rover__description' build argument 'ament_cmake_args' from command line to 'None'
[0.498s] Level 5:colcon.colcon_core.verb:set package 'rover__description' build argument 'catkin_cmake_args' from command line to 'None'
[0.498s] Level 5:colcon.colcon_core.verb:set package 'rover__description' build argument 'catkin_skip_building_tests' from command line to 'False'
[0.499s] DEBUG:colcon.colcon_core.verb:Building package 'rover__description' with the following arguments: {'ament_cmake_args': None, 'build_base': '/app/project/build/rover__description', 'catkin_cmake_args': None, 'catkin_skip_building_tests': False, 'cmake_args': None, 'cmake_clean_cache': False, 'cmake_clean_first': False, 'cmake_force_configure': False, 'cmake_target': None, 'cmake_target_skip_unavailable': False, 'install_base': '/app/project/install/rover__description', 'merge_install': False, 'path': '/app/project/src/rover__description', 'symlink_install': False, 'test_result_base': None}
[0.499s] INFO:colcon.colcon_core.executor:Executing jobs using 'parallel' executor
[0.501s] DEBUG:colcon.colcon_parallel_executor.executor.parallel:run_until_complete
[0.501s] INFO:colcon.colcon_ros.task.ament_python.build:Building ROS package in '/app/project/src/base_link_p3_description' with build type 'ament_python'
[0.501s] Level 1:colcon.colcon_core.shell:create_environment_hook('base_link_p3_description', 'ament_prefix_path')
[0.504s] INFO:colcon.colcon_core.plugin_system:Skipping extension 'colcon_core.shell.bat': Not used on non-Windows systems
[0.505s] INFO:colcon.colcon_core.shell:Creating environment hook '/app/project/install/base_link_p3_description/share/base_link_p3_description/hook/ament_prefix_path.ps1'
[0.506s] INFO:colcon.colcon_core.shell:Creating environment descriptor '/app/project/install/base_link_p3_description/share/base_link_p3_description/hook/ament_prefix_path.dsv'
[0.506s] INFO:colcon.colcon_core.shell:Creating environment hook '/app/project/install/base_link_p3_description/share/base_link_p3_description/hook/ament_prefix_path.sh'
[0.508s] INFO:colcon.colcon_core.shell:Skip shell extension 'powershell' for command environment: Not usable outside of PowerShell
[0.508s] DEBUG:colcon.colcon_core.shell:Skip shell extension 'dsv' for command environment
[0.516s] INFO:colcon.colcon_ros.task.ament_python.build:Building ROS package in '/app/project/src/robot_test_description' with build type 'ament_python'
[0.517s] Level 1:colcon.colcon_core.shell:create_environment_hook('robot_test_description', 'ament_prefix_path')
[0.517s] INFO:colcon.colcon_core.shell:Creating environment hook '/app/project/install/robot_test_description/share/robot_test_description/hook/ament_prefix_path.ps1'
[0.519s] INFO:colcon.colcon_core.shell:Creating environment descriptor '/app/project/install/robot_test_description/share/robot_test_description/hook/ament_prefix_path.dsv'
[0.519s] INFO:colcon.colcon_core.shell:Creating environment hook '/app/project/install/robot_test_description/share/robot_test_description/hook/ament_prefix_path.sh'
[0.521s] INFO:colcon.colcon_core.shell:Skip shell extension 'powershell' for command environment: Not usable outside of PowerShell
[0.521s] DEBUG:colcon.colcon_core.shell:Skip shell extension 'dsv' for command environment
[0.527s] INFO:colcon.colcon_ros.task.ament_python.build:Building ROS package in '/app/project/src/rover__description' with build type 'ament_python'
[0.528s] Level 1:colcon.colcon_core.shell:create_environment_hook('rover__description', 'ament_prefix_path')
[0.528s] INFO:colcon.colcon_core.shell:Creating environment hook '/app/project/install/rover__description/share/rover__description/hook/ament_prefix_path.ps1'
[0.529s] INFO:colcon.colcon_core.shell:Creating environment descriptor '/app/project/install/rover__description/share/rover__description/hook/ament_prefix_path.dsv'
[0.530s] INFO:colcon.colcon_core.shell:Creating environment hook '/app/project/install/rover__description/share/rover__description/hook/ament_prefix_path.sh'
[0.531s] INFO:colcon.colcon_core.shell:Skip shell extension 'powershell' for command environment: Not usable outside of PowerShell
[0.531s] DEBUG:colcon.colcon_core.shell:Skip shell extension 'dsv' for command environment
[0.919s] INFO:colcon.colcon_core.task.python.build:Building Python package in '/app/project/src/base_link_p3_description'
[0.919s] INFO:colcon.colcon_core.shell:Skip shell extension 'powershell' for command environment: Not usable outside of PowerShell
[0.919s] DEBUG:colcon.colcon_core.shell:Skip shell extension 'dsv' for command environment
[1.299s] INFO:colcon.colcon_core.task.python.build:Building Python package in '/app/project/src/robot_test_description'
[1.299s] INFO:colcon.colcon_core.shell:Skip shell extension 'powershell' for command environment: Not usable outside of PowerShell
[1.299s] DEBUG:colcon.colcon_core.shell:Skip shell extension 'dsv' for command environment
[1.684s] INFO:colcon.colcon_core.task.python.build:Building Python package in '/app/project/src/rover__description'
[1.685s] INFO:colcon.colcon_core.shell:Skip shell extension 'powershell' for command environment: Not usable outside of PowerShell
[1.685s] DEBUG:colcon.colcon_core.shell:Skip shell extension 'dsv' for command environment
[2.223s] DEBUG:colcon.colcon_core.event_handler.log_command:Invoking command in '/app/project/src/base_link_p3_description': PYTHONPATH=/app/project/build/base_link_p3_description/prefix_override:/usr/lib/python3/dist-packages/colcon_core/task/python/colcon_distutils_commands:/app/project/install/base_link_p3_description/lib/python3.10/site-packages:${PYTHONPATH} /usr/bin/python3 -W ignore:setup.py install is deprecated -W ignore:easy_install command is deprecated setup.py egg_info --egg-base ../../build/base_link_p3_description build --build-base /app/project/build/base_link_p3_description/build install --record /app/project/build/base_link_p3_description/install.log --single-version-externally-managed install_data
[2.233s] DEBUG:colcon.colcon_core.event_handler.log_command:Invoking command in '/app/project/src/rover__description': PYTHONPATH=/app/project/build/rover__description/prefix_override:/usr/lib/python3/dist-packages/colcon_core/task/python/colcon_distutils_commands:/app/project/install/rover__description/lib/python3.10/site-packages:${PYTHONPATH} /usr/bin/python3 -W ignore:setup.py install is deprecated -W ignore:easy_install command is deprecated setup.py egg_info --egg-base ../../build/rover__description build --build-base /app/project/build/rover__description/build install --record /app/project/build/rover__description/install.log --single-version-externally-managed install_data
[2.235s] DEBUG:colcon.colcon_core.event_handler.log_command:Invoking command in '/app/project/src/robot_test_description': PYTHONPATH=/app/project/build/robot_test_description/prefix_override:/usr/lib/python3/dist-packages/colcon_core/task/python/colcon_distutils_commands:/app/project/install/robot_test_description/lib/python3.10/site-packages:${PYTHONPATH} /usr/bin/python3 -W ignore:setup.py install is deprecated -W ignore:easy_install command is deprecated setup.py egg_info --egg-base ../../build/robot_test_description build --build-base /app/project/build/robot_test_description/build install --record /app/project/build/robot_test_description/install.log --single-version-externally-managed install_data
[2.662s] DEBUG:colcon.colcon_core.event_handler.log_command:Invoked command in '/app/project/src/base_link_p3_description' returned '0': PYTHONPATH=/app/project/build/base_link_p3_description/prefix_override:/usr/lib/python3/dist-packages/colcon_core/task/python/colcon_distutils_commands:/app/project/install/base_link_p3_description/lib/python3.10/site-packages:${PYTHONPATH} /usr/bin/python3 -W ignore:setup.py install is deprecated -W ignore:easy_install command is deprecated setup.py egg_info --egg-base ../../build/base_link_p3_description build --build-base /app/project/build/base_link_p3_description/build install --record /app/project/build/base_link_p3_description/install.log --single-version-externally-managed install_data
[2.679s] Level 1:colcon.colcon_core.environment:checking '/app/project/install/base_link_p3_description' for CMake module files
[2.680s] Level 1:colcon.colcon_core.environment:checking '/app/project/install/base_link_p3_description' for CMake config files
[2.681s] Level 1:colcon.colcon_core.environment:checking '/app/project/install/base_link_p3_description/lib'
[2.681s] Level 1:colcon.colcon_core.environment:checking '/app/project/install/base_link_p3_description/bin'
[2.681s] Level 1:colcon.colcon_core.environment:checking '/app/project/install/base_link_p3_description/lib/pkgconfig/base_link_p3_description.pc'
[2.682s] Level 1:colcon.colcon_core.environment:checking '/app/project/install/base_link_p3_description/lib/python3.10/site-packages'
[2.682s] Level 1:colcon.colcon_core.shell:create_environment_hook('base_link_p3_description', 'pythonpath')
[2.682s] INFO:colcon.colcon_core.shell:Creating environment hook '/app/project/install/base_link_p3_description/share/base_link_p3_description/hook/pythonpath.ps1'
[2.683s] INFO:colcon.colcon_core.shell:Creating environment descriptor '/app/project/install/base_link_p3_description/share/base_link_p3_description/hook/pythonpath.dsv'
[2.684s] INFO:colcon.colcon_core.shell:Creating environment hook '/app/project/install/base_link_p3_description/share/base_link_p3_description/hook/pythonpath.sh'
[2.685s] Level 1:colcon.colcon_core.environment:checking '/app/project/install/base_link_p3_description/bin'
[2.685s] Level 1:colcon.colcon_core.environment:create_environment_scripts_only(base_link_p3_description)
[2.685s] INFO:colcon.colcon_core.shell:Creating package script '/app/project/install/base_link_p3_description/share/base_link_p3_description/package.ps1'
[2.687s] INFO:colcon.colcon_core.shell:Creating package descriptor '/app/project/install/base_link_p3_description/share/base_link_p3_description/package.dsv'
[2.688s] INFO:colcon.colcon_core.shell:Creating package script '/app/project/install/base_link_p3_description/share/base_link_p3_description/package.sh'
[2.689s] INFO:colcon.colcon_core.shell:Creating package script '/app/project/install/base_link_p3_description/share/base_link_p3_description/package.bash'
[2.690s] INFO:colcon.colcon_core.shell:Creating package script '/app/project/install/base_link_p3_description/share/base_link_p3_description/package.zsh'
[2.691s] Level 1:colcon.colcon_core.environment:create_file_with_runtime_dependencies(/app/project/install/base_link_p3_description/share/colcon-core/packages/base_link_p3_description)
[2.693s] Level 1:colcon.colcon_core.environment:checking '/app/project/install/robot_test_description' for CMake module files
[2.693s] DEBUG:colcon.colcon_core.event_handler.log_command:Invoked command in '/app/project/src/robot_test_description' returned '0': PYTHONPATH=/app/project/build/robot_test_description/prefix_override:/usr/lib/python3/dist-packages/colcon_core/task/python/colcon_distutils_commands:/app/project/install/robot_test_description/lib/python3.10/site-packages:${PYTHONPATH} /usr/bin/python3 -W ignore:setup.py install is deprecated -W ignore:easy_install command is deprecated setup.py egg_info --egg-base ../../build/robot_test_description build --build-base /app/project/build/robot_test_description/build install --record /app/project/build/robot_test_description/install.log --single-version-externally-managed install_data
[2.694s] Level 1:colcon.colcon_core.environment:checking '/app/project/install/robot_test_description' for CMake config files
[2.695s] Level 1:colcon.colcon_core.environment:checking '/app/project/install/robot_test_description/lib'
[2.695s] Level 1:colcon.colcon_core.environment:checking '/app/project/install/robot_test_description/bin'
[2.695s] Level 1:colcon.colcon_core.environment:checking '/app/project/install/robot_test_description/lib/pkgconfig/robot_test_description.pc'
[2.695s] Level 1:colcon.colcon_core.environment:checking '/app/project/install/robot_test_description/lib/python3.10/site-packages'
[2.695s] Level 1:colcon.colcon_core.shell:create_environment_hook('robot_test_description', 'pythonpath')
[2.696s] INFO:colcon.colcon_core.shell:Creating environment hook '/app/project/install/robot_test_description/share/robot_test_description/hook/pythonpath.ps1'
[2.696s] INFO:colcon.colcon_core.shell:Creating environment descriptor '/app/project/install/robot_test_description/share/robot_test_description/hook/pythonpath.dsv'
[2.697s] INFO:colcon.colcon_core.shell:Creating environment hook '/app/project/install/robot_test_description/share/robot_test_description/hook/pythonpath.sh'
[2.698s] Level 1:colcon.colcon_core.environment:checking '/app/project/install/robot_test_description/bin'
[2.698s] Level 1:colcon.colcon_core.environment:create_environment_scripts_only(robot_test_description)
[2.699s] INFO:colcon.colcon_core.shell:Creating package script '/app/project/install/robot_test_description/share/robot_test_description/package.ps1'
[2.700s] INFO:colcon.colcon_core.shell:Creating package descriptor '/app/project/install/robot_test_description/share/robot_test_description/package.dsv'
[2.700s] INFO:colcon.colcon_core.shell:Creating package script '/app/project/install/robot_test_description/share/robot_test_description/package.sh'
[2.701s] INFO:colcon.colcon_core.shell:Creating package script '/app/project/install/robot_test_description/share/robot_test_description/package.bash'
[2.702s] INFO:colcon.colcon_core.shell:Creating package script '/app/project/install/robot_test_description/share/robot_test_description/package.zsh'
[2.702s] Level 1:colcon.colcon_core.environment:create_file_with_runtime_dependencies(/app/project/install/robot_test_description/share/colcon-core/packages/robot_test_description)
[2.703s] Level 1:colcon.colcon_core.environment:checking '/app/project/install/rover__description' for CMake module files
[2.704s] Level 1:colcon.colcon_core.environment:checking '/app/project/install/rover__description' for CMake config files
[2.705s] DEBUG:colcon.colcon_core.event_handler.log_command:Invoked command in '/app/project/src/rover__description' returned '0': PYTHONPATH=/app/project/build/rover__description/prefix_override:/usr/lib/python3/dist-packages/colcon_core/task/python/colcon_distutils_commands:/app/project/install/rover__description/lib/python3.10/site-packages:${PYTHONPATH} /usr/bin/python3 -W ignore:setup.py install is deprecated -W ignore:easy_install command is deprecated setup.py egg_info --egg-base ../../build/rover__description build --build-base /app/project/build/rover__description/build install --record /app/project/build/rover__description/install.log --single-version-externally-managed install_data
[2.706s] Level 1:colcon.colcon_core.environment:checking '/app/project/install/rover__description/lib'
[2.706s] Level 1:colcon.colcon_core.environment:checking '/app/project/install/rover__description/bin'
[2.706s] Level 1:colcon.colcon_core.environment:checking '/app/project/install/rover__description/lib/pkgconfig/rover__description.pc'
[2.706s] Level 1:colcon.colcon_core.environment:checking '/app/project/install/rover__description/lib/python3.10/site-packages'
[2.706s] Level 1:colcon.colcon_core.shell:create_environment_hook('rover__description', 'pythonpath')
[2.707s] INFO:colcon.colcon_core.shell:Creating environment hook '/app/project/install/rover__description/share/rover__description/hook/pythonpath.ps1'
[2.707s] INFO:colcon.colcon_core.shell:Creating environment descriptor '/app/project/install/rover__description/share/rover__description/hook/pythonpath.dsv'
[2.708s] INFO:colcon.colcon_core.shell:Creating environment hook '/app/project/install/rover__description/share/rover__description/hook/pythonpath.sh'
[2.709s] Level 1:colcon.colcon_core.environment:checking '/app/project/install/rover__description/bin'
[2.709s] Level 1:colcon.colcon_core.environment:create_environment_scripts_only(rover__description)
[2.709s] INFO:colcon.colcon_core.shell:Creating package script '/app/project/install/rover__description/share/rover__description/package.ps1'
[2.710s] INFO:colcon.colcon_core.shell:Creating package descriptor '/app/project/install/rover__description/share/rover__description/package.dsv'
[2.711s] INFO:colcon.colcon_core.shell:Creating package script '/app/project/install/rover__description/share/rover__description/package.sh'
[2.712s] INFO:colcon.colcon_core.shell:Creating package script '/app/project/install/rover__description/share/rover__description/package.bash'
[2.713s] INFO:colcon.colcon_core.shell:Creating package script '/app/project/install/rover__description/share/rover__description/package.zsh'
[2.713s] Level 1:colcon.colcon_core.environment:create_file_with_runtime_dependencies(/app/project/install/rover__description/share/colcon-core/packages/rover__description)
[2.713s] DEBUG:colcon.colcon_parallel_executor.executor.parallel:closing loop
[2.714s] DEBUG:colcon.colcon_parallel_executor.executor.parallel:loop closed
[2.714s] DEBUG:colcon.colcon_parallel_executor.executor.parallel:run_until_complete finished with '0'
[2.714s] DEBUG:colcon.colcon_core.event_reactor:joining thread
[2.723s] INFO:colcon.colcon_core.plugin_system:Skipping extension 'colcon_notification.desktop_notification.notify_send': Could not find 'notify-send'
[2.723s] INFO:colcon.colcon_core.plugin_system:Skipping extension 'colcon_notification.desktop_notification.terminal_notifier': Not used on non-Darwin systems
[2.723s] INFO:colcon.colcon_core.plugin_system:Skipping extension 'colcon_notification.desktop_notification.win32': Not used on non-Windows systems
[2.723s] INFO:colcon.colcon_notification.desktop_notification:Sending desktop notification using 'notify2'
[2.727s] DEBUG:colcon.colcon_notification.desktop_notification.notify2:Failed to initialize notify2: org.freedesktop.DBus.Error.Spawn.ExecFailed: /usr/bin/dbus-launch terminated abnormally without any error message
[2.727s] DEBUG:colcon.colcon_core.event_reactor:joined thread
[2.728s] INFO:colcon.colcon_core.shell:Creating prefix script '/app/project/install/local_setup.ps1'
[2.730s] INFO:colcon.colcon_core.shell:Creating prefix util module '/app/project/install/_local_setup_util_ps1.py'
[2.732s] INFO:colcon.colcon_core.shell:Creating prefix chain script '/app/project/install/setup.ps1'
[2.735s] INFO:colcon.colcon_core.shell:Creating prefix script '/app/project/install/local_setup.sh'
[2.736s] INFO:colcon.colcon_core.shell:Creating prefix util module '/app/project/install/_local_setup_util_sh.py'
[2.737s] INFO:colcon.colcon_core.shell:Creating prefix chain script '/app/project/install/setup.sh'
[2.739s] INFO:colcon.colcon_core.shell:Creating prefix script '/app/project/install/local_setup.bash'
[2.740s] INFO:colcon.colcon_core.shell:Creating prefix chain script '/app/project/install/setup.bash'
[2.741s] INFO:colcon.colcon_core.shell:Creating prefix script '/app/project/install/local_setup.zsh'
[2.743s] INFO:colcon.colcon_core.shell:Creating prefix chain script '/app/project/install/setup.zsh'
