[1.462s] Invoking command in '/app/project/src/base_link_p3_description': PYTHONPATH=/app/project/build/base_link_p3_description/prefix_override:/usr/lib/python3/dist-packages/colcon_core/task/python/colcon_distutils_commands:/app/project/install/base_link_p3_description/lib/python3.10/site-packages:${PYTHONPATH} /usr/bin/python3 -W ignore:setup.py install is deprecated -W ignore:easy_install command is deprecated setup.py egg_info --egg-base ../../build/base_link_p3_description build --build-base /app/project/build/base_link_p3_description/build install --record /app/project/build/base_link_p3_description/install.log --single-version-externally-managed install_data
[1.663s] running egg_info
[1.664s] writing ../../build/base_link_p3_description/base_link_p3_description.egg-info/PKG-INFO
[1.664s] writing dependency_links to ../../build/base_link_p3_description/base_link_p3_description.egg-info/dependency_links.txt
[1.664s] writing entry points to ../../build/base_link_p3_description/base_link_p3_description.egg-info/entry_points.txt
[1.664s] writing requirements to ../../build/base_link_p3_description/base_link_p3_description.egg-info/requires.txt
[1.664s] writing top-level names to ../../build/base_link_p3_description/base_link_p3_description.egg-info/top_level.txt
[1.667s] reading manifest file '../../build/base_link_p3_description/base_link_p3_description.egg-info/SOURCES.txt'
[1.668s] writing manifest file '../../build/base_link_p3_description/base_link_p3_description.egg-info/SOURCES.txt'
[1.668s] running build
[1.668s] running build_py
[1.668s] copying base_link_p3_description/__init__.py -> /app/project/build/base_link_p3_description/build/lib/base_link_p3_description
[1.668s] running install
[1.669s] running install_lib
[1.669s] copying /app/project/build/base_link_p3_description/build/lib/base_link_p3_description/__init__.py -> /app/project/install/base_link_p3_description/lib/python3.10/site-packages/base_link_p3_description
[1.670s] byte-compiling /app/project/install/base_link_p3_description/lib/python3.10/site-packages/base_link_p3_description/__init__.py to __init__.cpython-310.pyc
[1.671s] running install_data
[1.671s] copying resource/base_link_p3_description -> /app/project/install/base_link_p3_description/share/ament_index/resource_index/packages
[1.671s] copying package.xml -> /app/project/install/base_link_p3_description/share/base_link_p3_description
[1.671s] copying launch/gazebo.launch.py -> /app/project/install/base_link_p3_description/share/base_link_p3_description/launch
[1.671s] copying launch/display.launch.py -> /app/project/install/base_link_p3_description/share/base_link_p3_description/launch
[1.672s] copying urdf/base_link_p3.xacro -> /app/project/install/base_link_p3_description/share/base_link_p3_description/urdf
[1.672s] copying urdf/base_link_p3.gazebo -> /app/project/install/base_link_p3_description/share/base_link_p3_description/urdf
[1.672s] copying urdf/base_link_p3.ros2control -> /app/project/install/base_link_p3_description/share/base_link_p3_description/urdf
[1.672s] copying urdf/materials.xacro -> /app/project/install/base_link_p3_description/share/base_link_p3_description/urdf
[1.672s] copying meshes/base_link.stl -> /app/project/install/base_link_p3_description/share/base_link_p3_description/meshes
[1.674s] copying meshes/body_5.stl -> /app/project/install/base_link_p3_description/share/base_link_p3_description/meshes
[1.677s] copying meshes/body_3.stl -> /app/project/install/base_link_p3_description/share/base_link_p3_description/meshes
[1.680s] copying meshes/body_4.stl -> /app/project/install/base_link_p3_description/share/base_link_p3_description/meshes
[1.683s] copying meshes/body_1.stl -> /app/project/install/base_link_p3_description/share/base_link_p3_description/meshes
[1.686s] copying meshes/Parte6_3.stl -> /app/project/install/base_link_p3_description/share/base_link_p3_description/meshes
[1.687s] copying meshes/Parte6_5.stl -> /app/project/install/base_link_p3_description/share/base_link_p3_description/meshes
[1.688s] copying meshes/Parte6_2.stl -> /app/project/install/base_link_p3_description/share/base_link_p3_description/meshes
[1.690s] copying meshes/Parte1__17__2.stl -> /app/project/install/base_link_p3_description/share/base_link_p3_description/meshes
[1.699s] copying meshes/Parte6_4.stl -> /app/project/install/base_link_p3_description/share/base_link_p3_description/meshes
[1.701s] copying meshes/Parte1__17__1.stl -> /app/project/install/base_link_p3_description/share/base_link_p3_description/meshes
[1.710s] copying config/ros_gz_bridge_gazebo.yaml -> /app/project/install/base_link_p3_description/share/base_link_p3_description/config
[1.710s] copying config/display.rviz -> /app/project/install/base_link_p3_description/share/base_link_p3_description/config
[1.710s] copying config/gazebo.rviz -> /app/project/install/base_link_p3_description/share/base_link_p3_description/config
[1.710s] running install_egg_info
[1.713s] removing '/app/project/install/base_link_p3_description/lib/python3.10/site-packages/base_link_p3_description-0.0.0-py3.10.egg-info' (and everything under it)
[1.713s] Copying ../../build/base_link_p3_description/base_link_p3_description.egg-info to /app/project/install/base_link_p3_description/lib/python3.10/site-packages/base_link_p3_description-0.0.0-py3.10.egg-info
[1.714s] running install_scripts
[1.736s] writing list of installed files to '/app/project/build/base_link_p3_description/install.log'
[1.768s] Invoked command in '/app/project/src/base_link_p3_description' returned '0': PYTHONPATH=/app/project/build/base_link_p3_description/prefix_override:/usr/lib/python3/dist-packages/colcon_core/task/python/colcon_distutils_commands:/app/project/install/base_link_p3_description/lib/python3.10/site-packages:${PYTHONPATH} /usr/bin/python3 -W ignore:setup.py install is deprecated -W ignore:easy_install command is deprecated setup.py egg_info --egg-base ../../build/base_link_p3_description build --build-base /app/project/build/base_link_p3_description/build install --record /app/project/build/base_link_p3_description/install.log --single-version-externally-managed install_data
