[0.000000] (-) TimerEvent: {}
[0.000134] (base_link_description) JobQueued: {'identifier': 'base_link_description', 'dependencies': OrderedDict()}
[0.000165] (base_link_p3_description) JobQueued: {'identifier': 'base_link_p3_description', 'dependencies': OrderedDict()}
[0.000182] (base_link_t1_description) JobQueued: {'identifier': 'base_link_t1_description', 'dependencies': OrderedDict()}
[0.000667] (base_link_description) JobStarted: {'identifier': 'base_link_description'}
[0.011296] (base_link_p3_description) JobStarted: {'identifier': 'base_link_p3_description'}
[0.017417] (base_link_t1_description) JobStarted: {'identifier': 'base_link_t1_description'}
[0.099729] (-) TimerEvent: {}
[0.199884] (-) TimerEvent: {}
[0.300043] (-) TimerEvent: {}
[0.400228] (-) TimerEvent: {}
[0.500418] (-) TimerEvent: {}
[0.600567] (-) TimerEvent: {}
[0.700785] (-) TimerEvent: {}
[0.801012] (-) TimerEvent: {}
[0.901198] (-) TimerEvent: {}
[1.001387] (-) TimerEvent: {}
[1.008105] (base_link_t1_description) Command: {'cmd': ['/usr/bin/python3', '-W', 'ignore:setup.py install is deprecated', '-W', 'ignore:easy_install command is deprecated', 'setup.py', 'egg_info', '--egg-base', '../../build/base_link_t1_description', 'build', '--build-base', '/app/project/build/base_link_t1_description/build', 'install', '--record', '/app/project/build/base_link_t1_description/install.log', '--single-version-externally-managed', 'install_data'], 'cwd': '/app/project/src/base_link_t1_description', 'env': {'HOSTNAME': 'linux-portatil', 'SHLVL': '1', 'LD_LIBRARY_PATH': '/usr/lib/x86_64-linux-gnu/gazebo-11/plugins:/opt/ros/humble/opt/rviz_ogre_vendor/lib:/opt/ros/humble/lib/x86_64-linux-gnu:/opt/ros/humble/lib', 'HOME': '/root', 'OLDPWD': '/app', 'ROS_PYTHON_VERSION': '3', 'COLCON_PREFIX_PATH': '/app/project/install', 'ROS_DISTRO': 'humble', '_': '/usr/bin/colcon', 'ROS_VERSION': '2', 'ROS_LOCALHOST_ONLY': '0', 'PATH': '/opt/ros/humble/bin:/app/simulator/scripts:/home/linuxbrew/.linuxbrew/bin:/opt/st/stm32cubeide_1.19.0:/home/linuxbrew/.linuxbrew/bin:/opt/st/stm32cubeide_1.19.0:/home/joao41/.local/bin:/home/joao41/bin:/usr/local/sbin:/usr/local/bin:/usr/sbin:/usr/bin:/sbin:/bin:/usr/games:/usr/local/games:/snap/bin:/snap/bin', 'DISPLAY': ':0', 'LANG': 'C.UTF-8', 'AMENT_PREFIX_PATH': '/app/project/install/base_link_t1_description:/app/project/install/base_link_p3_description:/app/project/install/base_link_description:/opt/ros/humble', 'PWD': '/app/project/build/base_link_t1_description', 'LC_ALL': 'C.UTF-8', 'PYTHONPATH': '/app/project/build/base_link_t1_description/prefix_override:/usr/lib/python3/dist-packages/colcon_core/task/python/colcon_distutils_commands:/app/project/install/base_link_t1_description/lib/python3.10/site-packages:/app/project/install/base_link_t1_description/lib/python3.10/site-packages:/app/project/install/base_link_p3_description/lib/python3.10/site-packages:/app/project/install/base_link_description/lib/python3.10/site-packages:/opt/ros/humble/lib/python3.10/site-packages:/opt/ros/humble/local/lib/python3.10/dist-packages', 'COLCON': '1'}, 'shell': False}
[1.023840] (base_link_description) Command: {'cmd': ['/usr/bin/python3', '-W', 'ignore:setup.py install is deprecated', '-W', 'ignore:easy_install command is deprecated', 'setup.py', 'egg_info', '--egg-base', '../../build/base_link_description', 'build', '--build-base', '/app/project/build/base_link_description/build', 'install', '--record', '/app/project/build/base_link_description/install.log', '--single-version-externally-managed', 'install_data'], 'cwd': '/app/project/src/base_link_description', 'env': {'HOSTNAME': 'linux-portatil', 'SHLVL': '1', 'LD_LIBRARY_PATH': '/usr/lib/x86_64-linux-gnu/gazebo-11/plugins:/opt/ros/humble/opt/rviz_ogre_vendor/lib:/opt/ros/humble/lib/x86_64-linux-gnu:/opt/ros/humble/lib', 'HOME': '/root', 'OLDPWD': '/app', 'ROS_PYTHON_VERSION': '3', 'COLCON_PREFIX_PATH': '/app/project/install', 'ROS_DISTRO': 'humble', '_': '/usr/bin/colcon', 'ROS_VERSION': '2', 'ROS_LOCALHOST_ONLY': '0', 'PATH': '/opt/ros/humble/bin:/app/simulator/scripts:/home/linuxbrew/.linuxbrew/bin:/opt/st/stm32cubeide_1.19.0:/home/linuxbrew/.linuxbrew/bin:/opt/st/stm32cubeide_1.19.0:/home/joao41/.local/bin:/home/joao41/bin:/usr/local/sbin:/usr/local/bin:/usr/sbin:/usr/bin:/sbin:/bin:/usr/games:/usr/local/games:/snap/bin:/snap/bin', 'DISPLAY': ':0', 'LANG': 'C.UTF-8', 'AMENT_PREFIX_PATH': '/app/project/install/base_link_t1_description:/app/project/install/base_link_p3_description:/app/project/install/base_link_description:/opt/ros/humble', 'PWD': '/app/project/build/base_link_description', 'LC_ALL': 'C.UTF-8', 'PYTHONPATH': '/app/project/build/base_link_description/prefix_override:/usr/lib/python3/dist-packages/colcon_core/task/python/colcon_distutils_commands:/app/project/install/base_link_description/lib/python3.10/site-packages:/app/project/install/base_link_t1_description/lib/python3.10/site-packages:/app/project/install/base_link_p3_description/lib/python3.10/site-packages:/app/project/install/base_link_description/lib/python3.10/site-packages:/opt/ros/humble/lib/python3.10/site-packages:/opt/ros/humble/local/lib/python3.10/dist-packages', 'COLCON': '1'}, 'shell': False}
[1.030995] (base_link_p3_description) Command: {'cmd': ['/usr/bin/python3', '-W', 'ignore:setup.py install is deprecated', '-W', 'ignore:easy_install command is deprecated', 'setup.py', 'egg_info', '--egg-base', '../../build/base_link_p3_description', 'build', '--build-base', '/app/project/build/base_link_p3_description/build', 'install', '--record', '/app/project/build/base_link_p3_description/install.log', '--single-version-externally-managed', 'install_data'], 'cwd': '/app/project/src/base_link_p3_description', 'env': {'HOSTNAME': 'linux-portatil', 'SHLVL': '1', 'LD_LIBRARY_PATH': '/usr/lib/x86_64-linux-gnu/gazebo-11/plugins:/opt/ros/humble/opt/rviz_ogre_vendor/lib:/opt/ros/humble/lib/x86_64-linux-gnu:/opt/ros/humble/lib', 'HOME': '/root', 'OLDPWD': '/app', 'ROS_PYTHON_VERSION': '3', 'COLCON_PREFIX_PATH': '/app/project/install', 'ROS_DISTRO': 'humble', '_': '/usr/bin/colcon', 'ROS_VERSION': '2', 'ROS_LOCALHOST_ONLY': '0', 'PATH': '/opt/ros/humble/bin:/app/simulator/scripts:/home/linuxbrew/.linuxbrew/bin:/opt/st/stm32cubeide_1.19.0:/home/linuxbrew/.linuxbrew/bin:/opt/st/stm32cubeide_1.19.0:/home/joao41/.local/bin:/home/joao41/bin:/usr/local/sbin:/usr/local/bin:/usr/sbin:/usr/bin:/sbin:/bin:/usr/games:/usr/local/games:/snap/bin:/snap/bin', 'DISPLAY': ':0', 'LANG': 'C.UTF-8', 'AMENT_PREFIX_PATH': '/app/project/install/base_link_t1_description:/app/project/install/base_link_p3_description:/app/project/install/base_link_description:/opt/ros/humble', 'PWD': '/app/project/build/base_link_p3_description', 'LC_ALL': 'C.UTF-8', 'PYTHONPATH': '/app/project/build/base_link_p3_description/prefix_override:/usr/lib/python3/dist-packages/colcon_core/task/python/colcon_distutils_commands:/app/project/install/base_link_p3_description/lib/python3.10/site-packages:/app/project/install/base_link_t1_description/lib/python3.10/site-packages:/app/project/install/base_link_p3_description/lib/python3.10/site-packages:/app/project/install/base_link_description/lib/python3.10/site-packages:/opt/ros/humble/lib/python3.10/site-packages:/opt/ros/humble/local/lib/python3.10/dist-packages', 'COLCON': '1'}, 'shell': False}
[1.101477] (-) TimerEvent: {}
[1.201663] (-) TimerEvent: {}
[1.210309] (base_link_t1_description) StdoutLine: {'line': b'running egg_info\n'}
[1.211034] (base_link_t1_description) StdoutLine: {'line': b'writing ../../build/base_link_t1_description/base_link_t1_description.egg-info/PKG-INFO\n'}
[1.211254] (base_link_t1_description) StdoutLine: {'line': b'writing dependency_links to ../../build/base_link_t1_description/base_link_t1_description.egg-info/dependency_links.txt\n'}
[1.211393] (base_link_t1_description) StdoutLine: {'line': b'writing entry points to ../../build/base_link_t1_description/base_link_t1_description.egg-info/entry_points.txt\n'}
[1.211526] (base_link_t1_description) StdoutLine: {'line': b'writing requirements to ../../build/base_link_t1_description/base_link_t1_description.egg-info/requires.txt\n'}
[1.211611] (base_link_t1_description) StdoutLine: {'line': b'writing top-level names to ../../build/base_link_t1_description/base_link_t1_description.egg-info/top_level.txt\n'}
[1.213186] (base_link_t1_description) StdoutLine: {'line': b"reading manifest file '../../build/base_link_t1_description/base_link_t1_description.egg-info/SOURCES.txt'\n"}
[1.214008] (base_link_t1_description) StdoutLine: {'line': b"writing manifest file '../../build/base_link_t1_description/base_link_t1_description.egg-info/SOURCES.txt'\n"}
[1.214141] (base_link_t1_description) StdoutLine: {'line': b'running build\n'}
[1.214193] (base_link_t1_description) StdoutLine: {'line': b'running build_py\n'}
[1.214297] (base_link_t1_description) StdoutLine: {'line': b'running install\n'}
[1.214545] (base_link_t1_description) StdoutLine: {'line': b'running install_lib\n'}
[1.215874] (base_link_t1_description) StdoutLine: {'line': b'running install_data\n'}
[1.216357] (base_link_t1_description) StdoutLine: {'line': b'running install_egg_info\n'}
[1.217906] (base_link_t1_description) StdoutLine: {'line': b"removing '/app/project/install/base_link_t1_description/lib/python3.10/site-packages/base_link_t1_description-0.0.0-py3.10.egg-info' (and everything under it)\n"}
[1.218208] (base_link_description) StdoutLine: {'line': b'running egg_info\n'}
[1.218311] (base_link_t1_description) StdoutLine: {'line': b'Copying ../../build/base_link_t1_description/base_link_t1_description.egg-info to /app/project/install/base_link_t1_description/lib/python3.10/site-packages/base_link_t1_description-0.0.0-py3.10.egg-info\n'}
[1.218748] (base_link_description) StdoutLine: {'line': b'writing ../../build/base_link_description/base_link_description.egg-info/PKG-INFO\n'}
[1.218924] (base_link_description) StdoutLine: {'line': b'writing dependency_links to ../../build/base_link_description/base_link_description.egg-info/dependency_links.txt\n'}
[1.219083] (base_link_t1_description) StdoutLine: {'line': b'running install_scripts\n'}
[1.219303] (base_link_description) StdoutLine: {'line': b'writing entry points to ../../build/base_link_description/base_link_description.egg-info/entry_points.txt\n'}
[1.219362] (base_link_description) StdoutLine: {'line': b'writing requirements to ../../build/base_link_description/base_link_description.egg-info/requires.txt\n'}
[1.219412] (base_link_description) StdoutLine: {'line': b'writing top-level names to ../../build/base_link_description/base_link_description.egg-info/top_level.txt\n'}
[1.220665] (base_link_description) StdoutLine: {'line': b"reading manifest file '../../build/base_link_description/base_link_description.egg-info/SOURCES.txt'\n"}
[1.221462] (base_link_description) StdoutLine: {'line': b"writing manifest file '../../build/base_link_description/base_link_description.egg-info/SOURCES.txt'\n"}
[1.221609] (base_link_description) StdoutLine: {'line': b'running build\n'}
[1.221662] (base_link_description) StdoutLine: {'line': b'running build_py\n'}
[1.221786] (base_link_description) StdoutLine: {'line': b'running install\n'}
[1.221943] (base_link_description) StdoutLine: {'line': b'running install_lib\n'}
[1.222841] (base_link_description) StdoutLine: {'line': b'running install_data\n'}
[1.223254] (base_link_description) StdoutLine: {'line': b'running install_egg_info\n'}
[1.224738] (base_link_description) StdoutLine: {'line': b"removing '/app/project/install/base_link_description/lib/python3.10/site-packages/base_link_description-0.0.0-py3.10.egg-info' (and everything under it)\n"}
[1.225070] (base_link_description) StdoutLine: {'line': b'Copying ../../build/base_link_description/base_link_description.egg-info to /app/project/install/base_link_description/lib/python3.10/site-packages/base_link_description-0.0.0-py3.10.egg-info\n'}
[1.225862] (base_link_description) StdoutLine: {'line': b'running install_scripts\n'}
[1.236229] (base_link_p3_description) StdoutLine: {'line': b'running egg_info\n'}
[1.236821] (base_link_p3_description) StdoutLine: {'line': b'writing ../../build/base_link_p3_description/base_link_p3_description.egg-info/PKG-INFO\n'}
[1.237030] (base_link_p3_description) StdoutLine: {'line': b'writing dependency_links to ../../build/base_link_p3_description/base_link_p3_description.egg-info/dependency_links.txt\n'}
[1.237170] (base_link_p3_description) StdoutLine: {'line': b'writing entry points to ../../build/base_link_p3_description/base_link_p3_description.egg-info/entry_points.txt\n'}
[1.237360] (base_link_p3_description) StdoutLine: {'line': b'writing requirements to ../../build/base_link_p3_description/base_link_p3_description.egg-info/requires.txt\n'}
[1.237421] (base_link_p3_description) StdoutLine: {'line': b'writing top-level names to ../../build/base_link_p3_description/base_link_p3_description.egg-info/top_level.txt\n'}
[1.237776] (base_link_t1_description) StdoutLine: {'line': b"writing list of installed files to '/app/project/build/base_link_t1_description/install.log'\n"}
[1.238882] (base_link_p3_description) StdoutLine: {'line': b"reading manifest file '../../build/base_link_p3_description/base_link_p3_description.egg-info/SOURCES.txt'\n"}
[1.239838] (base_link_p3_description) StdoutLine: {'line': b"writing manifest file '../../build/base_link_p3_description/base_link_p3_description.egg-info/SOURCES.txt'\n"}
[1.239969] (base_link_p3_description) StdoutLine: {'line': b'running build\n'}
[1.240019] (base_link_p3_description) StdoutLine: {'line': b'running build_py\n'}
[1.240121] (base_link_p3_description) StdoutLine: {'line': b'running install\n'}
[1.240371] (base_link_p3_description) StdoutLine: {'line': b'running install_lib\n'}
[1.241472] (base_link_p3_description) StdoutLine: {'line': b'running install_data\n'}
[1.242175] (base_link_p3_description) StdoutLine: {'line': b'running install_egg_info\n'}
[1.243921] (base_link_p3_description) StdoutLine: {'line': b"removing '/app/project/install/base_link_p3_description/lib/python3.10/site-packages/base_link_p3_description-0.0.0-py3.10.egg-info' (and everything under it)\n"}
[1.244010] (base_link_description) StdoutLine: {'line': b"writing list of installed files to '/app/project/build/base_link_description/install.log'\n"}
[1.244214] (base_link_p3_description) StdoutLine: {'line': b'Copying ../../build/base_link_p3_description/base_link_p3_description.egg-info to /app/project/install/base_link_p3_description/lib/python3.10/site-packages/base_link_p3_description-0.0.0-py3.10.egg-info\n'}
[1.245192] (base_link_p3_description) StdoutLine: {'line': b'running install_scripts\n'}
[1.265649] (base_link_p3_description) StdoutLine: {'line': b"writing list of installed files to '/app/project/build/base_link_p3_description/install.log'\n"}
[1.268869] (base_link_description) CommandEnded: {'returncode': 0}
[1.301852] (base_link_description) JobEnded: {'identifier': 'base_link_description', 'rc': 0}
[1.303320] (-) TimerEvent: {}
[1.303361] (base_link_t1_description) CommandEnded: {'returncode': 0}
[1.309174] (base_link_t1_description) JobEnded: {'identifier': 'base_link_t1_description', 'rc': 0}
[1.309787] (base_link_p3_description) CommandEnded: {'returncode': 0}
[1.314629] (base_link_p3_description) JobEnded: {'identifier': 'base_link_p3_description', 'rc': 0}
[1.315080] (-) EventReactorShutdown: {}
