[1.911s] Invoking command in '/app/project/src/base_link_p3_description': PYTHONPATH=/app/project/build/base_link_p3_description/prefix_override:/usr/lib/python3/dist-packages/colcon_core/task/python/colcon_distutils_commands:/app/project/install/base_link_p3_description/lib/python3.10/site-packages:${PYTHONPATH} /usr/bin/python3 -W ignore:setup.py install is deprecated -W ignore:easy_install command is deprecated setup.py egg_info --egg-base ../../build/base_link_p3_description build --build-base /app/project/build/base_link_p3_description/build install --record /app/project/build/base_link_p3_description/install.log --single-version-externally-managed install_data
[2.267s] running egg_info
[2.268s] writing ../../build/base_link_p3_description/base_link_p3_description.egg-info/PKG-INFO
[2.268s] writing dependency_links to ../../build/base_link_p3_description/base_link_p3_description.egg-info/dependency_links.txt
[2.269s] writing entry points to ../../build/base_link_p3_description/base_link_p3_description.egg-info/entry_points.txt
[2.269s] writing requirements to ../../build/base_link_p3_description/base_link_p3_description.egg-info/requires.txt
[2.269s] writing top-level names to ../../build/base_link_p3_description/base_link_p3_description.egg-info/top_level.txt
[2.273s] reading manifest file '../../build/base_link_p3_description/base_link_p3_description.egg-info/SOURCES.txt'
[2.275s] writing manifest file '../../build/base_link_p3_description/base_link_p3_description.egg-info/SOURCES.txt'
[2.275s] running build
[2.275s] running build_py
[2.276s] running install
[2.276s] running install_lib
[2.278s] running install_data
[2.280s] running install_egg_info
[2.283s] removing '/app/project/install/base_link_p3_description/lib/python3.10/site-packages/base_link_p3_description-0.0.0-py3.10.egg-info' (and everything under it)
[2.283s] Copying ../../build/base_link_p3_description/base_link_p3_description.egg-info to /app/project/install/base_link_p3_description/lib/python3.10/site-packages/base_link_p3_description-0.0.0-py3.10.egg-info
[2.285s] running install_scripts
[2.317s] writing list of installed files to '/app/project/build/base_link_p3_description/install.log'
[2.404s] Invoked command in '/app/project/src/base_link_p3_description' returned '0': PYTHONPATH=/app/project/build/base_link_p3_description/prefix_override:/usr/lib/python3/dist-packages/colcon_core/task/python/colcon_distutils_commands:/app/project/install/base_link_p3_description/lib/python3.10/site-packages:${PYTHONPATH} /usr/bin/python3 -W ignore:setup.py install is deprecated -W ignore:easy_install command is deprecated setup.py egg_info --egg-base ../../build/base_link_p3_description build --build-base /app/project/build/base_link_p3_description/build install --record /app/project/build/base_link_p3_description/install.log --single-version-externally-managed install_data
