[1.034s] Invoking command in '/app/project/src/rover__description': PYTHONPATH=/app/project/build/rover__description/prefix_override:/usr/lib/python3/dist-packages/colcon_core/task/python/colcon_distutils_commands:/app/project/install/rover__description/lib/python3.10/site-packages:${PYTHONPATH} /usr/bin/python3 -W ignore:setup.py install is deprecated -W ignore:easy_install command is deprecated setup.py egg_info --egg-base ../../build/rover__description build --build-base /app/project/build/rover__description/build install --record /app/project/build/rover__description/install.log --single-version-externally-managed install_data
[1.247s] running egg_info
[1.248s] writing ../../build/rover__description/rover_description.egg-info/PKG-INFO
[1.248s] writing dependency_links to ../../build/rover__description/rover_description.egg-info/dependency_links.txt
[1.248s] writing entry points to ../../build/rover__description/rover_description.egg-info/entry_points.txt
[1.248s] writing requirements to ../../build/rover__description/rover_description.egg-info/requires.txt
[1.248s] writing top-level names to ../../build/rover__description/rover_description.egg-info/top_level.txt
[1.250s] reading manifest file '../../build/rover__description/rover_description.egg-info/SOURCES.txt'
[1.251s] writing manifest file '../../build/rover__description/rover_description.egg-info/SOURCES.txt'
[1.251s] running build
[1.251s] running build_py
[1.251s] running install
[1.251s] running install_lib
[1.252s] running install_data
[1.252s] running install_egg_info
[1.254s] removing '/app/project/install/rover__description/lib/python3.10/site-packages/rover_description-0.0.0-py3.10.egg-info' (and everything under it)
[1.254s] Copying ../../build/rover__description/rover_description.egg-info to /app/project/install/rover__description/lib/python3.10/site-packages/rover_description-0.0.0-py3.10.egg-info
[1.255s] running install_scripts
[1.274s] writing list of installed files to '/app/project/build/rover__description/install.log'
[1.318s] Invoked command in '/app/project/src/rover__description' returned '0': PYTHONPATH=/app/project/build/rover__description/prefix_override:/usr/lib/python3/dist-packages/colcon_core/task/python/colcon_distutils_commands:/app/project/install/rover__description/lib/python3.10/site-packages:${PYTHONPATH} /usr/bin/python3 -W ignore:setup.py install is deprecated -W ignore:easy_install command is deprecated setup.py egg_info --egg-base ../../build/rover__description build --build-base /app/project/build/rover__description/build install --record /app/project/build/rover__description/install.log --single-version-externally-managed install_data
