/app/project/install/rover_se_pernas_description/lib/python3.10/site-packages/rover_se_pernas_description/__init__.py
/app/project/install/rover_se_pernas_description/lib/python3.10/site-packages/rover_se_pernas_description/__pycache__/__init__.cpython-310.pyc
/app/project/install/rover_se_pernas_description/share/ament_index/resource_index/packages/rover_se_pernas_description
/app/project/install/rover_se_pernas_description/share/rover_se_pernas_description/package.xml
/app/project/install/rover_se_pernas_description/share/rover_se_pernas_description/launch/gazebo.launch.py
/app/project/install/rover_se_pernas_description/share/rover_se_pernas_description/launch/display.launch.py
/app/project/install/rover_se_pernas_description/share/rover_se_pernas_description/urdf/rover_se_pernas.gazebo
/app/project/install/rover_se_pernas_description/share/rover_se_pernas_description/urdf/rover_se_pernas.xacro
/app/project/install/rover_se_pernas_description/share/rover_se_pernas_description/urdf/rover_se_pernas.ros2control
/app/project/install/rover_se_pernas_description/share/rover_se_pernas_description/urdf/materials.xacro
/app/project/install/rover_se_pernas_description/share/rover_se_pernas_description/meshes/base_link.stl
/app/project/install/rover_se_pernas_description/share/rover_se_pernas_description/meshes/body_four_2.stl
/app/project/install/rover_se_pernas_description/share/rover_se_pernas_description/meshes/body_three_1.stl
/app/project/install/rover_se_pernas_description/share/rover_se_pernas_description/meshes/body_five_v1_1.stl
/app/project/install/rover_se_pernas_description/share/rover_se_pernas_description/config/ros_gz_bridge_gazebo.yaml
/app/project/install/rover_se_pernas_description/share/rover_se_pernas_description/config/display.rviz
/app/project/install/rover_se_pernas_description/share/rover_se_pernas_description/config/gazebo.rviz
/app/project/install/rover_se_pernas_description/lib/python3.10/site-packages/rover_se_pernas_description-0.0.0-py3.10.egg-info/requires.txt
/app/project/install/rover_se_pernas_description/lib/python3.10/site-packages/rover_se_pernas_description-0.0.0-py3.10.egg-info/PKG-INFO
/app/project/install/rover_se_pernas_description/lib/python3.10/site-packages/rover_se_pernas_description-0.0.0-py3.10.egg-info/zip-safe
/app/project/install/rover_se_pernas_description/lib/python3.10/site-packages/rover_se_pernas_description-0.0.0-py3.10.egg-info/top_level.txt
/app/project/install/rover_se_pernas_description/lib/python3.10/site-packages/rover_se_pernas_description-0.0.0-py3.10.egg-info/SOURCES.txt
/app/project/install/rover_se_pernas_description/lib/python3.10/site-packages/rover_se_pernas_description-0.0.0-py3.10.egg-info/dependency_links.txt
/app/project/install/rover_se_pernas_description/lib/python3.10/site-packages/rover_se_pernas_description-0.0.0-py3.10.egg-info/entry_points.txt
