[0.000000] (-) TimerEvent: {}
[0.000255] (base_link_p3_description) JobQueued: {'identifier': 'base_link_p3_description', 'dependencies': OrderedDict()}
[0.000317] (robot_test_description) JobQueued: {'identifier': 'robot_test_description', 'dependencies': OrderedDict()}
[0.000352] (rover__description) JobQueued: {'identifier': 'rover__description', 'dependencies': OrderedDict()}
[0.001235] (base_link_p3_description) JobStarted: {'identifier': 'base_link_p3_description'}
[0.019126] (robot_test_description) JobStarted: {'identifier': 'robot_test_description'}
[0.033720] (rover__description) JobStarted: {'identifier': 'rover__description'}
[0.099600] (-) TimerEvent: {}
[0.199898] (-) TimerEvent: {}
[0.300211] (-) TimerEvent: {}
[0.405262] (-) TimerEvent: {}
[0.506260] (-) TimerEvent: {}
[0.606539] (-) TimerEvent: {}
[0.706807] (-) TimerEvent: {}
[0.807213] (-) TimerEvent: {}
[0.907503] (-) TimerEvent: {}
[1.007863] (-) TimerEvent: {}
[1.108161] (-) TimerEvent: {}
[1.208496] (-) TimerEvent: {}
[1.308813] (-) TimerEvent: {}
[1.409060] (-) TimerEvent: {}
[1.509337] (-) TimerEvent: {}
[1.609641] (-) TimerEvent: {}
[1.709994] (-) TimerEvent: {}
[1.719460] (base_link_p3_description) Command: {'cmd': ['/usr/bin/python3', '-W', 'ignore:setup.py install is deprecated', '-W', 'ignore:easy_install command is deprecated', 'setup.py', 'egg_info', '--egg-base', '../../build/base_link_p3_description', 'build', '--build-base', '/app/project/build/base_link_p3_description/build', 'install', '--record', '/app/project/build/base_link_p3_description/install.log', '--single-version-externally-managed', 'install_data'], 'cwd': '/app/project/src/base_link_p3_description', 'env': {'HOSTNAME': 'linux-portatil', 'SHLVL': '1', 'LD_LIBRARY_PATH': '/usr/lib/x86_64-linux-gnu/gazebo-11/plugins:/opt/ros/humble/opt/rviz_ogre_vendor/lib:/opt/ros/humble/lib/x86_64-linux-gnu:/opt/ros/humble/lib', 'HOME': '/root', 'OLDPWD': '/app', 'ROS_PYTHON_VERSION': '3', 'COLCON_PREFIX_PATH': '/app/project/install', 'ROS_DISTRO': 'humble', '_': '/usr/bin/colcon', 'ROS_VERSION': '2', 'ROS_LOCALHOST_ONLY': '0', 'PATH': '/opt/ros/humble/bin:/app/simulator/scripts:/home/linuxbrew/.linuxbrew/bin:/opt/st/stm32cubeide_1.19.0:/home/linuxbrew/.linuxbrew/bin:/opt/st/stm32cubeide_1.19.0:/home/joao41/.local/bin:/home/joao41/bin:/usr/local/sbin:/usr/local/bin:/usr/sbin:/usr/bin:/sbin:/bin:/usr/games:/usr/local/games:/snap/bin:/snap/bin', 'DISPLAY': ':0', 'LANG': 'C.UTF-8', 'AMENT_PREFIX_PATH': '/app/project/install/rover__description:/app/project/install/robot_test_description:/app/project/install/base_link_t1_description:/app/project/install/base_link_p3_description:/app/project/install/base_link_description:/opt/ros/humble', 'PWD': '/app/project/build/base_link_p3_description', 'LC_ALL': 'C.UTF-8', 'PYTHONPATH': '/app/project/build/base_link_p3_description/prefix_override:/usr/lib/python3/dist-packages/colcon_core/task/python/colcon_distutils_commands:/app/project/install/base_link_p3_description/lib/python3.10/site-packages:/app/project/install/rover__description/lib/python3.10/site-packages:/app/project/install/robot_test_description/lib/python3.10/site-packages:/app/project/install/base_link_t1_description/lib/python3.10/site-packages:/app/project/install/base_link_p3_description/lib/python3.10/site-packages:/app/project/install/base_link_description/lib/python3.10/site-packages:/opt/ros/humble/lib/python3.10/site-packages:/opt/ros/humble/local/lib/python3.10/dist-packages', 'COLCON': '1'}, 'shell': False}
[1.722239] (robot_test_description) Command: {'cmd': ['/usr/bin/python3', '-W', 'ignore:setup.py install is deprecated', '-W', 'ignore:easy_install command is deprecated', 'setup.py', 'egg_info', '--egg-base', '../../build/robot_test_description', 'build', '--build-base', '/app/project/build/robot_test_description/build', 'install', '--record', '/app/project/build/robot_test_description/install.log', '--single-version-externally-managed', 'install_data'], 'cwd': '/app/project/src/robot_test_description', 'env': {'HOSTNAME': 'linux-portatil', 'SHLVL': '1', 'LD_LIBRARY_PATH': '/usr/lib/x86_64-linux-gnu/gazebo-11/plugins:/opt/ros/humble/opt/rviz_ogre_vendor/lib:/opt/ros/humble/lib/x86_64-linux-gnu:/opt/ros/humble/lib', 'HOME': '/root', 'OLDPWD': '/app', 'ROS_PYTHON_VERSION': '3', 'COLCON_PREFIX_PATH': '/app/project/install', 'ROS_DISTRO': 'humble', '_': '/usr/bin/colcon', 'ROS_VERSION': '2', 'ROS_LOCALHOST_ONLY': '0', 'PATH': '/opt/ros/humble/bin:/app/simulator/scripts:/home/linuxbrew/.linuxbrew/bin:/opt/st/stm32cubeide_1.19.0:/home/linuxbrew/.linuxbrew/bin:/opt/st/stm32cubeide_1.19.0:/home/joao41/.local/bin:/home/joao41/bin:/usr/local/sbin:/usr/local/bin:/usr/sbin:/usr/bin:/sbin:/bin:/usr/games:/usr/local/games:/snap/bin:/snap/bin', 'DISPLAY': ':0', 'LANG': 'C.UTF-8', 'AMENT_PREFIX_PATH': '/app/project/install/rover__description:/app/project/install/robot_test_description:/app/project/install/base_link_t1_description:/app/project/install/base_link_p3_description:/app/project/install/base_link_description:/opt/ros/humble', 'PWD': '/app/project/build/robot_test_description', 'LC_ALL': 'C.UTF-8', 'PYTHONPATH': '/app/project/build/robot_test_description/prefix_override:/usr/lib/python3/dist-packages/colcon_core/task/python/colcon_distutils_commands:/app/project/install/robot_test_description/lib/python3.10/site-packages:/app/project/install/rover__description/lib/python3.10/site-packages:/app/project/install/robot_test_description/lib/python3.10/site-packages:/app/project/install/base_link_t1_description/lib/python3.10/site-packages:/app/project/install/base_link_p3_description/lib/python3.10/site-packages:/app/project/install/base_link_description/lib/python3.10/site-packages:/opt/ros/humble/lib/python3.10/site-packages:/opt/ros/humble/local/lib/python3.10/dist-packages', 'COLCON': '1'}, 'shell': False}
[1.732845] (rover__description) Command: {'cmd': ['/usr/bin/python3', '-W', 'ignore:setup.py install is deprecated', '-W', 'ignore:easy_install command is deprecated', 'setup.py', 'egg_info', '--egg-base', '../../build/rover__description', 'build', '--build-base', '/app/project/build/rover__description/build', 'install', '--record', '/app/project/build/rover__description/install.log', '--single-version-externally-managed', 'install_data'], 'cwd': '/app/project/src/rover__description', 'env': {'HOSTNAME': 'linux-portatil', 'SHLVL': '1', 'LD_LIBRARY_PATH': '/usr/lib/x86_64-linux-gnu/gazebo-11/plugins:/opt/ros/humble/opt/rviz_ogre_vendor/lib:/opt/ros/humble/lib/x86_64-linux-gnu:/opt/ros/humble/lib', 'HOME': '/root', 'OLDPWD': '/app', 'ROS_PYTHON_VERSION': '3', 'COLCON_PREFIX_PATH': '/app/project/install', 'ROS_DISTRO': 'humble', '_': '/usr/bin/colcon', 'ROS_VERSION': '2', 'ROS_LOCALHOST_ONLY': '0', 'PATH': '/opt/ros/humble/bin:/app/simulator/scripts:/home/linuxbrew/.linuxbrew/bin:/opt/st/stm32cubeide_1.19.0:/home/linuxbrew/.linuxbrew/bin:/opt/st/stm32cubeide_1.19.0:/home/joao41/.local/bin:/home/joao41/bin:/usr/local/sbin:/usr/local/bin:/usr/sbin:/usr/bin:/sbin:/bin:/usr/games:/usr/local/games:/snap/bin:/snap/bin', 'DISPLAY': ':0', 'LANG': 'C.UTF-8', 'AMENT_PREFIX_PATH': '/app/project/install/rover__description:/app/project/install/robot_test_description:/app/project/install/base_link_t1_description:/app/project/install/base_link_p3_description:/app/project/install/base_link_description:/opt/ros/humble', 'PWD': '/app/project/build/rover__description', 'LC_ALL': 'C.UTF-8', 'PYTHONPATH': '/app/project/build/rover__description/prefix_override:/usr/lib/python3/dist-packages/colcon_core/task/python/colcon_distutils_commands:/app/project/install/rover__description/lib/python3.10/site-packages:/app/project/install/rover__description/lib/python3.10/site-packages:/app/project/install/robot_test_description/lib/python3.10/site-packages:/app/project/install/base_link_t1_description/lib/python3.10/site-packages:/app/project/install/base_link_p3_description/lib/python3.10/site-packages:/app/project/install/base_link_description/lib/python3.10/site-packages:/opt/ros/humble/lib/python3.10/site-packages:/opt/ros/humble/local/lib/python3.10/dist-packages', 'COLCON': '1'}, 'shell': False}
[1.810117] (-) TimerEvent: {}
[1.910453] (-) TimerEvent: {}
[2.010770] (-) TimerEvent: {}
[2.036133] (robot_test_description) StdoutLine: {'line': b'running egg_info\n'}
[2.037084] (robot_test_description) StdoutLine: {'line': b'writing ../../build/robot_test_description/robot_test_description.egg-info/PKG-INFO\n'}
[2.037453] (robot_test_description) StdoutLine: {'line': b'writing dependency_links to ../../build/robot_test_description/robot_test_description.egg-info/dependency_links.txt\n'}
[2.037868] (robot_test_description) StdoutLine: {'line': b'writing entry points to ../../build/robot_test_description/robot_test_description.egg-info/entry_points.txt\n'}
[2.038486] (robot_test_description) StdoutLine: {'line': b'writing requirements to ../../build/robot_test_description/robot_test_description.egg-info/requires.txt\n'}
[2.038605] (robot_test_description) StdoutLine: {'line': b'writing top-level names to ../../build/robot_test_description/robot_test_description.egg-info/top_level.txt\n'}
[2.040689] (robot_test_description) StdoutLine: {'line': b"reading manifest file '../../build/robot_test_description/robot_test_description.egg-info/SOURCES.txt'\n"}
[2.042035] (robot_test_description) StdoutLine: {'line': b"writing manifest file '../../build/robot_test_description/robot_test_description.egg-info/SOURCES.txt'\n"}
[2.042268] (robot_test_description) StdoutLine: {'line': b'running build\n'}
[2.042358] (robot_test_description) StdoutLine: {'line': b'running build_py\n'}
[2.042488] (robot_test_description) StdoutLine: {'line': b'running install\n'}
[2.042899] (robot_test_description) StdoutLine: {'line': b'running install_lib\n'}
[2.044820] (robot_test_description) StdoutLine: {'line': b'running install_data\n'}
[2.045259] (robot_test_description) StdoutLine: {'line': b'running install_egg_info\n'}
[2.047997] (robot_test_description) StdoutLine: {'line': b"removing '/app/project/install/robot_test_description/lib/python3.10/site-packages/robot_test_description-0.0.0-py3.10.egg-info' (and everything under it)\n"}
[2.048508] (robot_test_description) StdoutLine: {'line': b'Copying ../../build/robot_test_description/robot_test_description.egg-info to /app/project/install/robot_test_description/lib/python3.10/site-packages/robot_test_description-0.0.0-py3.10.egg-info\n'}
[2.049702] (robot_test_description) StdoutLine: {'line': b'running install_scripts\n'}
[2.051125] (base_link_p3_description) StdoutLine: {'line': b'running egg_info\n'}
[2.052169] (base_link_p3_description) StdoutLine: {'line': b'writing ../../build/base_link_p3_description/base_link_p3_description.egg-info/PKG-INFO\n'}
[2.052558] (base_link_p3_description) StdoutLine: {'line': b'writing dependency_links to ../../build/base_link_p3_description/base_link_p3_description.egg-info/dependency_links.txt\n'}
[2.052722] (base_link_p3_description) StdoutLine: {'line': b'writing entry points to ../../build/base_link_p3_description/base_link_p3_description.egg-info/entry_points.txt\n'}
[2.052861] (base_link_p3_description) StdoutLine: {'line': b'writing requirements to ../../build/base_link_p3_description/base_link_p3_description.egg-info/requires.txt\n'}
[2.053051] (base_link_p3_description) StdoutLine: {'line': b'writing top-level names to ../../build/base_link_p3_description/base_link_p3_description.egg-info/top_level.txt\n'}
[2.055392] (base_link_p3_description) StdoutLine: {'line': b"reading manifest file '../../build/base_link_p3_description/base_link_p3_description.egg-info/SOURCES.txt'\n"}
[2.056759] (base_link_p3_description) StdoutLine: {'line': b"writing manifest file '../../build/base_link_p3_description/base_link_p3_description.egg-info/SOURCES.txt'\n"}
[2.057003] (base_link_p3_description) StdoutLine: {'line': b'running build\n'}
[2.057109] (base_link_p3_description) StdoutLine: {'line': b'running build_py\n'}
[2.057252] (base_link_p3_description) StdoutLine: {'line': b'running install\n'}
[2.057494] (base_link_p3_description) StdoutLine: {'line': b'running install_lib\n'}
[2.061769] (base_link_p3_description) StdoutLine: {'line': b'running install_data\n'}
[2.062487] (base_link_p3_description) StdoutLine: {'line': b'copying urdf/base_link_p3.gazebo -> /app/project/install/base_link_p3_description/share/base_link_p3_description/urdf\n'}
[2.063422] (base_link_p3_description) StdoutLine: {'line': b'running install_egg_info\n'}
[2.067589] (base_link_p3_description) StdoutLine: {'line': b"removing '/app/project/install/base_link_p3_description/lib/python3.10/site-packages/base_link_p3_description-0.0.0-py3.10.egg-info' (and everything under it)\n"}
[2.068183] (base_link_p3_description) StdoutLine: {'line': b'Copying ../../build/base_link_p3_description/base_link_p3_description.egg-info to /app/project/install/base_link_p3_description/lib/python3.10/site-packages/base_link_p3_description-0.0.0-py3.10.egg-info\n'}
[2.070049] (base_link_p3_description) StdoutLine: {'line': b'running install_scripts\n'}
[2.071633] (rover__description) StdoutLine: {'line': b'running egg_info\n'}
[2.073459] (rover__description) StdoutLine: {'line': b'writing ../../build/rover__description/rover_description.egg-info/PKG-INFO\n'}
[2.074042] (rover__description) StdoutLine: {'line': b'writing dependency_links to ../../build/rover__description/rover_description.egg-info/dependency_links.txt\n'}
[2.074379] (rover__description) StdoutLine: {'line': b'writing entry points to ../../build/rover__description/rover_description.egg-info/entry_points.txt\n'}
[2.074655] (rover__description) StdoutLine: {'line': b'writing requirements to ../../build/rover__description/rover_description.egg-info/requires.txt\n'}
[2.074990] (rover__description) StdoutLine: {'line': b'writing top-level names to ../../build/rover__description/rover_description.egg-info/top_level.txt\n'}
[2.078706] (rover__description) StdoutLine: {'line': b"reading manifest file '../../build/rover__description/rover_description.egg-info/SOURCES.txt'\n"}
[2.079881] (rover__description) StdoutLine: {'line': b"writing manifest file '../../build/rover__description/rover_description.egg-info/SOURCES.txt'\n"}
[2.080088] (rover__description) StdoutLine: {'line': b'running build\n'}
[2.080156] (rover__description) StdoutLine: {'line': b'running build_py\n'}
[2.080371] (rover__description) StdoutLine: {'line': b'running install\n'}
[2.080833] (rover__description) StdoutLine: {'line': b'running install_lib\n'}
[2.082672] (rover__description) StdoutLine: {'line': b'running install_data\n'}
[2.083189] (rover__description) StdoutLine: {'line': b'running install_egg_info\n'}
[2.086473] (rover__description) StdoutLine: {'line': b"removing '/app/project/install/rover__description/lib/python3.10/site-packages/rover_description-0.0.0-py3.10.egg-info' (and everything under it)\n"}
[2.086965] (rover__description) StdoutLine: {'line': b'Copying ../../build/rover__description/rover_description.egg-info to /app/project/install/rover__description/lib/python3.10/site-packages/rover_description-0.0.0-py3.10.egg-info\n'}
[2.088087] (rover__description) StdoutLine: {'line': b'running install_scripts\n'}
[2.091603] (robot_test_description) StdoutLine: {'line': b"writing list of installed files to '/app/project/build/robot_test_description/install.log'\n"}
[2.106819] (base_link_p3_description) StdoutLine: {'line': b"writing list of installed files to '/app/project/build/base_link_p3_description/install.log'\n"}
[2.110871] (-) TimerEvent: {}
[2.119508] (rover__description) StdoutLine: {'line': b"writing list of installed files to '/app/project/build/rover__description/install.log'\n"}
[2.176660] (robot_test_description) CommandEnded: {'returncode': 0}
[2.220430] (-) TimerEvent: {}
[2.233280] (robot_test_description) JobEnded: {'identifier': 'robot_test_description', 'rc': 0}
[2.235403] (base_link_p3_description) CommandEnded: {'returncode': 0}
[2.244380] (base_link_p3_description) JobEnded: {'identifier': 'base_link_p3_description', 'rc': 0}
[2.245048] (rover__description) CommandEnded: {'returncode': 0}
[2.253580] (rover__description) JobEnded: {'identifier': 'rover__description', 'rc': 0}
[2.254473] (-) EventReactorShutdown: {}
