[1.046s] Invoking command in '/app/project/src/base_link_description': PYTHONPATH=/app/project/build/base_link_description/prefix_override:/usr/lib/python3/dist-packages/colcon_core/task/python/colcon_distutils_commands:/app/project/install/base_link_description/lib/python3.10/site-packages:${PYTHONPATH} /usr/bin/python3 -W ignore:setup.py install is deprecated -W ignore:easy_install command is deprecated setup.py egg_info --egg-base ../../build/base_link_description build --build-base /app/project/build/base_link_description/build install --record /app/project/build/base_link_description/install.log --single-version-externally-managed install_data
[1.303s] running egg_info
[1.303s] writing ../../build/base_link_description/base_link_description.egg-info/PKG-INFO
[1.303s] writing dependency_links to ../../build/base_link_description/base_link_description.egg-info/dependency_links.txt
[1.304s] writing entry points to ../../build/base_link_description/base_link_description.egg-info/entry_points.txt
[1.304s] writing requirements to ../../build/base_link_description/base_link_description.egg-info/requires.txt
[1.304s] writing top-level names to ../../build/base_link_description/base_link_description.egg-info/top_level.txt
[1.306s] reading manifest file '../../build/base_link_description/base_link_description.egg-info/SOURCES.txt'
[1.307s] writing manifest file '../../build/base_link_description/base_link_description.egg-info/SOURCES.txt'
[1.307s] running build
[1.307s] running build_py
[1.307s] running install
[1.307s] running install_lib
[1.309s] running install_data
[1.309s] running install_egg_info
[1.311s] removing '/app/project/install/base_link_description/lib/python3.10/site-packages/base_link_description-0.0.0-py3.10.egg-info' (and everything under it)
[1.312s] Copying ../../build/base_link_description/base_link_description.egg-info to /app/project/install/base_link_description/lib/python3.10/site-packages/base_link_description-0.0.0-py3.10.egg-info
[1.313s] running install_scripts
[1.336s] writing list of installed files to '/app/project/build/base_link_description/install.log'
[1.370s] Invoked command in '/app/project/src/base_link_description' returned '0': PYTHONPATH=/app/project/build/base_link_description/prefix_override:/usr/lib/python3/dist-packages/colcon_core/task/python/colcon_distutils_commands:/app/project/install/base_link_description/lib/python3.10/site-packages:${PYTHONPATH} /usr/bin/python3 -W ignore:setup.py install is deprecated -W ignore:easy_install command is deprecated setup.py egg_info --egg-base ../../build/base_link_description build --build-base /app/project/build/base_link_description/build install --record /app/project/build/base_link_description/install.log --single-version-externally-managed install_data
