[0.000000] (-) TimerEvent: {}
[0.000445] (base_link_description) JobQueued: {'identifier': 'base_link_description', 'dependencies': OrderedDict()}
[0.000660] (base_link_p3_description) JobQueued: {'identifier': 'base_link_p3_description', 'dependencies': OrderedDict()}
[0.000685] (base_link_t1_description) JobQueued: {'identifier': 'base_link_t1_description', 'dependencies': OrderedDict()}
[0.000700] (base_link_description) JobStarted: {'identifier': 'base_link_description'}
[0.008964] (base_link_p3_description) JobStarted: {'identifier': 'base_link_p3_description'}
[0.014516] (base_link_t1_description) JobStarted: {'identifier': 'base_link_t1_description'}
[0.099825] (-) TimerEvent: {}
[0.199997] (-) TimerEvent: {}
[0.300153] (-) TimerEvent: {}
[0.400332] (-) TimerEvent: {}
[0.500503] (-) TimerEvent: {}
[0.600682] (-) TimerEvent: {}
[0.700870] (-) TimerEvent: {}
[0.801061] (-) TimerEvent: {}
[0.901214] (-) TimerEvent: {}
[1.001380] (-) TimerEvent: {}
[1.009188] (base_link_t1_description) Command: {'cmd': ['/usr/bin/python3', '-W', 'ignore:setup.py install is deprecated', '-W', 'ignore:easy_install command is deprecated', 'setup.py', 'egg_info', '--egg-base', '../../build/base_link_t1_description', 'build', '--build-base', '/app/project/build/base_link_t1_description/build', 'install', '--record', '/app/project/build/base_link_t1_description/install.log', '--single-version-externally-managed', 'install_data'], 'cwd': '/app/project/src/base_link_t1_description', 'env': {'HOSTNAME': 'linux-portatil', 'SHLVL': '1', 'LD_LIBRARY_PATH': '/usr/lib/x86_64-linux-gnu/gazebo-11/plugins:/opt/ros/humble/opt/rviz_ogre_vendor/lib:/opt/ros/humble/lib/x86_64-linux-gnu:/opt/ros/humble/lib', 'HOME': '/root', 'OLDPWD': '/app', 'ROS_PYTHON_VERSION': '3', 'COLCON_PREFIX_PATH': '/app/project/install', 'ROS_DISTRO': 'humble', '_': '/usr/bin/colcon', 'ROS_VERSION': '2', 'ROS_LOCALHOST_ONLY': '0', 'PATH': '/opt/ros/humble/bin:/app/simulator/scripts:/home/linuxbrew/.linuxbrew/bin:/opt/st/stm32cubeide_1.19.0:/home/linuxbrew/.linuxbrew/bin:/opt/st/stm32cubeide_1.19.0:/home/joao41/.local/bin:/home/joao41/bin:/usr/local/sbin:/usr/local/bin:/usr/sbin:/usr/bin:/sbin:/bin:/usr/games:/usr/local/games:/snap/bin:/snap/bin', 'DISPLAY': ':0', 'LANG': 'C.UTF-8', 'AMENT_PREFIX_PATH': '/app/project/install/base_link_t1_description:/app/project/install/base_link_p3_description:/app/project/install/base_link_description:/opt/ros/humble', 'PWD': '/app/project/build/base_link_t1_description', 'LC_ALL': 'C.UTF-8', 'PYTHONPATH': '/app/project/build/base_link_t1_description/prefix_override:/usr/lib/python3/dist-packages/colcon_core/task/python/colcon_distutils_commands:/app/project/install/base_link_t1_description/lib/python3.10/site-packages:/app/project/install/base_link_t1_description/lib/python3.10/site-packages:/app/project/install/base_link_p3_description/lib/python3.10/site-packages:/app/project/install/base_link_description/lib/python3.10/site-packages:/opt/ros/humble/lib/python3.10/site-packages:/opt/ros/humble/local/lib/python3.10/dist-packages', 'COLCON': '1'}, 'shell': False}
[1.041336] (base_link_description) Command: {'cmd': ['/usr/bin/python3', '-W', 'ignore:setup.py install is deprecated', '-W', 'ignore:easy_install command is deprecated', 'setup.py', 'egg_info', '--egg-base', '../../build/base_link_description', 'build', '--build-base', '/app/project/build/base_link_description/build', 'install', '--record', '/app/project/build/base_link_description/install.log', '--single-version-externally-managed', 'install_data'], 'cwd': '/app/project/src/base_link_description', 'env': {'HOSTNAME': 'linux-portatil', 'SHLVL': '1', 'LD_LIBRARY_PATH': '/usr/lib/x86_64-linux-gnu/gazebo-11/plugins:/opt/ros/humble/opt/rviz_ogre_vendor/lib:/opt/ros/humble/lib/x86_64-linux-gnu:/opt/ros/humble/lib', 'HOME': '/root', 'OLDPWD': '/app', 'ROS_PYTHON_VERSION': '3', 'COLCON_PREFIX_PATH': '/app/project/install', 'ROS_DISTRO': 'humble', '_': '/usr/bin/colcon', 'ROS_VERSION': '2', 'ROS_LOCALHOST_ONLY': '0', 'PATH': '/opt/ros/humble/bin:/app/simulator/scripts:/home/linuxbrew/.linuxbrew/bin:/opt/st/stm32cubeide_1.19.0:/home/linuxbrew/.linuxbrew/bin:/opt/st/stm32cubeide_1.19.0:/home/joao41/.local/bin:/home/joao41/bin:/usr/local/sbin:/usr/local/bin:/usr/sbin:/usr/bin:/sbin:/bin:/usr/games:/usr/local/games:/snap/bin:/snap/bin', 'DISPLAY': ':0', 'LANG': 'C.UTF-8', 'AMENT_PREFIX_PATH': '/app/project/install/base_link_t1_description:/app/project/install/base_link_p3_description:/app/project/install/base_link_description:/opt/ros/humble', 'PWD': '/app/project/build/base_link_description', 'LC_ALL': 'C.UTF-8', 'PYTHONPATH': '/app/project/build/base_link_description/prefix_override:/usr/lib/python3/dist-packages/colcon_core/task/python/colcon_distutils_commands:/app/project/install/base_link_description/lib/python3.10/site-packages:/app/project/install/base_link_t1_description/lib/python3.10/site-packages:/app/project/install/base_link_p3_description/lib/python3.10/site-packages:/app/project/install/base_link_description/lib/python3.10/site-packages:/opt/ros/humble/lib/python3.10/site-packages:/opt/ros/humble/local/lib/python3.10/dist-packages', 'COLCON': '1'}, 'shell': False}
[1.095363] (base_link_p3_description) Command: {'cmd': ['/usr/bin/python3', '-W', 'ignore:setup.py install is deprecated', '-W', 'ignore:easy_install command is deprecated', 'setup.py', 'egg_info', '--egg-base', '../../build/base_link_p3_description', 'build', '--build-base', '/app/project/build/base_link_p3_description/build', 'install', '--record', '/app/project/build/base_link_p3_description/install.log', '--single-version-externally-managed', 'install_data'], 'cwd': '/app/project/src/base_link_p3_description', 'env': {'HOSTNAME': 'linux-portatil', 'SHLVL': '1', 'LD_LIBRARY_PATH': '/usr/lib/x86_64-linux-gnu/gazebo-11/plugins:/opt/ros/humble/opt/rviz_ogre_vendor/lib:/opt/ros/humble/lib/x86_64-linux-gnu:/opt/ros/humble/lib', 'HOME': '/root', 'OLDPWD': '/app', 'ROS_PYTHON_VERSION': '3', 'COLCON_PREFIX_PATH': '/app/project/install', 'ROS_DISTRO': 'humble', '_': '/usr/bin/colcon', 'ROS_VERSION': '2', 'ROS_LOCALHOST_ONLY': '0', 'PATH': '/opt/ros/humble/bin:/app/simulator/scripts:/home/linuxbrew/.linuxbrew/bin:/opt/st/stm32cubeide_1.19.0:/home/linuxbrew/.linuxbrew/bin:/opt/st/stm32cubeide_1.19.0:/home/joao41/.local/bin:/home/joao41/bin:/usr/local/sbin:/usr/local/bin:/usr/sbin:/usr/bin:/sbin:/bin:/usr/games:/usr/local/games:/snap/bin:/snap/bin', 'DISPLAY': ':0', 'LANG': 'C.UTF-8', 'AMENT_PREFIX_PATH': '/app/project/install/base_link_t1_description:/app/project/install/base_link_p3_description:/app/project/install/base_link_description:/opt/ros/humble', 'PWD': '/app/project/build/base_link_p3_description', 'LC_ALL': 'C.UTF-8', 'PYTHONPATH': '/app/project/build/base_link_p3_description/prefix_override:/usr/lib/python3/dist-packages/colcon_core/task/python/colcon_distutils_commands:/app/project/install/base_link_p3_description/lib/python3.10/site-packages:/app/project/install/base_link_t1_description/lib/python3.10/site-packages:/app/project/install/base_link_p3_description/lib/python3.10/site-packages:/app/project/install/base_link_description/lib/python3.10/site-packages:/opt/ros/humble/lib/python3.10/site-packages:/opt/ros/humble/local/lib/python3.10/dist-packages', 'COLCON': '1'}, 'shell': False}
[1.101469] (-) TimerEvent: {}
[1.201638] (-) TimerEvent: {}
[1.229245] (base_link_t1_description) StdoutLine: {'line': b'running egg_info\n'}
[1.229781] (base_link_t1_description) StdoutLine: {'line': b'writing ../../build/base_link_t1_description/base_link_t1_description.egg-info/PKG-INFO\n'}
[1.229986] (base_link_t1_description) StdoutLine: {'line': b'writing dependency_links to ../../build/base_link_t1_description/base_link_t1_description.egg-info/dependency_links.txt\n'}
[1.230256] (base_link_t1_description) StdoutLine: {'line': b'writing entry points to ../../build/base_link_t1_description/base_link_t1_description.egg-info/entry_points.txt\n'}
[1.230396] (base_link_t1_description) StdoutLine: {'line': b'writing requirements to ../../build/base_link_t1_description/base_link_t1_description.egg-info/requires.txt\n'}
[1.230453] (base_link_t1_description) StdoutLine: {'line': b'writing top-level names to ../../build/base_link_t1_description/base_link_t1_description.egg-info/top_level.txt\n'}
[1.232011] (base_link_t1_description) StdoutLine: {'line': b"reading manifest file '../../build/base_link_t1_description/base_link_t1_description.egg-info/SOURCES.txt'\n"}
[1.232858] (base_link_t1_description) StdoutLine: {'line': b"writing manifest file '../../build/base_link_t1_description/base_link_t1_description.egg-info/SOURCES.txt'\n"}
[1.232989] (base_link_t1_description) StdoutLine: {'line': b'running build\n'}
[1.233043] (base_link_t1_description) StdoutLine: {'line': b'running build_py\n'}
[1.233135] (base_link_t1_description) StdoutLine: {'line': b'running install\n'}
[1.233342] (base_link_t1_description) StdoutLine: {'line': b'running install_lib\n'}
[1.234272] (base_link_t1_description) StdoutLine: {'line': b'running install_data\n'}
[1.234729] (base_link_t1_description) StdoutLine: {'line': b'running install_egg_info\n'}
[1.236319] (base_link_t1_description) StdoutLine: {'line': b"removing '/app/project/install/base_link_t1_description/lib/python3.10/site-packages/base_link_t1_description-0.0.0-py3.10.egg-info' (and everything under it)\n"}
[1.236642] (base_link_t1_description) StdoutLine: {'line': b'Copying ../../build/base_link_t1_description/base_link_t1_description.egg-info to /app/project/install/base_link_t1_description/lib/python3.10/site-packages/base_link_t1_description-0.0.0-py3.10.egg-info\n'}
[1.237489] (base_link_t1_description) StdoutLine: {'line': b'running install_scripts\n'}
[1.258775] (base_link_t1_description) StdoutLine: {'line': b"writing list of installed files to '/app/project/build/base_link_t1_description/install.log'\n"}
[1.260425] (base_link_description) StdoutLine: {'line': b'running egg_info\n'}
[1.261523] (base_link_description) StdoutLine: {'line': b'writing ../../build/base_link_description/base_link_description.egg-info/PKG-INFO\n'}
[1.261820] (base_link_description) StdoutLine: {'line': b'writing dependency_links to ../../build/base_link_description/base_link_description.egg-info/dependency_links.txt\n'}
[1.262035] (base_link_description) StdoutLine: {'line': b'writing entry points to ../../build/base_link_description/base_link_description.egg-info/entry_points.txt\n'}
[1.262300] (base_link_description) StdoutLine: {'line': b'writing requirements to ../../build/base_link_description/base_link_description.egg-info/requires.txt\n'}
[1.262390] (base_link_description) StdoutLine: {'line': b'writing top-level names to ../../build/base_link_description/base_link_description.egg-info/top_level.txt\n'}
[1.265151] (base_link_description) StdoutLine: {'line': b"reading manifest file '../../build/base_link_description/base_link_description.egg-info/SOURCES.txt'\n"}
[1.266217] (base_link_description) StdoutLine: {'line': b"writing manifest file '../../build/base_link_description/base_link_description.egg-info/SOURCES.txt'\n"}
[1.266513] (base_link_description) StdoutLine: {'line': b'running build\n'}
[1.266696] (base_link_description) StdoutLine: {'line': b'running build_py\n'}
[1.266904] (base_link_description) StdoutLine: {'line': b'running install\n'}
[1.267112] (base_link_description) StdoutLine: {'line': b'running install_lib\n'}
[1.268765] (base_link_description) StdoutLine: {'line': b'running install_data\n'}
[1.269331] (base_link_description) StdoutLine: {'line': b'running install_egg_info\n'}
[1.272733] (base_link_description) StdoutLine: {'line': b"removing '/app/project/install/base_link_description/lib/python3.10/site-packages/base_link_description-0.0.0-py3.10.egg-info' (and everything under it)\n"}
[1.273116] (base_link_description) StdoutLine: {'line': b'Copying ../../build/base_link_description/base_link_description.egg-info to /app/project/install/base_link_description/lib/python3.10/site-packages/base_link_description-0.0.0-py3.10.egg-info\n'}
[1.274294] (base_link_description) StdoutLine: {'line': b'running install_scripts\n'}
[1.299698] (base_link_description) StdoutLine: {'line': b"writing list of installed files to '/app/project/build/base_link_description/install.log'\n"}
[1.301711] (-) TimerEvent: {}
[1.310089] (base_link_t1_description) CommandEnded: {'returncode': 0}
[1.335513] (base_link_t1_description) JobEnded: {'identifier': 'base_link_t1_description', 'rc': 0}
[1.336432] (base_link_p3_description) StdoutLine: {'line': b'running egg_info\n'}
[1.336720] (base_link_p3_description) StdoutLine: {'line': b'writing ../../build/base_link_p3_description/base_link_p3_description.egg-info/PKG-INFO\n'}
[1.336810] (base_link_p3_description) StdoutLine: {'line': b'writing dependency_links to ../../build/base_link_p3_description/base_link_p3_description.egg-info/dependency_links.txt\n'}
[1.336874] (base_link_p3_description) StdoutLine: {'line': b'writing entry points to ../../build/base_link_p3_description/base_link_p3_description.egg-info/entry_points.txt\n'}
[1.336925] (base_link_p3_description) StdoutLine: {'line': b'writing requirements to ../../build/base_link_p3_description/base_link_p3_description.egg-info/requires.txt\n'}
[1.336974] (base_link_p3_description) StdoutLine: {'line': b'writing top-level names to ../../build/base_link_p3_description/base_link_p3_description.egg-info/top_level.txt\n'}
[1.337023] (base_link_p3_description) StdoutLine: {'line': b"reading manifest file '../../build/base_link_p3_description/base_link_p3_description.egg-info/SOURCES.txt'\n"}
[1.337071] (base_link_p3_description) StdoutLine: {'line': b"writing manifest file '../../build/base_link_p3_description/base_link_p3_description.egg-info/SOURCES.txt'\n"}
[1.337118] (base_link_p3_description) StdoutLine: {'line': b'running build\n'}
[1.337171] (base_link_p3_description) StdoutLine: {'line': b'running build_py\n'}
[1.337226] (base_link_p3_description) StdoutLine: {'line': b'running install\n'}
[1.337272] (base_link_p3_description) StdoutLine: {'line': b'running install_lib\n'}
[1.337317] (base_link_p3_description) StdoutLine: {'line': b'running install_data\n'}
[1.337361] (base_link_p3_description) StdoutLine: {'line': b'running install_egg_info\n'}
[1.337405] (base_link_p3_description) StdoutLine: {'line': b"removing '/app/project/install/base_link_p3_description/lib/python3.10/site-packages/base_link_p3_description-0.0.0-py3.10.egg-info' (and everything under it)\n"}
[1.337449] (base_link_p3_description) StdoutLine: {'line': b'Copying ../../build/base_link_p3_description/base_link_p3_description.egg-info to /app/project/install/base_link_p3_description/lib/python3.10/site-packages/base_link_p3_description-0.0.0-py3.10.egg-info\n'}
[1.337493] (base_link_p3_description) StdoutLine: {'line': b'running install_scripts\n'}
[1.337536] (base_link_description) CommandEnded: {'returncode': 0}
[1.342465] (base_link_description) JobEnded: {'identifier': 'base_link_description', 'rc': 0}
[1.342724] (base_link_p3_description) StdoutLine: {'line': b"writing list of installed files to '/app/project/build/base_link_p3_description/install.log'\n"}
[1.367105] (base_link_p3_description) CommandEnded: {'returncode': 0}
[1.372667] (base_link_p3_description) JobEnded: {'identifier': 'base_link_p3_description', 'rc': 0}
[1.373109] (-) EventReactorShutdown: {}
