[0.000000] (-) TimerEvent: {}
[0.000070] (base_link_p3_description) JobQueued: {'identifier': 'base_link_p3_description', 'dependencies': OrderedDict()}
[0.000140] (robot_test_description) JobQueued: {'identifier': 'robot_test_description', 'dependencies': OrderedDict()}
[0.000159] (rover__description) JobQueued: {'identifier': 'rover__description', 'dependencies': OrderedDict()}
[0.000761] (base_link_p3_description) JobStarted: {'identifier': 'base_link_p3_description'}
[0.010381] (robot_test_description) JobStarted: {'identifier': 'robot_test_description'}
[0.015001] (rover__description) JobStarted: {'identifier': 'rover__description'}
[0.099877] (-) TimerEvent: {}
[0.200130] (-) TimerEvent: {}
[0.300322] (-) TimerEvent: {}
[0.400546] (-) TimerEvent: {}
[0.500774] (-) TimerEvent: {}
[0.600931] (-) TimerEvent: {}
[0.701116] (-) TimerEvent: {}
[0.801279] (-) TimerEvent: {}
[0.901447] (-) TimerEvent: {}
[0.981060] (robot_test_description) Command: {'cmd': ['/usr/bin/python3', '-W', 'ignore:setup.py install is deprecated', '-W', 'ignore:easy_install command is deprecated', 'setup.py', 'egg_info', '--egg-base', '../../build/robot_test_description', 'build', '--build-base', '/app/project/build/robot_test_description/build', 'install', '--record', '/app/project/build/robot_test_description/install.log', '--single-version-externally-managed', 'install_data'], 'cwd': '/app/project/src/robot_test_description', 'env': {'HOSTNAME': 'linux-portatil', 'SHLVL': '1', 'LD_LIBRARY_PATH': '/usr/lib/x86_64-linux-gnu/gazebo-11/plugins:/opt/ros/humble/opt/rviz_ogre_vendor/lib:/opt/ros/humble/lib/x86_64-linux-gnu:/opt/ros/humble/lib', 'HOME': '/root', 'OLDPWD': '/app', 'ROS_PYTHON_VERSION': '3', 'COLCON_PREFIX_PATH': '/app/project/install', 'ROS_DISTRO': 'humble', '_': '/usr/bin/colcon', 'ROS_VERSION': '2', 'ROS_LOCALHOST_ONLY': '0', 'PATH': '/opt/ros/humble/bin:/app/simulator/scripts:/home/linuxbrew/.linuxbrew/bin:/opt/st/stm32cubeide_1.19.0:/home/linuxbrew/.linuxbrew/bin:/opt/st/stm32cubeide_1.19.0:/home/joao41/.local/bin:/home/joao41/bin:/usr/local/sbin:/usr/local/bin:/usr/sbin:/usr/bin:/sbin:/bin:/usr/games:/usr/local/games:/snap/bin:/snap/bin', 'DISPLAY': ':0', 'LANG': 'C.UTF-8', 'AMENT_PREFIX_PATH': '/app/project/install/rover__description:/app/project/install/robot_test_description:/app/project/install/base_link_t1_description:/app/project/install/base_link_p3_description:/app/project/install/base_link_description:/opt/ros/humble', 'PWD': '/app/project/build/robot_test_description', 'LC_ALL': 'C.UTF-8', 'PYTHONPATH': '/app/project/build/robot_test_description/prefix_override:/usr/lib/python3/dist-packages/colcon_core/task/python/colcon_distutils_commands:/app/project/install/robot_test_description/lib/python3.10/site-packages:/app/project/install/rover__description/lib/python3.10/site-packages:/app/project/install/robot_test_description/lib/python3.10/site-packages:/app/project/install/base_link_t1_description/lib/python3.10/site-packages:/app/project/install/base_link_p3_description/lib/python3.10/site-packages:/app/project/install/base_link_description/lib/python3.10/site-packages:/opt/ros/humble/lib/python3.10/site-packages:/opt/ros/humble/local/lib/python3.10/dist-packages', 'COLCON': '1'}, 'shell': False}
[0.982823] (rover__description) Command: {'cmd': ['/usr/bin/python3', '-W', 'ignore:setup.py install is deprecated', '-W', 'ignore:easy_install command is deprecated', 'setup.py', 'egg_info', '--egg-base', '../../build/rover__description', 'build', '--build-base', '/app/project/build/rover__description/build', 'install', '--record', '/app/project/build/rover__description/install.log', '--single-version-externally-managed', 'install_data'], 'cwd': '/app/project/src/rover__description', 'env': {'HOSTNAME': 'linux-portatil', 'SHLVL': '1', 'LD_LIBRARY_PATH': '/usr/lib/x86_64-linux-gnu/gazebo-11/plugins:/opt/ros/humble/opt/rviz_ogre_vendor/lib:/opt/ros/humble/lib/x86_64-linux-gnu:/opt/ros/humble/lib', 'HOME': '/root', 'OLDPWD': '/app', 'ROS_PYTHON_VERSION': '3', 'COLCON_PREFIX_PATH': '/app/project/install', 'ROS_DISTRO': 'humble', '_': '/usr/bin/colcon', 'ROS_VERSION': '2', 'ROS_LOCALHOST_ONLY': '0', 'PATH': '/opt/ros/humble/bin:/app/simulator/scripts:/home/linuxbrew/.linuxbrew/bin:/opt/st/stm32cubeide_1.19.0:/home/linuxbrew/.linuxbrew/bin:/opt/st/stm32cubeide_1.19.0:/home/joao41/.local/bin:/home/joao41/bin:/usr/local/sbin:/usr/local/bin:/usr/sbin:/usr/bin:/sbin:/bin:/usr/games:/usr/local/games:/snap/bin:/snap/bin', 'DISPLAY': ':0', 'LANG': 'C.UTF-8', 'AMENT_PREFIX_PATH': '/app/project/install/rover__description:/app/project/install/robot_test_description:/app/project/install/base_link_t1_description:/app/project/install/base_link_p3_description:/app/project/install/base_link_description:/opt/ros/humble', 'PWD': '/app/project/build/rover__description', 'LC_ALL': 'C.UTF-8', 'PYTHONPATH': '/app/project/build/rover__description/prefix_override:/usr/lib/python3/dist-packages/colcon_core/task/python/colcon_distutils_commands:/app/project/install/rover__description/lib/python3.10/site-packages:/app/project/install/rover__description/lib/python3.10/site-packages:/app/project/install/robot_test_description/lib/python3.10/site-packages:/app/project/install/base_link_t1_description/lib/python3.10/site-packages:/app/project/install/base_link_p3_description/lib/python3.10/site-packages:/app/project/install/base_link_description/lib/python3.10/site-packages:/opt/ros/humble/lib/python3.10/site-packages:/opt/ros/humble/local/lib/python3.10/dist-packages', 'COLCON': '1'}, 'shell': False}
[0.988977] (base_link_p3_description) Command: {'cmd': ['/usr/bin/python3', '-W', 'ignore:setup.py install is deprecated', '-W', 'ignore:easy_install command is deprecated', 'setup.py', 'egg_info', '--egg-base', '../../build/base_link_p3_description', 'build', '--build-base', '/app/project/build/base_link_p3_description/build', 'install', '--record', '/app/project/build/base_link_p3_description/install.log', '--single-version-externally-managed', 'install_data'], 'cwd': '/app/project/src/base_link_p3_description', 'env': {'HOSTNAME': 'linux-portatil', 'SHLVL': '1', 'LD_LIBRARY_PATH': '/usr/lib/x86_64-linux-gnu/gazebo-11/plugins:/opt/ros/humble/opt/rviz_ogre_vendor/lib:/opt/ros/humble/lib/x86_64-linux-gnu:/opt/ros/humble/lib', 'HOME': '/root', 'OLDPWD': '/app', 'ROS_PYTHON_VERSION': '3', 'COLCON_PREFIX_PATH': '/app/project/install', 'ROS_DISTRO': 'humble', '_': '/usr/bin/colcon', 'ROS_VERSION': '2', 'ROS_LOCALHOST_ONLY': '0', 'PATH': '/opt/ros/humble/bin:/app/simulator/scripts:/home/linuxbrew/.linuxbrew/bin:/opt/st/stm32cubeide_1.19.0:/home/linuxbrew/.linuxbrew/bin:/opt/st/stm32cubeide_1.19.0:/home/joao41/.local/bin:/home/joao41/bin:/usr/local/sbin:/usr/local/bin:/usr/sbin:/usr/bin:/sbin:/bin:/usr/games:/usr/local/games:/snap/bin:/snap/bin', 'DISPLAY': ':0', 'LANG': 'C.UTF-8', 'AMENT_PREFIX_PATH': '/app/project/install/rover__description:/app/project/install/robot_test_description:/app/project/install/base_link_t1_description:/app/project/install/base_link_p3_description:/app/project/install/base_link_description:/opt/ros/humble', 'PWD': '/app/project/build/base_link_p3_description', 'LC_ALL': 'C.UTF-8', 'PYTHONPATH': '/app/project/build/base_link_p3_description/prefix_override:/usr/lib/python3/dist-packages/colcon_core/task/python/colcon_distutils_commands:/app/project/install/base_link_p3_description/lib/python3.10/site-packages:/app/project/install/rover__description/lib/python3.10/site-packages:/app/project/install/robot_test_description/lib/python3.10/site-packages:/app/project/install/base_link_t1_description/lib/python3.10/site-packages:/app/project/install/base_link_p3_description/lib/python3.10/site-packages:/app/project/install/base_link_description/lib/python3.10/site-packages:/opt/ros/humble/lib/python3.10/site-packages:/opt/ros/humble/local/lib/python3.10/dist-packages', 'COLCON': '1'}, 'shell': False}
[1.001549] (-) TimerEvent: {}
[1.101718] (-) TimerEvent: {}
[1.174651] (robot_test_description) StdoutLine: {'line': b'running egg_info\n'}
[1.175721] (rover__description) StdoutLine: {'line': b'running egg_info\n'}
[1.175937] (robot_test_description) StdoutLine: {'line': b'writing ../../build/robot_test_description/robot_test_description.egg-info/PKG-INFO\n'}
[1.176132] (robot_test_description) StdoutLine: {'line': b'writing dependency_links to ../../build/robot_test_description/robot_test_description.egg-info/dependency_links.txt\n'}
[1.176276] (robot_test_description) StdoutLine: {'line': b'writing entry points to ../../build/robot_test_description/robot_test_description.egg-info/entry_points.txt\n'}
[1.176414] (robot_test_description) StdoutLine: {'line': b'writing requirements to ../../build/robot_test_description/robot_test_description.egg-info/requires.txt\n'}
[1.176548] (robot_test_description) StdoutLine: {'line': b'writing top-level names to ../../build/robot_test_description/robot_test_description.egg-info/top_level.txt\n'}
[1.176669] (rover__description) StdoutLine: {'line': b'writing ../../build/rover__description/rover_description.egg-info/PKG-INFO\n'}
[1.176959] (rover__description) StdoutLine: {'line': b'writing dependency_links to ../../build/rover__description/rover_description.egg-info/dependency_links.txt\n'}
[1.177147] (rover__description) StdoutLine: {'line': b'writing entry points to ../../build/rover__description/rover_description.egg-info/entry_points.txt\n'}
[1.177301] (rover__description) StdoutLine: {'line': b'writing requirements to ../../build/rover__description/rover_description.egg-info/requires.txt\n'}
[1.177501] (rover__description) StdoutLine: {'line': b'writing top-level names to ../../build/rover__description/rover_description.egg-info/top_level.txt\n'}
[1.180267] (robot_test_description) StdoutLine: {'line': b"reading manifest file '../../build/robot_test_description/robot_test_description.egg-info/SOURCES.txt'\n"}
[1.180820] (rover__description) StdoutLine: {'line': b"reading manifest file '../../build/rover__description/rover_description.egg-info/SOURCES.txt'\n"}
[1.181049] (robot_test_description) StdoutLine: {'line': b"writing manifest file '../../build/robot_test_description/robot_test_description.egg-info/SOURCES.txt'\n"}
[1.181285] (robot_test_description) StdoutLine: {'line': b'running build\n'}
[1.181375] (robot_test_description) StdoutLine: {'line': b'running build_py\n'}
[1.181602] (robot_test_description) StdoutLine: {'line': b'running install\n'}
[1.181793] (rover__description) StdoutLine: {'line': b"writing manifest file '../../build/rover__description/rover_description.egg-info/SOURCES.txt'\n"}
[1.181947] (rover__description) StdoutLine: {'line': b'running build\n'}
[1.182011] (rover__description) StdoutLine: {'line': b'running build_py\n'}
[1.182176] (robot_test_description) StdoutLine: {'line': b'running install_lib\n'}
[1.182270] (rover__description) StdoutLine: {'line': b'running install\n'}
[1.182471] (rover__description) StdoutLine: {'line': b'running install_lib\n'}
[1.183321] (robot_test_description) StdoutLine: {'line': b'running install_data\n'}
[1.183684] (rover__description) StdoutLine: {'line': b'running install_data\n'}
[1.183801] (robot_test_description) StdoutLine: {'line': b'running install_egg_info\n'}
[1.184156] (rover__description) StdoutLine: {'line': b'running install_egg_info\n'}
[1.185899] (robot_test_description) StdoutLine: {'line': b"removing '/app/project/install/robot_test_description/lib/python3.10/site-packages/robot_test_description-0.0.0-py3.10.egg-info' (and everything under it)\n"}
[1.186273] (rover__description) StdoutLine: {'line': b"removing '/app/project/install/rover__description/lib/python3.10/site-packages/rover_description-0.0.0-py3.10.egg-info' (and everything under it)\n"}
[1.186430] (robot_test_description) StdoutLine: {'line': b'Copying ../../build/robot_test_description/robot_test_description.egg-info to /app/project/install/robot_test_description/lib/python3.10/site-packages/robot_test_description-0.0.0-py3.10.egg-info\n'}
[1.186594] (rover__description) StdoutLine: {'line': b'Copying ../../build/rover__description/rover_description.egg-info to /app/project/install/rover__description/lib/python3.10/site-packages/rover_description-0.0.0-py3.10.egg-info\n'}
[1.187312] (robot_test_description) StdoutLine: {'line': b'running install_scripts\n'}
[1.187459] (rover__description) StdoutLine: {'line': b'running install_scripts\n'}
[1.188777] (base_link_p3_description) StdoutLine: {'line': b'running egg_info\n'}
[1.189526] (base_link_p3_description) StdoutLine: {'line': b'writing ../../build/base_link_p3_description/base_link_p3_description.egg-info/PKG-INFO\n'}
[1.189807] (base_link_p3_description) StdoutLine: {'line': b'writing dependency_links to ../../build/base_link_p3_description/base_link_p3_description.egg-info/dependency_links.txt\n'}
[1.189935] (base_link_p3_description) StdoutLine: {'line': b'writing entry points to ../../build/base_link_p3_description/base_link_p3_description.egg-info/entry_points.txt\n'}
[1.190064] (base_link_p3_description) StdoutLine: {'line': b'writing requirements to ../../build/base_link_p3_description/base_link_p3_description.egg-info/requires.txt\n'}
[1.190204] (base_link_p3_description) StdoutLine: {'line': b'writing top-level names to ../../build/base_link_p3_description/base_link_p3_description.egg-info/top_level.txt\n'}
[1.192063] (base_link_p3_description) StdoutLine: {'line': b"reading manifest file '../../build/base_link_p3_description/base_link_p3_description.egg-info/SOURCES.txt'\n"}
[1.192970] (base_link_p3_description) StdoutLine: {'line': b"writing manifest file '../../build/base_link_p3_description/base_link_p3_description.egg-info/SOURCES.txt'\n"}
[1.193142] (base_link_p3_description) StdoutLine: {'line': b'running build\n'}
[1.193224] (base_link_p3_description) StdoutLine: {'line': b'running build_py\n'}
[1.193348] (base_link_p3_description) StdoutLine: {'line': b'running install\n'}
[1.193595] (base_link_p3_description) StdoutLine: {'line': b'running install_lib\n'}
[1.194748] (base_link_p3_description) StdoutLine: {'line': b'running install_data\n'}
[1.195418] (base_link_p3_description) StdoutLine: {'line': b'running install_egg_info\n'}
[1.197089] (base_link_p3_description) StdoutLine: {'line': b"removing '/app/project/install/base_link_p3_description/lib/python3.10/site-packages/base_link_p3_description-0.0.0-py3.10.egg-info' (and everything under it)\n"}
[1.197447] (base_link_p3_description) StdoutLine: {'line': b'Copying ../../build/base_link_p3_description/base_link_p3_description.egg-info to /app/project/install/base_link_p3_description/lib/python3.10/site-packages/base_link_p3_description-0.0.0-py3.10.egg-info\n'}
[1.198284] (base_link_p3_description) StdoutLine: {'line': b'running install_scripts\n'}
[1.201860] (-) TimerEvent: {}
[1.209865] (robot_test_description) StdoutLine: {'line': b"writing list of installed files to '/app/project/build/robot_test_description/install.log'\n"}
[1.210082] (rover__description) StdoutLine: {'line': b"writing list of installed files to '/app/project/build/rover__description/install.log'\n"}
[1.218887] (base_link_p3_description) StdoutLine: {'line': b"writing list of installed files to '/app/project/build/base_link_p3_description/install.log'\n"}
[1.235515] (robot_test_description) CommandEnded: {'returncode': 0}
[1.256333] (robot_test_description) JobEnded: {'identifier': 'robot_test_description', 'rc': 0}
[1.257286] (rover__description) CommandEnded: {'returncode': 0}
[1.261784] (rover__description) JobEnded: {'identifier': 'rover__description', 'rc': 0}
[1.262187] (base_link_p3_description) CommandEnded: {'returncode': 0}
[1.266338] (base_link_p3_description) JobEnded: {'identifier': 'base_link_p3_description', 'rc': 0}
[1.266733] (-) EventReactorShutdown: {}
