[0.239s] DEBUG:colcon:Command line arguments: ['/usr/bin/colcon', 'build']
[0.239s] DEBUG:colcon:Parsed command line arguments: Namespace(log_base=None, log_level=None, verb_name='build', build_base='build', install_base='install', merge_install=False, symlink_install=False, test_result_base=None, continue_on_error=False, executor='parallel', parallel_workers=16, event_handlers=None, ignore_user_meta=False, metas=['./colcon.meta'], base_paths=['.'], packages_ignore=None, packages_ignore_regex=None, paths=None, packages_up_to=None, packages_up_to_regex=None, packages_above=None, packages_above_and_dependencies=None, packages_above_depth=None, packages_select_by_dep=None, packages_skip_by_dep=None, packages_skip_up_to=None, packages_select_build_failed=False, packages_skip_build_finished=False, packages_select_test_failures=False, packages_skip_test_passed=False, packages_select=None, packages_skip=None, packages_select_regex=None, packages_skip_regex=None, packages_start=None, packages_end=None, cmake_args=None, cmake_target=None, cmake_target_skip_unavailable=False, cmake_clean_cache=False, cmake_clean_first=False, cmake_force_configure=False, ament_cmake_args=None, catkin_cmake_args=None, catkin_skip_building_tests=False, mixin_files=None, mixin=None, verb_parser=<colcon_mixin.mixin.mixin_argument.MixinArgumentDecorator object at 0x7112078a8af0>, verb_extension=<colcon_core.verb.build.BuildVerb object at 0x7112078a8430>, main=<bound method BuildVerb.main of <colcon_core.verb.build.BuildVerb object at 0x7112078a8430>>, mixin_verb=('build',))
[0.423s] Level 1:colcon.colcon_core.package_discovery:discover_packages(colcon_meta) check parameters
[0.424s] INFO:colcon.colcon_metadata.package_discovery.colcon_meta:Using configuration from '/root/.colcon/metadata/default/Gazebo.meta'
[0.424s] INFO:colcon.colcon_metadata.package_discovery.colcon_meta:Using configuration from '/root/.colcon/metadata/default/fastdds.meta'
[0.425s] INFO:colcon.colcon_metadata.package_discovery.colcon_meta:Using configuration from '/root/.colcon/metadata/default/fastrtps.meta'
[0.425s] Level 1:colcon.colcon_core.package_discovery:discover_packages(recursive) check parameters
[0.425s] Level 1:colcon.colcon_core.package_discovery:discover_packages(ignore) check parameters
[0.425s] Level 1:colcon.colcon_core.package_discovery:discover_packages(path) check parameters
[0.425s] Level 1:colcon.colcon_core.package_discovery:discover_packages(colcon_meta) discover
[0.425s] Level 1:colcon.colcon_core.package_discovery:discover_packages(recursive) discover
[0.425s] INFO:colcon.colcon_core.package_discovery:Crawling recursively for packages in '/app/project'
[0.425s] Level 1:colcon.colcon_core.package_identification:_identify(.) by extensions ['ignore', 'ignore_ament_install']
[0.425s] Level 1:colcon.colcon_core.package_identification:_identify(.) by extension 'ignore'
[0.425s] Level 1:colcon.colcon_core.package_identification:_identify(.) by extension 'ignore_ament_install'
[0.425s] Level 1:colcon.colcon_core.package_identification:_identify(.) by extensions ['colcon_pkg']
[0.425s] Level 1:colcon.colcon_core.package_identification:_identify(.) by extension 'colcon_pkg'
[0.425s] Level 1:colcon.colcon_core.package_identification:_identify(.) by extensions ['colcon_meta']
[0.425s] Level 1:colcon.colcon_core.package_identification:_identify(.) by extension 'colcon_meta'
[0.425s] Level 1:colcon.colcon_core.package_identification:_identify(.) by extensions ['ros']
[0.425s] Level 1:colcon.colcon_core.package_identification:_identify(.) by extension 'ros'
[0.437s] Level 1:colcon.colcon_core.package_identification:_identify(.) by extensions ['cmake', 'python']
[0.437s] Level 1:colcon.colcon_core.package_identification:_identify(.) by extension 'cmake'
[0.437s] Level 1:colcon.colcon_core.package_identification:_identify(.) by extension 'python'
[0.437s] Level 1:colcon.colcon_core.package_identification:_identify(.) by extensions ['python_setup_py']
[0.437s] Level 1:colcon.colcon_core.package_identification:_identify(.) by extension 'python_setup_py'
[0.437s] Level 1:colcon.colcon_core.package_identification:_identify(build) by extensions ['ignore', 'ignore_ament_install']
[0.437s] Level 1:colcon.colcon_core.package_identification:_identify(build) by extension 'ignore'
[0.437s] Level 1:colcon.colcon_core.package_identification:_identify(build) ignored
[0.437s] Level 1:colcon.colcon_core.package_identification:_identify(install) by extensions ['ignore', 'ignore_ament_install']
[0.437s] Level 1:colcon.colcon_core.package_identification:_identify(install) by extension 'ignore'
[0.437s] Level 1:colcon.colcon_core.package_identification:_identify(install) ignored
[0.437s] Level 1:colcon.colcon_core.package_identification:_identify(log) by extensions ['ignore', 'ignore_ament_install']
[0.437s] Level 1:colcon.colcon_core.package_identification:_identify(log) by extension 'ignore'
[0.437s] Level 1:colcon.colcon_core.package_identification:_identify(log) ignored
[0.438s] Level 1:colcon.colcon_core.package_identification:_identify(src) by extensions ['ignore', 'ignore_ament_install']
[0.438s] Level 1:colcon.colcon_core.package_identification:_identify(src) by extension 'ignore'
[0.438s] Level 1:colcon.colcon_core.package_identification:_identify(src) by extension 'ignore_ament_install'
[0.438s] Level 1:colcon.colcon_core.package_identification:_identify(src) by extensions ['colcon_pkg']
[0.438s] Level 1:colcon.colcon_core.package_identification:_identify(src) by extension 'colcon_pkg'
[0.438s] Level 1:colcon.colcon_core.package_identification:_identify(src) by extensions ['colcon_meta']
[0.438s] Level 1:colcon.colcon_core.package_identification:_identify(src) by extension 'colcon_meta'
[0.438s] Level 1:colcon.colcon_core.package_identification:_identify(src) by extensions ['ros']
[0.438s] Level 1:colcon.colcon_core.package_identification:_identify(src) by extension 'ros'
[0.438s] Level 1:colcon.colcon_core.package_identification:_identify(src) by extensions ['cmake', 'python']
[0.438s] Level 1:colcon.colcon_core.package_identification:_identify(src) by extension 'cmake'
[0.438s] Level 1:colcon.colcon_core.package_identification:_identify(src) by extension 'python'
[0.438s] Level 1:colcon.colcon_core.package_identification:_identify(src) by extensions ['python_setup_py']
[0.438s] Level 1:colcon.colcon_core.package_identification:_identify(src) by extension 'python_setup_py'
[0.438s] Level 1:colcon.colcon_core.package_identification:_identify(src/base_link_description) by extensions ['ignore', 'ignore_ament_install']
[0.438s] Level 1:colcon.colcon_core.package_identification:_identify(src/base_link_description) by extension 'ignore'
[0.438s] Level 1:colcon.colcon_core.package_identification:_identify(src/base_link_description) by extension 'ignore_ament_install'
[0.438s] Level 1:colcon.colcon_core.package_identification:_identify(src/base_link_description) by extensions ['colcon_pkg']
[0.438s] Level 1:colcon.colcon_core.package_identification:_identify(src/base_link_description) by extension 'colcon_pkg'
[0.438s] Level 1:colcon.colcon_core.package_identification:_identify(src/base_link_description) by extensions ['colcon_meta']
[0.438s] Level 1:colcon.colcon_core.package_identification:_identify(src/base_link_description) by extension 'colcon_meta'
[0.438s] Level 1:colcon.colcon_core.package_identification:_identify(src/base_link_description) by extensions ['ros']
[0.438s] Level 1:colcon.colcon_core.package_identification:_identify(src/base_link_description) by extension 'ros'
[0.441s] DEBUG:colcon.colcon_core.package_identification:Package 'src/base_link_description' with type 'ros.ament_python' and name 'base_link_description'
[0.441s] Level 1:colcon.colcon_core.package_identification:_identify(src/base_link_p3_description) by extensions ['ignore', 'ignore_ament_install']
[0.441s] Level 1:colcon.colcon_core.package_identification:_identify(src/base_link_p3_description) by extension 'ignore'
[0.441s] Level 1:colcon.colcon_core.package_identification:_identify(src/base_link_p3_description) by extension 'ignore_ament_install'
[0.441s] Level 1:colcon.colcon_core.package_identification:_identify(src/base_link_p3_description) by extensions ['colcon_pkg']
[0.441s] Level 1:colcon.colcon_core.package_identification:_identify(src/base_link_p3_description) by extension 'colcon_pkg'
[0.441s] Level 1:colcon.colcon_core.package_identification:_identify(src/base_link_p3_description) by extensions ['colcon_meta']
[0.441s] Level 1:colcon.colcon_core.package_identification:_identify(src/base_link_p3_description) by extension 'colcon_meta'
[0.441s] Level 1:colcon.colcon_core.package_identification:_identify(src/base_link_p3_description) by extensions ['ros']
[0.441s] Level 1:colcon.colcon_core.package_identification:_identify(src/base_link_p3_description) by extension 'ros'
[0.442s] DEBUG:colcon.colcon_core.package_identification:Package 'src/base_link_p3_description' with type 'ros.ament_python' and name 'base_link_p3_description'
[0.442s] Level 1:colcon.colcon_core.package_identification:_identify(src/base_link_t1_description) by extensions ['ignore', 'ignore_ament_install']
[0.442s] Level 1:colcon.colcon_core.package_identification:_identify(src/base_link_t1_description) by extension 'ignore'
[0.442s] Level 1:colcon.colcon_core.package_identification:_identify(src/base_link_t1_description) by extension 'ignore_ament_install'
[0.442s] Level 1:colcon.colcon_core.package_identification:_identify(src/base_link_t1_description) by extensions ['colcon_pkg']
[0.442s] Level 1:colcon.colcon_core.package_identification:_identify(src/base_link_t1_description) by extension 'colcon_pkg'
[0.442s] Level 1:colcon.colcon_core.package_identification:_identify(src/base_link_t1_description) by extensions ['colcon_meta']
[0.442s] Level 1:colcon.colcon_core.package_identification:_identify(src/base_link_t1_description) by extension 'colcon_meta'
[0.442s] Level 1:colcon.colcon_core.package_identification:_identify(src/base_link_t1_description) by extensions ['ros']
[0.442s] Level 1:colcon.colcon_core.package_identification:_identify(src/base_link_t1_description) by extension 'ros'
[0.443s] DEBUG:colcon.colcon_core.package_identification:Package 'src/base_link_t1_description' with type 'ros.ament_python' and name 'base_link_t1_description'
[0.443s] Level 1:colcon.colcon_core.package_identification:_identify(src/robot_test_description) by extensions ['ignore', 'ignore_ament_install']
[0.443s] Level 1:colcon.colcon_core.package_identification:_identify(src/robot_test_description) by extension 'ignore'
[0.443s] Level 1:colcon.colcon_core.package_identification:_identify(src/robot_test_description) by extension 'ignore_ament_install'
[0.443s] Level 1:colcon.colcon_core.package_identification:_identify(src/robot_test_description) by extensions ['colcon_pkg']
[0.443s] Level 1:colcon.colcon_core.package_identification:_identify(src/robot_test_description) by extension 'colcon_pkg'
[0.443s] Level 1:colcon.colcon_core.package_identification:_identify(src/robot_test_description) by extensions ['colcon_meta']
[0.443s] Level 1:colcon.colcon_core.package_identification:_identify(src/robot_test_description) by extension 'colcon_meta'
[0.443s] Level 1:colcon.colcon_core.package_identification:_identify(src/robot_test_description) by extensions ['ros']
[0.443s] Level 1:colcon.colcon_core.package_identification:_identify(src/robot_test_description) by extension 'ros'
[0.444s] DEBUG:colcon.colcon_core.package_identification:Package 'src/robot_test_description' with type 'ros.ament_python' and name 'robot_test_description'
[0.444s] Level 1:colcon.colcon_core.package_identification:_identify(src/rover_se_pernas_description) by extensions ['ignore', 'ignore_ament_install']
[0.444s] Level 1:colcon.colcon_core.package_identification:_identify(src/rover_se_pernas_description) by extension 'ignore'
[0.444s] Level 1:colcon.colcon_core.package_identification:_identify(src/rover_se_pernas_description) by extension 'ignore_ament_install'
[0.444s] Level 1:colcon.colcon_core.package_identification:_identify(src/rover_se_pernas_description) by extensions ['colcon_pkg']
[0.444s] Level 1:colcon.colcon_core.package_identification:_identify(src/rover_se_pernas_description) by extension 'colcon_pkg'
[0.444s] Level 1:colcon.colcon_core.package_identification:_identify(src/rover_se_pernas_description) by extensions ['colcon_meta']
[0.444s] Level 1:colcon.colcon_core.package_identification:_identify(src/rover_se_pernas_description) by extension 'colcon_meta'
[0.444s] Level 1:colcon.colcon_core.package_identification:_identify(src/rover_se_pernas_description) by extensions ['ros']
[0.444s] Level 1:colcon.colcon_core.package_identification:_identify(src/rover_se_pernas_description) by extension 'ros'
[0.445s] DEBUG:colcon.colcon_core.package_identification:Package 'src/rover_se_pernas_description' with type 'ros.ament_python' and name 'rover_se_pernas_description'
[0.445s] Level 1:colcon.colcon_core.package_discovery:discover_packages(recursive) using defaults
[0.445s] Level 1:colcon.colcon_core.package_discovery:discover_packages(ignore) discover
[0.445s] Level 1:colcon.colcon_core.package_discovery:discover_packages(ignore) using defaults
[0.445s] Level 1:colcon.colcon_core.package_discovery:discover_packages(path) discover
[0.445s] Level 1:colcon.colcon_core.package_discovery:discover_packages(path) using defaults
[0.471s] Level 5:colcon.colcon_core.verb:set package 'base_link_description' build argument 'cmake_args' from command line to 'None'
[0.471s] Level 5:colcon.colcon_core.verb:set package 'base_link_description' build argument 'cmake_target' from command line to 'None'
[0.471s] Level 5:colcon.colcon_core.verb:set package 'base_link_description' build argument 'cmake_target_skip_unavailable' from command line to 'False'
[0.471s] Level 5:colcon.colcon_core.verb:set package 'base_link_description' build argument 'cmake_clean_cache' from command line to 'False'
[0.471s] Level 5:colcon.colcon_core.verb:set package 'base_link_description' build argument 'cmake_clean_first' from command line to 'False'
[0.471s] Level 5:colcon.colcon_core.verb:set package 'base_link_description' build argument 'cmake_force_configure' from command line to 'False'
[0.471s] Level 5:colcon.colcon_core.verb:set package 'base_link_description' build argument 'ament_cmake_args' from command line to 'None'
[0.471s] Level 5:colcon.colcon_core.verb:set package 'base_link_description' build argument 'catkin_cmake_args' from command line to 'None'
[0.471s] Level 5:colcon.colcon_core.verb:set package 'base_link_description' build argument 'catkin_skip_building_tests' from command line to 'False'
[0.471s] DEBUG:colcon.colcon_core.verb:Building package 'base_link_description' with the following arguments: {'ament_cmake_args': None, 'build_base': '/app/project/build/base_link_description', 'catkin_cmake_args': None, 'catkin_skip_building_tests': False, 'cmake_args': None, 'cmake_clean_cache': False, 'cmake_clean_first': False, 'cmake_force_configure': False, 'cmake_target': None, 'cmake_target_skip_unavailable': False, 'install_base': '/app/project/install/base_link_description', 'merge_install': False, 'path': '/app/project/src/base_link_description', 'symlink_install': False, 'test_result_base': None}
[0.471s] Level 5:colcon.colcon_core.verb:set package 'base_link_p3_description' build argument 'cmake_args' from command line to 'None'
[0.471s] Level 5:colcon.colcon_core.verb:set package 'base_link_p3_description' build argument 'cmake_target' from command line to 'None'
[0.471s] Level 5:colcon.colcon_core.verb:set package 'base_link_p3_description' build argument 'cmake_target_skip_unavailable' from command line to 'False'
[0.471s] Level 5:colcon.colcon_core.verb:set package 'base_link_p3_description' build argument 'cmake_clean_cache' from command line to 'False'
[0.471s] Level 5:colcon.colcon_core.verb:set package 'base_link_p3_description' build argument 'cmake_clean_first' from command line to 'False'
[0.471s] Level 5:colcon.colcon_core.verb:set package 'base_link_p3_description' build argument 'cmake_force_configure' from command line to 'False'
[0.471s] Level 5:colcon.colcon_core.verb:set package 'base_link_p3_description' build argument 'ament_cmake_args' from command line to 'None'
[0.471s] Level 5:colcon.colcon_core.verb:set package 'base_link_p3_description' build argument 'catkin_cmake_args' from command line to 'None'
[0.471s] Level 5:colcon.colcon_core.verb:set package 'base_link_p3_description' build argument 'catkin_skip_building_tests' from command line to 'False'
[0.472s] DEBUG:colcon.colcon_core.verb:Building package 'base_link_p3_description' with the following arguments: {'ament_cmake_args': None, 'build_base': '/app/project/build/base_link_p3_description', 'catkin_cmake_args': None, 'catkin_skip_building_tests': False, 'cmake_args': None, 'cmake_clean_cache': False, 'cmake_clean_first': False, 'cmake_force_configure': False, 'cmake_target': None, 'cmake_target_skip_unavailable': False, 'install_base': '/app/project/install/base_link_p3_description', 'merge_install': False, 'path': '/app/project/src/base_link_p3_description', 'symlink_install': False, 'test_result_base': None}
[0.472s] Level 5:colcon.colcon_core.verb:set package 'base_link_t1_description' build argument 'cmake_args' from command line to 'None'
[0.472s] Level 5:colcon.colcon_core.verb:set package 'base_link_t1_description' build argument 'cmake_target' from command line to 'None'
[0.472s] Level 5:colcon.colcon_core.verb:set package 'base_link_t1_description' build argument 'cmake_target_skip_unavailable' from command line to 'False'
[0.472s] Level 5:colcon.colcon_core.verb:set package 'base_link_t1_description' build argument 'cmake_clean_cache' from command line to 'False'
[0.472s] Level 5:colcon.colcon_core.verb:set package 'base_link_t1_description' build argument 'cmake_clean_first' from command line to 'False'
[0.472s] Level 5:colcon.colcon_core.verb:set package 'base_link_t1_description' build argument 'cmake_force_configure' from command line to 'False'
[0.472s] Level 5:colcon.colcon_core.verb:set package 'base_link_t1_description' build argument 'ament_cmake_args' from command line to 'None'
[0.472s] Level 5:colcon.colcon_core.verb:set package 'base_link_t1_description' build argument 'catkin_cmake_args' from command line to 'None'
[0.472s] Level 5:colcon.colcon_core.verb:set package 'base_link_t1_description' build argument 'catkin_skip_building_tests' from command line to 'False'
[0.472s] DEBUG:colcon.colcon_core.verb:Building package 'base_link_t1_description' with the following arguments: {'ament_cmake_args': None, 'build_base': '/app/project/build/base_link_t1_description', 'catkin_cmake_args': None, 'catkin_skip_building_tests': False, 'cmake_args': None, 'cmake_clean_cache': False, 'cmake_clean_first': False, 'cmake_force_configure': False, 'cmake_target': None, 'cmake_target_skip_unavailable': False, 'install_base': '/app/project/install/base_link_t1_description', 'merge_install': False, 'path': '/app/project/src/base_link_t1_description', 'symlink_install': False, 'test_result_base': None}
[0.472s] Level 5:colcon.colcon_core.verb:set package 'robot_test_description' build argument 'cmake_args' from command line to 'None'
[0.472s] Level 5:colcon.colcon_core.verb:set package 'robot_test_description' build argument 'cmake_target' from command line to 'None'
[0.472s] Level 5:colcon.colcon_core.verb:set package 'robot_test_description' build argument 'cmake_target_skip_unavailable' from command line to 'False'
[0.472s] Level 5:colcon.colcon_core.verb:set package 'robot_test_description' build argument 'cmake_clean_cache' from command line to 'False'
[0.472s] Level 5:colcon.colcon_core.verb:set package 'robot_test_description' build argument 'cmake_clean_first' from command line to 'False'
[0.472s] Level 5:colcon.colcon_core.verb:set package 'robot_test_description' build argument 'cmake_force_configure' from command line to 'False'
[0.472s] Level 5:colcon.colcon_core.verb:set package 'robot_test_description' build argument 'ament_cmake_args' from command line to 'None'
[0.472s] Level 5:colcon.colcon_core.verb:set package 'robot_test_description' build argument 'catkin_cmake_args' from command line to 'None'
[0.472s] Level 5:colcon.colcon_core.verb:set package 'robot_test_description' build argument 'catkin_skip_building_tests' from command line to 'False'
[0.472s] DEBUG:colcon.colcon_core.verb:Building package 'robot_test_description' with the following arguments: {'ament_cmake_args': None, 'build_base': '/app/project/build/robot_test_description', 'catkin_cmake_args': None, 'catkin_skip_building_tests': False, 'cmake_args': None, 'cmake_clean_cache': False, 'cmake_clean_first': False, 'cmake_force_configure': False, 'cmake_target': None, 'cmake_target_skip_unavailable': False, 'install_base': '/app/project/install/robot_test_description', 'merge_install': False, 'path': '/app/project/src/robot_test_description', 'symlink_install': False, 'test_result_base': None}
[0.473s] Level 5:colcon.colcon_core.verb:set package 'rover_se_pernas_description' build argument 'cmake_args' from command line to 'None'
[0.473s] Level 5:colcon.colcon_core.verb:set package 'rover_se_pernas_description' build argument 'cmake_target' from command line to 'None'
[0.473s] Level 5:colcon.colcon_core.verb:set package 'rover_se_pernas_description' build argument 'cmake_target_skip_unavailable' from command line to 'False'
[0.473s] Level 5:colcon.colcon_core.verb:set package 'rover_se_pernas_description' build argument 'cmake_clean_cache' from command line to 'False'
[0.473s] Level 5:colcon.colcon_core.verb:set package 'rover_se_pernas_description' build argument 'cmake_clean_first' from command line to 'False'
[0.473s] Level 5:colcon.colcon_core.verb:set package 'rover_se_pernas_description' build argument 'cmake_force_configure' from command line to 'False'
[0.473s] Level 5:colcon.colcon_core.verb:set package 'rover_se_pernas_description' build argument 'ament_cmake_args' from command line to 'None'
[0.473s] Level 5:colcon.colcon_core.verb:set package 'rover_se_pernas_description' build argument 'catkin_cmake_args' from command line to 'None'
[0.473s] Level 5:colcon.colcon_core.verb:set package 'rover_se_pernas_description' build argument 'catkin_skip_building_tests' from command line to 'False'
[0.473s] DEBUG:colcon.colcon_core.verb:Building package 'rover_se_pernas_description' with the following arguments: {'ament_cmake_args': None, 'build_base': '/app/project/build/rover_se_pernas_description', 'catkin_cmake_args': None, 'catkin_skip_building_tests': False, 'cmake_args': None, 'cmake_clean_cache': False, 'cmake_clean_first': False, 'cmake_force_configure': False, 'cmake_target': None, 'cmake_target_skip_unavailable': False, 'install_base': '/app/project/install/rover_se_pernas_description', 'merge_install': False, 'path': '/app/project/src/rover_se_pernas_description', 'symlink_install': False, 'test_result_base': None}
[0.473s] INFO:colcon.colcon_core.executor:Executing jobs using 'parallel' executor
[0.474s] DEBUG:colcon.colcon_parallel_executor.executor.parallel:run_until_complete
[0.474s] INFO:colcon.colcon_ros.task.ament_python.build:Building ROS package in '/app/project/src/base_link_description' with build type 'ament_python'
[0.474s] Level 1:colcon.colcon_core.shell:create_environment_hook('base_link_description', 'ament_prefix_path')
[0.478s] INFO:colcon.colcon_core.plugin_system:Skipping extension 'colcon_core.shell.bat': Not used on non-Windows systems
[0.478s] INFO:colcon.colcon_core.shell:Creating environment hook '/app/project/install/base_link_description/share/base_link_description/hook/ament_prefix_path.ps1'
[0.479s] INFO:colcon.colcon_core.shell:Creating environment descriptor '/app/project/install/base_link_description/share/base_link_description/hook/ament_prefix_path.dsv'
[0.480s] INFO:colcon.colcon_core.shell:Creating environment hook '/app/project/install/base_link_description/share/base_link_description/hook/ament_prefix_path.sh'
[0.480s] INFO:colcon.colcon_core.shell:Skip shell extension 'powershell' for command environment: Not usable outside of PowerShell
[0.480s] DEBUG:colcon.colcon_core.shell:Skip shell extension 'dsv' for command environment
[0.487s] INFO:colcon.colcon_ros.task.ament_python.build:Building ROS package in '/app/project/src/base_link_p3_description' with build type 'ament_python'
[0.487s] Level 1:colcon.colcon_core.shell:create_environment_hook('base_link_p3_description', 'ament_prefix_path')
[0.487s] INFO:colcon.colcon_core.shell:Creating environment hook '/app/project/install/base_link_p3_description/share/base_link_p3_description/hook/ament_prefix_path.ps1'
[0.488s] INFO:colcon.colcon_core.shell:Creating environment descriptor '/app/project/install/base_link_p3_description/share/base_link_p3_description/hook/ament_prefix_path.dsv'
[0.488s] INFO:colcon.colcon_core.shell:Creating environment hook '/app/project/install/base_link_p3_description/share/base_link_p3_description/hook/ament_prefix_path.sh'
[0.488s] INFO:colcon.colcon_core.shell:Skip shell extension 'powershell' for command environment: Not usable outside of PowerShell
[0.488s] DEBUG:colcon.colcon_core.shell:Skip shell extension 'dsv' for command environment
[0.492s] INFO:colcon.colcon_ros.task.ament_python.build:Building ROS package in '/app/project/src/base_link_t1_description' with build type 'ament_python'
[0.493s] Level 1:colcon.colcon_core.shell:create_environment_hook('base_link_t1_description', 'ament_prefix_path')
[0.493s] INFO:colcon.colcon_core.shell:Creating environment hook '/app/project/install/base_link_t1_description/share/base_link_t1_description/hook/ament_prefix_path.ps1'
[0.494s] INFO:colcon.colcon_core.shell:Creating environment descriptor '/app/project/install/base_link_t1_description/share/base_link_t1_description/hook/ament_prefix_path.dsv'
[0.494s] INFO:colcon.colcon_core.shell:Creating environment hook '/app/project/install/base_link_t1_description/share/base_link_t1_description/hook/ament_prefix_path.sh'
[0.495s] INFO:colcon.colcon_core.shell:Skip shell extension 'powershell' for command environment: Not usable outside of PowerShell
[0.495s] DEBUG:colcon.colcon_core.shell:Skip shell extension 'dsv' for command environment
[0.499s] INFO:colcon.colcon_ros.task.ament_python.build:Building ROS package in '/app/project/src/robot_test_description' with build type 'ament_python'
[0.499s] Level 1:colcon.colcon_core.shell:create_environment_hook('robot_test_description', 'ament_prefix_path')
[0.499s] INFO:colcon.colcon_core.shell:Creating environment hook '/app/project/install/robot_test_description/share/robot_test_description/hook/ament_prefix_path.ps1'
[0.500s] INFO:colcon.colcon_core.shell:Creating environment descriptor '/app/project/install/robot_test_description/share/robot_test_description/hook/ament_prefix_path.dsv'
[0.500s] INFO:colcon.colcon_core.shell:Creating environment hook '/app/project/install/robot_test_description/share/robot_test_description/hook/ament_prefix_path.sh'
[0.501s] INFO:colcon.colcon_core.shell:Skip shell extension 'powershell' for command environment: Not usable outside of PowerShell
[0.501s] DEBUG:colcon.colcon_core.shell:Skip shell extension 'dsv' for command environment
[0.505s] INFO:colcon.colcon_ros.task.ament_python.build:Building ROS package in '/app/project/src/rover_se_pernas_description' with build type 'ament_python'
[0.505s] Level 1:colcon.colcon_core.shell:create_environment_hook('rover_se_pernas_description', 'ament_prefix_path')
[0.506s] INFO:colcon.colcon_core.shell:Creating environment hook '/app/project/install/rover_se_pernas_description/share/rover_se_pernas_description/hook/ament_prefix_path.ps1'
[0.506s] INFO:colcon.colcon_core.shell:Creating environment descriptor '/app/project/install/rover_se_pernas_description/share/rover_se_pernas_description/hook/ament_prefix_path.dsv'
[0.507s] INFO:colcon.colcon_core.shell:Creating environment hook '/app/project/install/rover_se_pernas_description/share/rover_se_pernas_description/hook/ament_prefix_path.sh'
[0.507s] INFO:colcon.colcon_core.shell:Skip shell extension 'powershell' for command environment: Not usable outside of PowerShell
[0.507s] DEBUG:colcon.colcon_core.shell:Skip shell extension 'dsv' for command environment
[0.729s] INFO:colcon.colcon_core.task.python.build:Building Python package in '/app/project/src/base_link_description'
[0.729s] INFO:colcon.colcon_core.shell:Skip shell extension 'powershell' for command environment: Not usable outside of PowerShell
[0.729s] DEBUG:colcon.colcon_core.shell:Skip shell extension 'dsv' for command environment
[0.932s] INFO:colcon.colcon_core.task.python.build:Building Python package in '/app/project/src/base_link_p3_description'
[0.933s] INFO:colcon.colcon_core.shell:Skip shell extension 'powershell' for command environment: Not usable outside of PowerShell
[0.933s] DEBUG:colcon.colcon_core.shell:Skip shell extension 'dsv' for command environment
[1.135s] INFO:colcon.colcon_core.task.python.build:Building Python package in '/app/project/src/base_link_t1_description'
[1.135s] INFO:colcon.colcon_core.shell:Skip shell extension 'powershell' for command environment: Not usable outside of PowerShell
[1.135s] DEBUG:colcon.colcon_core.shell:Skip shell extension 'dsv' for command environment
[1.330s] INFO:colcon.colcon_core.task.python.build:Building Python package in '/app/project/src/robot_test_description'
[1.330s] INFO:colcon.colcon_core.shell:Skip shell extension 'powershell' for command environment: Not usable outside of PowerShell
[1.330s] DEBUG:colcon.colcon_core.shell:Skip shell extension 'dsv' for command environment
[1.527s] INFO:colcon.colcon_core.task.python.build:Building Python package in '/app/project/src/rover_se_pernas_description'
[1.527s] INFO:colcon.colcon_core.shell:Skip shell extension 'powershell' for command environment: Not usable outside of PowerShell
[1.527s] DEBUG:colcon.colcon_core.shell:Skip shell extension 'dsv' for command environment
[1.969s] DEBUG:colcon.colcon_core.event_handler.log_command:Invoking command in '/app/project/src/rover_se_pernas_description': PYTHONPATH=/app/project/build/rover_se_pernas_description/prefix_override:/usr/lib/python3/dist-packages/colcon_core/task/python/colcon_distutils_commands:/app/project/install/rover_se_pernas_description/lib/python3.10/site-packages:${PYTHONPATH} /usr/bin/python3 -W ignore:setup.py install is deprecated -W ignore:easy_install command is deprecated setup.py egg_info --egg-base ../../build/rover_se_pernas_description build --build-base /app/project/build/rover_se_pernas_description/build install --record /app/project/build/rover_se_pernas_description/install.log --single-version-externally-managed install_data
[1.973s] DEBUG:colcon.colcon_core.event_handler.log_command:Invoking command in '/app/project/src/base_link_t1_description': PYTHONPATH=/app/project/build/base_link_t1_description/prefix_override:/usr/lib/python3/dist-packages/colcon_core/task/python/colcon_distutils_commands:/app/project/install/base_link_t1_description/lib/python3.10/site-packages:${PYTHONPATH} /usr/bin/python3 -W ignore:setup.py install is deprecated -W ignore:easy_install command is deprecated setup.py egg_info --egg-base ../../build/base_link_t1_description build --build-base /app/project/build/base_link_t1_description/build install --record /app/project/build/base_link_t1_description/install.log --single-version-externally-managed install_data
[1.975s] DEBUG:colcon.colcon_core.event_handler.log_command:Invoking command in '/app/project/src/robot_test_description': PYTHONPATH=/app/project/build/robot_test_description/prefix_override:/usr/lib/python3/dist-packages/colcon_core/task/python/colcon_distutils_commands:/app/project/install/robot_test_description/lib/python3.10/site-packages:${PYTHONPATH} /usr/bin/python3 -W ignore:setup.py install is deprecated -W ignore:easy_install command is deprecated setup.py egg_info --egg-base ../../build/robot_test_description build --build-base /app/project/build/robot_test_description/build install --record /app/project/build/robot_test_description/install.log --single-version-externally-managed install_data
[1.977s] DEBUG:colcon.colcon_core.event_handler.log_command:Invoking command in '/app/project/src/base_link_description': PYTHONPATH=/app/project/build/base_link_description/prefix_override:/usr/lib/python3/dist-packages/colcon_core/task/python/colcon_distutils_commands:/app/project/install/base_link_description/lib/python3.10/site-packages:${PYTHONPATH} /usr/bin/python3 -W ignore:setup.py install is deprecated -W ignore:easy_install command is deprecated setup.py egg_info --egg-base ../../build/base_link_description build --build-base /app/project/build/base_link_description/build install --record /app/project/build/base_link_description/install.log --single-version-externally-managed install_data
[1.978s] DEBUG:colcon.colcon_core.event_handler.log_command:Invoking command in '/app/project/src/base_link_p3_description': PYTHONPATH=/app/project/build/base_link_p3_description/prefix_override:/usr/lib/python3/dist-packages/colcon_core/task/python/colcon_distutils_commands:/app/project/install/base_link_p3_description/lib/python3.10/site-packages:${PYTHONPATH} /usr/bin/python3 -W ignore:setup.py install is deprecated -W ignore:easy_install command is deprecated setup.py egg_info --egg-base ../../build/base_link_p3_description build --build-base /app/project/build/base_link_p3_description/build install --record /app/project/build/base_link_p3_description/install.log --single-version-externally-managed install_data
[2.244s] DEBUG:colcon.colcon_core.event_handler.log_command:Invoked command in '/app/project/src/rover_se_pernas_description' returned '0': PYTHONPATH=/app/project/build/rover_se_pernas_description/prefix_override:/usr/lib/python3/dist-packages/colcon_core/task/python/colcon_distutils_commands:/app/project/install/rover_se_pernas_description/lib/python3.10/site-packages:${PYTHONPATH} /usr/bin/python3 -W ignore:setup.py install is deprecated -W ignore:easy_install command is deprecated setup.py egg_info --egg-base ../../build/rover_se_pernas_description build --build-base /app/project/build/rover_se_pernas_description/build install --record /app/project/build/rover_se_pernas_description/install.log --single-version-externally-managed install_data
[2.251s] Level 1:colcon.colcon_core.environment:checking '/app/project/install/rover_se_pernas_description' for CMake module files
[2.252s] Level 1:colcon.colcon_core.environment:checking '/app/project/install/rover_se_pernas_description' for CMake config files
[2.253s] Level 1:colcon.colcon_core.environment:checking '/app/project/install/rover_se_pernas_description/lib'
[2.253s] Level 1:colcon.colcon_core.environment:checking '/app/project/install/rover_se_pernas_description/bin'
[2.253s] Level 1:colcon.colcon_core.environment:checking '/app/project/install/rover_se_pernas_description/lib/pkgconfig/rover_se_pernas_description.pc'
[2.254s] Level 1:colcon.colcon_core.environment:checking '/app/project/install/rover_se_pernas_description/lib/python3.10/site-packages'
[2.254s] Level 1:colcon.colcon_core.shell:create_environment_hook('rover_se_pernas_description', 'pythonpath')
[2.254s] INFO:colcon.colcon_core.shell:Creating environment hook '/app/project/install/rover_se_pernas_description/share/rover_se_pernas_description/hook/pythonpath.ps1'
[2.255s] INFO:colcon.colcon_core.shell:Creating environment descriptor '/app/project/install/rover_se_pernas_description/share/rover_se_pernas_description/hook/pythonpath.dsv'
[2.255s] INFO:colcon.colcon_core.shell:Creating environment hook '/app/project/install/rover_se_pernas_description/share/rover_se_pernas_description/hook/pythonpath.sh'
[2.256s] Level 1:colcon.colcon_core.environment:checking '/app/project/install/rover_se_pernas_description/bin'
[2.256s] Level 1:colcon.colcon_core.environment:create_environment_scripts_only(rover_se_pernas_description)
[2.257s] INFO:colcon.colcon_core.shell:Creating package script '/app/project/install/rover_se_pernas_description/share/rover_se_pernas_description/package.ps1'
[2.258s] INFO:colcon.colcon_core.shell:Creating package descriptor '/app/project/install/rover_se_pernas_description/share/rover_se_pernas_description/package.dsv'
[2.259s] INFO:colcon.colcon_core.shell:Creating package script '/app/project/install/rover_se_pernas_description/share/rover_se_pernas_description/package.sh'
[2.260s] INFO:colcon.colcon_core.shell:Creating package script '/app/project/install/rover_se_pernas_description/share/rover_se_pernas_description/package.bash'
[2.261s] INFO:colcon.colcon_core.shell:Creating package script '/app/project/install/rover_se_pernas_description/share/rover_se_pernas_description/package.zsh'
[2.262s] Level 1:colcon.colcon_core.environment:create_file_with_runtime_dependencies(/app/project/install/rover_se_pernas_description/share/colcon-core/packages/rover_se_pernas_description)
[2.264s] Level 1:colcon.colcon_core.environment:checking '/app/project/install/base_link_t1_description' for CMake module files
[2.264s] DEBUG:colcon.colcon_core.event_handler.log_command:Invoked command in '/app/project/src/base_link_t1_description' returned '0': PYTHONPATH=/app/project/build/base_link_t1_description/prefix_override:/usr/lib/python3/dist-packages/colcon_core/task/python/colcon_distutils_commands:/app/project/install/base_link_t1_description/lib/python3.10/site-packages:${PYTHONPATH} /usr/bin/python3 -W ignore:setup.py install is deprecated -W ignore:easy_install command is deprecated setup.py egg_info --egg-base ../../build/base_link_t1_description build --build-base /app/project/build/base_link_t1_description/build install --record /app/project/build/base_link_t1_description/install.log --single-version-externally-managed install_data
[2.265s] Level 1:colcon.colcon_core.environment:checking '/app/project/install/base_link_t1_description' for CMake config files
[2.265s] Level 1:colcon.colcon_core.environment:checking '/app/project/install/base_link_t1_description/lib'
[2.265s] Level 1:colcon.colcon_core.environment:checking '/app/project/install/base_link_t1_description/bin'
[2.265s] Level 1:colcon.colcon_core.environment:checking '/app/project/install/base_link_t1_description/lib/pkgconfig/base_link_t1_description.pc'
[2.265s] Level 1:colcon.colcon_core.environment:checking '/app/project/install/base_link_t1_description/lib/python3.10/site-packages'
[2.266s] Level 1:colcon.colcon_core.shell:create_environment_hook('base_link_t1_description', 'pythonpath')
[2.266s] INFO:colcon.colcon_core.shell:Creating environment hook '/app/project/install/base_link_t1_description/share/base_link_t1_description/hook/pythonpath.ps1'
[2.266s] INFO:colcon.colcon_core.shell:Creating environment descriptor '/app/project/install/base_link_t1_description/share/base_link_t1_description/hook/pythonpath.dsv'
[2.267s] INFO:colcon.colcon_core.shell:Creating environment hook '/app/project/install/base_link_t1_description/share/base_link_t1_description/hook/pythonpath.sh'
[2.267s] Level 1:colcon.colcon_core.environment:checking '/app/project/install/base_link_t1_description/bin'
[2.267s] Level 1:colcon.colcon_core.environment:create_environment_scripts_only(base_link_t1_description)
[2.268s] INFO:colcon.colcon_core.shell:Creating package script '/app/project/install/base_link_t1_description/share/base_link_t1_description/package.ps1'
[2.268s] INFO:colcon.colcon_core.shell:Creating package descriptor '/app/project/install/base_link_t1_description/share/base_link_t1_description/package.dsv'
[2.269s] INFO:colcon.colcon_core.shell:Creating package script '/app/project/install/base_link_t1_description/share/base_link_t1_description/package.sh'
[2.269s] INFO:colcon.colcon_core.shell:Creating package script '/app/project/install/base_link_t1_description/share/base_link_t1_description/package.bash'
[2.269s] INFO:colcon.colcon_core.shell:Creating package script '/app/project/install/base_link_t1_description/share/base_link_t1_description/package.zsh'
[2.270s] Level 1:colcon.colcon_core.environment:create_file_with_runtime_dependencies(/app/project/install/base_link_t1_description/share/colcon-core/packages/base_link_t1_description)
[2.271s] Level 1:colcon.colcon_core.environment:checking '/app/project/install/robot_test_description' for CMake module files
[2.271s] DEBUG:colcon.colcon_core.event_handler.log_command:Invoked command in '/app/project/src/robot_test_description' returned '0': PYTHONPATH=/app/project/build/robot_test_description/prefix_override:/usr/lib/python3/dist-packages/colcon_core/task/python/colcon_distutils_commands:/app/project/install/robot_test_description/lib/python3.10/site-packages:${PYTHONPATH} /usr/bin/python3 -W ignore:setup.py install is deprecated -W ignore:easy_install command is deprecated setup.py egg_info --egg-base ../../build/robot_test_description build --build-base /app/project/build/robot_test_description/build install --record /app/project/build/robot_test_description/install.log --single-version-externally-managed install_data
[2.271s] Level 1:colcon.colcon_core.environment:checking '/app/project/install/robot_test_description' for CMake config files
[2.272s] Level 1:colcon.colcon_core.environment:checking '/app/project/install/robot_test_description/lib'
[2.272s] Level 1:colcon.colcon_core.environment:checking '/app/project/install/robot_test_description/bin'
[2.272s] Level 1:colcon.colcon_core.environment:checking '/app/project/install/robot_test_description/lib/pkgconfig/robot_test_description.pc'
[2.272s] Level 1:colcon.colcon_core.environment:checking '/app/project/install/robot_test_description/lib/python3.10/site-packages'
[2.272s] Level 1:colcon.colcon_core.shell:create_environment_hook('robot_test_description', 'pythonpath')
[2.273s] INFO:colcon.colcon_core.shell:Creating environment hook '/app/project/install/robot_test_description/share/robot_test_description/hook/pythonpath.ps1'
[2.273s] INFO:colcon.colcon_core.shell:Creating environment descriptor '/app/project/install/robot_test_description/share/robot_test_description/hook/pythonpath.dsv'
[2.273s] INFO:colcon.colcon_core.shell:Creating environment hook '/app/project/install/robot_test_description/share/robot_test_description/hook/pythonpath.sh'
[2.274s] Level 1:colcon.colcon_core.environment:checking '/app/project/install/robot_test_description/bin'
[2.274s] Level 1:colcon.colcon_core.environment:create_environment_scripts_only(robot_test_description)
[2.274s] INFO:colcon.colcon_core.shell:Creating package script '/app/project/install/robot_test_description/share/robot_test_description/package.ps1'
[2.275s] INFO:colcon.colcon_core.shell:Creating package descriptor '/app/project/install/robot_test_description/share/robot_test_description/package.dsv'
[2.275s] INFO:colcon.colcon_core.shell:Creating package script '/app/project/install/robot_test_description/share/robot_test_description/package.sh'
[2.275s] INFO:colcon.colcon_core.shell:Creating package script '/app/project/install/robot_test_description/share/robot_test_description/package.bash'
[2.276s] INFO:colcon.colcon_core.shell:Creating package script '/app/project/install/robot_test_description/share/robot_test_description/package.zsh'
[2.276s] Level 1:colcon.colcon_core.environment:create_file_with_runtime_dependencies(/app/project/install/robot_test_description/share/colcon-core/packages/robot_test_description)
[2.276s] Level 1:colcon.colcon_core.environment:checking '/app/project/install/base_link_p3_description' for CMake module files
[2.277s] Level 1:colcon.colcon_core.environment:checking '/app/project/install/base_link_p3_description' for CMake config files
[2.277s] DEBUG:colcon.colcon_core.event_handler.log_command:Invoked command in '/app/project/src/base_link_p3_description' returned '0': PYTHONPATH=/app/project/build/base_link_p3_description/prefix_override:/usr/lib/python3/dist-packages/colcon_core/task/python/colcon_distutils_commands:/app/project/install/base_link_p3_description/lib/python3.10/site-packages:${PYTHONPATH} /usr/bin/python3 -W ignore:setup.py install is deprecated -W ignore:easy_install command is deprecated setup.py egg_info --egg-base ../../build/base_link_p3_description build --build-base /app/project/build/base_link_p3_description/build install --record /app/project/build/base_link_p3_description/install.log --single-version-externally-managed install_data
[2.278s] Level 1:colcon.colcon_core.environment:checking '/app/project/install/base_link_p3_description/lib'
[2.278s] Level 1:colcon.colcon_core.environment:checking '/app/project/install/base_link_p3_description/bin'
[2.278s] Level 1:colcon.colcon_core.environment:checking '/app/project/install/base_link_p3_description/lib/pkgconfig/base_link_p3_description.pc'
[2.278s] Level 1:colcon.colcon_core.environment:checking '/app/project/install/base_link_p3_description/lib/python3.10/site-packages'
[2.278s] Level 1:colcon.colcon_core.shell:create_environment_hook('base_link_p3_description', 'pythonpath')
[2.279s] INFO:colcon.colcon_core.shell:Creating environment hook '/app/project/install/base_link_p3_description/share/base_link_p3_description/hook/pythonpath.ps1'
[2.279s] INFO:colcon.colcon_core.shell:Creating environment descriptor '/app/project/install/base_link_p3_description/share/base_link_p3_description/hook/pythonpath.dsv'
[2.279s] INFO:colcon.colcon_core.shell:Creating environment hook '/app/project/install/base_link_p3_description/share/base_link_p3_description/hook/pythonpath.sh'
[2.280s] Level 1:colcon.colcon_core.environment:checking '/app/project/install/base_link_p3_description/bin'
[2.280s] Level 1:colcon.colcon_core.environment:create_environment_scripts_only(base_link_p3_description)
[2.280s] INFO:colcon.colcon_core.shell:Creating package script '/app/project/install/base_link_p3_description/share/base_link_p3_description/package.ps1'
[2.280s] INFO:colcon.colcon_core.shell:Creating package descriptor '/app/project/install/base_link_p3_description/share/base_link_p3_description/package.dsv'
[2.281s] INFO:colcon.colcon_core.shell:Creating package script '/app/project/install/base_link_p3_description/share/base_link_p3_description/package.sh'
[2.281s] INFO:colcon.colcon_core.shell:Creating package script '/app/project/install/base_link_p3_description/share/base_link_p3_description/package.bash'
[2.281s] INFO:colcon.colcon_core.shell:Creating package script '/app/project/install/base_link_p3_description/share/base_link_p3_description/package.zsh'
[2.282s] Level 1:colcon.colcon_core.environment:create_file_with_runtime_dependencies(/app/project/install/base_link_p3_description/share/colcon-core/packages/base_link_p3_description)
[2.283s] Level 1:colcon.colcon_core.environment:checking '/app/project/install/base_link_description' for CMake module files
[2.283s] DEBUG:colcon.colcon_core.event_handler.log_command:Invoked command in '/app/project/src/base_link_description' returned '0': PYTHONPATH=/app/project/build/base_link_description/prefix_override:/usr/lib/python3/dist-packages/colcon_core/task/python/colcon_distutils_commands:/app/project/install/base_link_description/lib/python3.10/site-packages:${PYTHONPATH} /usr/bin/python3 -W ignore:setup.py install is deprecated -W ignore:easy_install command is deprecated setup.py egg_info --egg-base ../../build/base_link_description build --build-base /app/project/build/base_link_description/build install --record /app/project/build/base_link_description/install.log --single-version-externally-managed install_data
[2.283s] Level 1:colcon.colcon_core.environment:checking '/app/project/install/base_link_description' for CMake config files
[2.284s] Level 1:colcon.colcon_core.environment:checking '/app/project/install/base_link_description/lib'
[2.284s] Level 1:colcon.colcon_core.environment:checking '/app/project/install/base_link_description/bin'
[2.284s] Level 1:colcon.colcon_core.environment:checking '/app/project/install/base_link_description/lib/pkgconfig/base_link_description.pc'
[2.284s] Level 1:colcon.colcon_core.environment:checking '/app/project/install/base_link_description/lib/python3.10/site-packages'
[2.284s] Level 1:colcon.colcon_core.shell:create_environment_hook('base_link_description', 'pythonpath')
[2.284s] INFO:colcon.colcon_core.shell:Creating environment hook '/app/project/install/base_link_description/share/base_link_description/hook/pythonpath.ps1'
[2.285s] INFO:colcon.colcon_core.shell:Creating environment descriptor '/app/project/install/base_link_description/share/base_link_description/hook/pythonpath.dsv'
[2.285s] INFO:colcon.colcon_core.shell:Creating environment hook '/app/project/install/base_link_description/share/base_link_description/hook/pythonpath.sh'
[2.285s] Level 1:colcon.colcon_core.environment:checking '/app/project/install/base_link_description/bin'
[2.285s] Level 1:colcon.colcon_core.environment:create_environment_scripts_only(base_link_description)
[2.286s] INFO:colcon.colcon_core.shell:Creating package script '/app/project/install/base_link_description/share/base_link_description/package.ps1'
[2.286s] INFO:colcon.colcon_core.shell:Creating package descriptor '/app/project/install/base_link_description/share/base_link_description/package.dsv'
[2.286s] INFO:colcon.colcon_core.shell:Creating package script '/app/project/install/base_link_description/share/base_link_description/package.sh'
[2.287s] INFO:colcon.colcon_core.shell:Creating package script '/app/project/install/base_link_description/share/base_link_description/package.bash'
[2.287s] INFO:colcon.colcon_core.shell:Creating package script '/app/project/install/base_link_description/share/base_link_description/package.zsh'
[2.287s] Level 1:colcon.colcon_core.environment:create_file_with_runtime_dependencies(/app/project/install/base_link_description/share/colcon-core/packages/base_link_description)
[2.287s] DEBUG:colcon.colcon_parallel_executor.executor.parallel:closing loop
[2.288s] DEBUG:colcon.colcon_parallel_executor.executor.parallel:loop closed
[2.288s] DEBUG:colcon.colcon_parallel_executor.executor.parallel:run_until_complete finished with '0'
[2.288s] DEBUG:colcon.colcon_core.event_reactor:joining thread
[2.304s] INFO:colcon.colcon_core.plugin_system:Skipping extension 'colcon_notification.desktop_notification.notify_send': Could not find 'notify-send'
[2.304s] INFO:colcon.colcon_core.plugin_system:Skipping extension 'colcon_notification.desktop_notification.terminal_notifier': Not used on non-Darwin systems
[2.304s] INFO:colcon.colcon_core.plugin_system:Skipping extension 'colcon_notification.desktop_notification.win32': Not used on non-Windows systems
[2.304s] INFO:colcon.colcon_notification.desktop_notification:Sending desktop notification using 'notify2'
[2.309s] DEBUG:colcon.colcon_notification.desktop_notification.notify2:Failed to initialize notify2: org.freedesktop.DBus.Error.Spawn.ExecFailed: /usr/bin/dbus-launch terminated abnormally without any error message
[2.309s] DEBUG:colcon.colcon_core.event_reactor:joined thread
[2.310s] INFO:colcon.colcon_core.shell:Creating prefix script '/app/project/install/local_setup.ps1'
[2.311s] INFO:colcon.colcon_core.shell:Creating prefix util module '/app/project/install/_local_setup_util_ps1.py'
[2.312s] INFO:colcon.colcon_core.shell:Creating prefix chain script '/app/project/install/setup.ps1'
[2.313s] INFO:colcon.colcon_core.shell:Creating prefix script '/app/project/install/local_setup.sh'
[2.314s] INFO:colcon.colcon_core.shell:Creating prefix util module '/app/project/install/_local_setup_util_sh.py'
[2.314s] INFO:colcon.colcon_core.shell:Creating prefix chain script '/app/project/install/setup.sh'
[2.315s] INFO:colcon.colcon_core.shell:Creating prefix script '/app/project/install/local_setup.bash'
[2.316s] INFO:colcon.colcon_core.shell:Creating prefix chain script '/app/project/install/setup.bash'
[2.317s] INFO:colcon.colcon_core.shell:Creating prefix script '/app/project/install/local_setup.zsh'
[2.318s] INFO:colcon.colcon_core.shell:Creating prefix chain script '/app/project/install/setup.zsh'
