/app/project/install/rover__description/lib/python3.10/site-packages/rover__description/__init__.py
/app/project/install/rover__description/lib/python3.10/site-packages/rover__description/__pycache__/__init__.cpython-310.pyc
/app/project/install/rover__description/share/ament_index/resource_index/packages/rover__description
/app/project/install/rover__description/share/rover__description/package.xml
/app/project/install/rover__description/share/rover__description/launch/gazebo.launch.py
/app/project/install/rover__description/share/rover__description/launch/display.launch.py
/app/project/install/rover__description/share/rover__description/urdf/rover_.ros2control
/app/project/install/rover__description/share/rover__description/urdf/rover_.xacro
/app/project/install/rover__description/share/rover__description/urdf/rover_.gazebo
/app/project/install/rover__description/share/rover__description/urdf/materials.xacro
/app/project/install/rover__description/share/rover__description/meshes/base_link.stl
/app/project/install/rover__description/share/rover__description/meshes/body_four_2.stl
/app/project/install/rover__description/share/rover__description/meshes/body_three_1.stl
/app/project/install/rover__description/share/rover__description/meshes/body_two_1.stl
/app/project/install/rover__description/share/rover__description/config/ros_gz_bridge_gazebo.yaml
/app/project/install/rover__description/share/rover__description/config/display.rviz
/app/project/install/rover__description/share/rover__description/config/gazebo.rviz
/app/project/install/rover__description/lib/python3.10/site-packages/rover_description-0.0.0-py3.10.egg-info/requires.txt
/app/project/install/rover__description/lib/python3.10/site-packages/rover_description-0.0.0-py3.10.egg-info/PKG-INFO
/app/project/install/rover__description/lib/python3.10/site-packages/rover_description-0.0.0-py3.10.egg-info/zip-safe
/app/project/install/rover__description/lib/python3.10/site-packages/rover_description-0.0.0-py3.10.egg-info/top_level.txt
/app/project/install/rover__description/lib/python3.10/site-packages/rover_description-0.0.0-py3.10.egg-info/SOURCES.txt
/app/project/install/rover__description/lib/python3.10/site-packages/rover_description-0.0.0-py3.10.egg-info/dependency_links.txt
/app/project/install/rover__description/lib/python3.10/site-packages/rover_description-0.0.0-py3.10.egg-info/entry_points.txt
