[0.944s] Invoking command in '/app/project/src/rover__description': PYTHONPATH=/app/project/build/rover__description/prefix_override:/usr/lib/python3/dist-packages/colcon_core/task/python/colcon_distutils_commands:/app/project/install/rover__description/lib/python3.10/site-packages:${PYTHONPATH} /usr/bin/python3 -W ignore:setup.py install is deprecated -W ignore:easy_install command is deprecated setup.py egg_info --egg-base ../../build/rover__description build --build-base /app/project/build/rover__description/build install --record /app/project/build/rover__description/install.log --single-version-externally-managed install_data
[1.142s] running egg_info
[1.142s] writing ../../build/rover__description/rover_description.egg-info/PKG-INFO
[1.142s] writing dependency_links to ../../build/rover__description/rover_description.egg-info/dependency_links.txt
[1.142s] writing entry points to ../../build/rover__description/rover_description.egg-info/entry_points.txt
[1.143s] writing requirements to ../../build/rover__description/rover_description.egg-info/requires.txt
[1.143s] writing top-level names to ../../build/rover__description/rover_description.egg-info/top_level.txt
[1.144s] reading manifest file '../../build/rover__description/rover_description.egg-info/SOURCES.txt'
[1.145s] writing manifest file '../../build/rover__description/rover_description.egg-info/SOURCES.txt'
[1.145s] running build
[1.145s] running build_py
[1.145s] running install
[1.145s] running install_lib
[1.146s] running install_data
[1.147s] running install_egg_info
[1.148s] removing '/app/project/install/rover__description/lib/python3.10/site-packages/rover_description-0.0.0-py3.10.egg-info' (and everything under it)
[1.148s] Copying ../../build/rover__description/rover_description.egg-info to /app/project/install/rover__description/lib/python3.10/site-packages/rover_description-0.0.0-py3.10.egg-info
[1.149s] running install_scripts
[1.191s] writing list of installed files to '/app/project/build/rover__description/install.log'
[1.199s] Invoked command in '/app/project/src/rover__description' returned '0': PYTHONPATH=/app/project/build/rover__description/prefix_override:/usr/lib/python3/dist-packages/colcon_core/task/python/colcon_distutils_commands:/app/project/install/rover__description/lib/python3.10/site-packages:${PYTHONPATH} /usr/bin/python3 -W ignore:setup.py install is deprecated -W ignore:easy_install command is deprecated setup.py egg_info --egg-base ../../build/rover__description build --build-base /app/project/build/rover__description/build install --record /app/project/build/rover__description/install.log --single-version-externally-managed install_data
