[1.096s] Invoking command in '/app/project/src/base_link_p3_description': PYTHONPATH=/app/project/build/base_link_p3_description/prefix_override:/usr/lib/python3/dist-packages/colcon_core/task/python/colcon_distutils_commands:/app/project/install/base_link_p3_description/lib/python3.10/site-packages:${PYTHONPATH} /usr/bin/python3 -W ignore:setup.py install is deprecated -W ignore:easy_install command is deprecated setup.py egg_info --egg-base ../../build/base_link_p3_description build --build-base /app/project/build/base_link_p3_description/build install --record /app/project/build/base_link_p3_description/install.log --single-version-externally-managed install_data
[1.261s] running egg_info
[1.261s] creating ../../build/base_link_p3_description/base_link_p3_description.egg-info
[1.283s] writing ../../build/base_link_p3_description/base_link_p3_description.egg-info/PKG-INFO
[1.285s] writing dependency_links to ../../build/base_link_p3_description/base_link_p3_description.egg-info/dependency_links.txt
[1.287s] writing entry points to ../../build/base_link_p3_description/base_link_p3_description.egg-info/entry_points.txt
[1.287s] writing requirements to ../../build/base_link_p3_description/base_link_p3_description.egg-info/requires.txt
[1.287s] writing top-level names to ../../build/base_link_p3_description/base_link_p3_description.egg-info/top_level.txt
[1.287s] writing manifest file '../../build/base_link_p3_description/base_link_p3_description.egg-info/SOURCES.txt'
[1.287s] reading manifest file '../../build/base_link_p3_description/base_link_p3_description.egg-info/SOURCES.txt'
[1.287s] writing manifest file '../../build/base_link_p3_description/base_link_p3_description.egg-info/SOURCES.txt'
[1.287s] running build
[1.287s] running build_py
[1.287s] creating /app/project/build/base_link_p3_description/build
[1.287s] creating /app/project/build/base_link_p3_description/build/lib
[1.287s] creating /app/project/build/base_link_p3_description/build/lib/base_link_p3_description
[1.287s] copying base_link_p3_description/__init__.py -> /app/project/build/base_link_p3_description/build/lib/base_link_p3_description
[1.288s] running install
[1.288s] running install_lib
[1.288s] creating /app/project/install/base_link_p3_description/lib/python3.10/site-packages/base_link_p3_description
[1.288s] copying /app/project/build/base_link_p3_description/build/lib/base_link_p3_description/__init__.py -> /app/project/install/base_link_p3_description/lib/python3.10/site-packages/base_link_p3_description
[1.288s] byte-compiling /app/project/install/base_link_p3_description/lib/python3.10/site-packages/base_link_p3_description/__init__.py to __init__.cpython-310.pyc
[1.288s] running install_data
[1.288s] creating /app/project/install/base_link_p3_description/share/ament_index
[1.288s] creating /app/project/install/base_link_p3_description/share/ament_index/resource_index
[1.288s] creating /app/project/install/base_link_p3_description/share/ament_index/resource_index/packages
[1.288s] copying resource/base_link_p3_description -> /app/project/install/base_link_p3_description/share/ament_index/resource_index/packages
[1.288s] copying package.xml -> /app/project/install/base_link_p3_description/share/base_link_p3_description
[1.288s] creating /app/project/install/base_link_p3_description/share/base_link_p3_description/launch
[1.288s] copying launch/gazebo.launch.py -> /app/project/install/base_link_p3_description/share/base_link_p3_description/launch
[1.288s] copying launch/display.launch.py -> /app/project/install/base_link_p3_description/share/base_link_p3_description/launch
[1.288s] creating /app/project/install/base_link_p3_description/share/base_link_p3_description/urdf
[1.288s] copying urdf/base_link_p3.xacro -> /app/project/install/base_link_p3_description/share/base_link_p3_description/urdf
[1.288s] copying urdf/base_link_p3.urdf -> /app/project/install/base_link_p3_description/share/base_link_p3_description/urdf
[1.288s] copying urdf/base_link_p3.gazebo -> /app/project/install/base_link_p3_description/share/base_link_p3_description/urdf
[1.288s] copying urdf/base_link_p3.trans -> /app/project/install/base_link_p3_description/share/base_link_p3_description/urdf
[1.288s] copying urdf/materials.xacro -> /app/project/install/base_link_p3_description/share/base_link_p3_description/urdf
[1.288s] creating /app/project/install/base_link_p3_description/share/base_link_p3_description/meshes
[1.288s] copying meshes/base_link.stl -> /app/project/install/base_link_p3_description/share/base_link_p3_description/meshes
[1.288s] copying meshes/Parte6_1.stl -> /app/project/install/base_link_p3_description/share/base_link_p3_description/meshes
[1.289s] copying meshes/Parte6_3.stl -> /app/project/install/base_link_p3_description/share/base_link_p3_description/meshes
[1.289s] copying meshes/Parte6_5.stl -> /app/project/install/base_link_p3_description/share/base_link_p3_description/meshes
[1.289s] copying meshes/Parte6_2.stl -> /app/project/install/base_link_p3_description/share/base_link_p3_description/meshes
[1.289s] copying meshes/Parte1__17__2.stl -> /app/project/install/base_link_p3_description/share/base_link_p3_description/meshes
[1.289s] copying meshes/Parte6_4.stl -> /app/project/install/base_link_p3_description/share/base_link_p3_description/meshes
[1.289s] copying meshes/Parte1__17__1.stl -> /app/project/install/base_link_p3_description/share/base_link_p3_description/meshes
[1.290s] creating /app/project/install/base_link_p3_description/share/base_link_p3_description/config
[1.290s] copying config/ros_gz_bridge_gazebo.yaml -> /app/project/install/base_link_p3_description/share/base_link_p3_description/config
[1.291s] copying config/display.rviz -> /app/project/install/base_link_p3_description/share/base_link_p3_description/config
[1.291s] copying config/gazebo.rviz -> /app/project/install/base_link_p3_description/share/base_link_p3_description/config
[1.291s] running install_egg_info
[1.291s] Copying ../../build/base_link_p3_description/base_link_p3_description.egg-info to /app/project/install/base_link_p3_description/lib/python3.10/site-packages/base_link_p3_description-0.0.0-py3.10.egg-info
[1.291s] running install_scripts
[1.309s] writing list of installed files to '/app/project/build/base_link_p3_description/install.log'
[1.342s] Invoked command in '/app/project/src/base_link_p3_description' returned '0': PYTHONPATH=/app/project/build/base_link_p3_description/prefix_override:/usr/lib/python3/dist-packages/colcon_core/task/python/colcon_distutils_commands:/app/project/install/base_link_p3_description/lib/python3.10/site-packages:${PYTHONPATH} /usr/bin/python3 -W ignore:setup.py install is deprecated -W ignore:easy_install command is deprecated setup.py egg_info --egg-base ../../build/base_link_p3_description build --build-base /app/project/build/base_link_p3_description/build install --record /app/project/build/base_link_p3_description/install.log --single-version-externally-managed install_data
