[0.000000] (-) TimerEvent: {}
[0.000176] (base_link_description) JobQueued: {'identifier': 'base_link_description', 'dependencies': OrderedDict()}
[0.000204] (base_link_p3_description) JobQueued: {'identifier': 'base_link_p3_description', 'dependencies': OrderedDict()}
[0.000219] (base_link_t1_description) JobQueued: {'identifier': 'base_link_t1_description', 'dependencies': OrderedDict()}
[0.000709] (base_link_description) JobStarted: {'identifier': 'base_link_description'}
[0.010951] (base_link_p3_description) JobStarted: {'identifier': 'base_link_p3_description'}
[0.017206] (base_link_t1_description) JobStarted: {'identifier': 'base_link_t1_description'}
[0.099791] (-) TimerEvent: {}
[0.199960] (-) TimerEvent: {}
[0.300118] (-) TimerEvent: {}
[0.400276] (-) TimerEvent: {}
[0.500443] (-) TimerEvent: {}
[0.600688] (-) TimerEvent: {}
[0.700961] (-) TimerEvent: {}
[0.801118] (-) TimerEvent: {}
[0.901306] (-) TimerEvent: {}
[0.990753] (base_link_description) Command: {'cmd': ['/usr/bin/python3', '-W', 'ignore:setup.py install is deprecated', '-W', 'ignore:easy_install command is deprecated', 'setup.py', 'egg_info', '--egg-base', '../../build/base_link_description', 'build', '--build-base', '/app/project/build/base_link_description/build', 'install', '--record', '/app/project/build/base_link_description/install.log', '--single-version-externally-managed', 'install_data'], 'cwd': '/app/project/src/base_link_description', 'env': {'HOSTNAME': 'linux-portatil', 'SHLVL': '1', 'LD_LIBRARY_PATH': '/usr/lib/x86_64-linux-gnu/gazebo-11/plugins:/opt/ros/humble/opt/rviz_ogre_vendor/lib:/opt/ros/humble/lib/x86_64-linux-gnu:/opt/ros/humble/lib', 'HOME': '/root', 'OLDPWD': '/app', 'ROS_PYTHON_VERSION': '3', 'COLCON_PREFIX_PATH': '/app/project/install', 'ROS_DISTRO': 'humble', '_': '/usr/bin/colcon', 'ROS_VERSION': '2', 'ROS_LOCALHOST_ONLY': '0', 'PATH': '/opt/ros/humble/bin:/app/simulator/scripts:/home/linuxbrew/.linuxbrew/bin:/opt/st/stm32cubeide_1.19.0:/home/linuxbrew/.linuxbrew/bin:/opt/st/stm32cubeide_1.19.0:/home/joao41/.local/bin:/home/joao41/bin:/usr/local/sbin:/usr/local/bin:/usr/sbin:/usr/bin:/sbin:/bin:/usr/games:/usr/local/games:/snap/bin:/snap/bin', 'DISPLAY': ':0', 'LANG': 'C.UTF-8', 'AMENT_PREFIX_PATH': '/app/project/install/base_link_t1_description:/app/project/install/base_link_p3_description:/app/project/install/base_link_description:/opt/ros/humble', 'PWD': '/app/project/build/base_link_description', 'LC_ALL': 'C.UTF-8', 'PYTHONPATH': '/app/project/build/base_link_description/prefix_override:/usr/lib/python3/dist-packages/colcon_core/task/python/colcon_distutils_commands:/app/project/install/base_link_description/lib/python3.10/site-packages:/app/project/install/base_link_t1_description/lib/python3.10/site-packages:/app/project/install/base_link_p3_description/lib/python3.10/site-packages:/app/project/install/base_link_description/lib/python3.10/site-packages:/opt/ros/humble/lib/python3.10/site-packages:/opt/ros/humble/local/lib/python3.10/dist-packages', 'COLCON': '1'}, 'shell': False}
[0.998305] (base_link_t1_description) Command: {'cmd': ['/usr/bin/python3', '-W', 'ignore:setup.py install is deprecated', '-W', 'ignore:easy_install command is deprecated', 'setup.py', 'egg_info', '--egg-base', '../../build/base_link_t1_description', 'build', '--build-base', '/app/project/build/base_link_t1_description/build', 'install', '--record', '/app/project/build/base_link_t1_description/install.log', '--single-version-externally-managed', 'install_data'], 'cwd': '/app/project/src/base_link_t1_description', 'env': {'HOSTNAME': 'linux-portatil', 'SHLVL': '1', 'LD_LIBRARY_PATH': '/usr/lib/x86_64-linux-gnu/gazebo-11/plugins:/opt/ros/humble/opt/rviz_ogre_vendor/lib:/opt/ros/humble/lib/x86_64-linux-gnu:/opt/ros/humble/lib', 'HOME': '/root', 'OLDPWD': '/app', 'ROS_PYTHON_VERSION': '3', 'COLCON_PREFIX_PATH': '/app/project/install', 'ROS_DISTRO': 'humble', '_': '/usr/bin/colcon', 'ROS_VERSION': '2', 'ROS_LOCALHOST_ONLY': '0', 'PATH': '/opt/ros/humble/bin:/app/simulator/scripts:/home/linuxbrew/.linuxbrew/bin:/opt/st/stm32cubeide_1.19.0:/home/linuxbrew/.linuxbrew/bin:/opt/st/stm32cubeide_1.19.0:/home/joao41/.local/bin:/home/joao41/bin:/usr/local/sbin:/usr/local/bin:/usr/sbin:/usr/bin:/sbin:/bin:/usr/games:/usr/local/games:/snap/bin:/snap/bin', 'DISPLAY': ':0', 'LANG': 'C.UTF-8', 'AMENT_PREFIX_PATH': '/app/project/install/base_link_t1_description:/app/project/install/base_link_p3_description:/app/project/install/base_link_description:/opt/ros/humble', 'PWD': '/app/project/build/base_link_t1_description', 'LC_ALL': 'C.UTF-8', 'PYTHONPATH': '/app/project/build/base_link_t1_description/prefix_override:/usr/lib/python3/dist-packages/colcon_core/task/python/colcon_distutils_commands:/app/project/install/base_link_t1_description/lib/python3.10/site-packages:/app/project/install/base_link_t1_description/lib/python3.10/site-packages:/app/project/install/base_link_p3_description/lib/python3.10/site-packages:/app/project/install/base_link_description/lib/python3.10/site-packages:/opt/ros/humble/lib/python3.10/site-packages:/opt/ros/humble/local/lib/python3.10/dist-packages', 'COLCON': '1'}, 'shell': False}
[1.000949] (base_link_p3_description) Command: {'cmd': ['/usr/bin/python3', '-W', 'ignore:setup.py install is deprecated', '-W', 'ignore:easy_install command is deprecated', 'setup.py', 'egg_info', '--egg-base', '../../build/base_link_p3_description', 'build', '--build-base', '/app/project/build/base_link_p3_description/build', 'install', '--record', '/app/project/build/base_link_p3_description/install.log', '--single-version-externally-managed', 'install_data'], 'cwd': '/app/project/src/base_link_p3_description', 'env': {'HOSTNAME': 'linux-portatil', 'SHLVL': '1', 'LD_LIBRARY_PATH': '/usr/lib/x86_64-linux-gnu/gazebo-11/plugins:/opt/ros/humble/opt/rviz_ogre_vendor/lib:/opt/ros/humble/lib/x86_64-linux-gnu:/opt/ros/humble/lib', 'HOME': '/root', 'OLDPWD': '/app', 'ROS_PYTHON_VERSION': '3', 'COLCON_PREFIX_PATH': '/app/project/install', 'ROS_DISTRO': 'humble', '_': '/usr/bin/colcon', 'ROS_VERSION': '2', 'ROS_LOCALHOST_ONLY': '0', 'PATH': '/opt/ros/humble/bin:/app/simulator/scripts:/home/linuxbrew/.linuxbrew/bin:/opt/st/stm32cubeide_1.19.0:/home/linuxbrew/.linuxbrew/bin:/opt/st/stm32cubeide_1.19.0:/home/joao41/.local/bin:/home/joao41/bin:/usr/local/sbin:/usr/local/bin:/usr/sbin:/usr/bin:/sbin:/bin:/usr/games:/usr/local/games:/snap/bin:/snap/bin', 'DISPLAY': ':0', 'LANG': 'C.UTF-8', 'AMENT_PREFIX_PATH': '/app/project/install/base_link_t1_description:/app/project/install/base_link_p3_description:/app/project/install/base_link_description:/opt/ros/humble', 'PWD': '/app/project/build/base_link_p3_description', 'LC_ALL': 'C.UTF-8', 'PYTHONPATH': '/app/project/build/base_link_p3_description/prefix_override:/usr/lib/python3/dist-packages/colcon_core/task/python/colcon_distutils_commands:/app/project/install/base_link_p3_description/lib/python3.10/site-packages:/app/project/install/base_link_t1_description/lib/python3.10/site-packages:/app/project/install/base_link_p3_description/lib/python3.10/site-packages:/app/project/install/base_link_description/lib/python3.10/site-packages:/opt/ros/humble/lib/python3.10/site-packages:/opt/ros/humble/local/lib/python3.10/dist-packages', 'COLCON': '1'}, 'shell': False}
[1.001713] (-) TimerEvent: {}
[1.101831] (-) TimerEvent: {}
[1.199951] (base_link_description) StdoutLine: {'line': b'running egg_info\n'}
[1.200454] (base_link_description) StdoutLine: {'line': b'writing ../../build/base_link_description/base_link_description.egg-info/PKG-INFO\n'}
[1.200644] (base_link_description) StdoutLine: {'line': b'writing dependency_links to ../../build/base_link_description/base_link_description.egg-info/dependency_links.txt\n'}
[1.200858] (base_link_description) StdoutLine: {'line': b'writing entry points to ../../build/base_link_description/base_link_description.egg-info/entry_points.txt\n'}
[1.201045] (base_link_description) StdoutLine: {'line': b'writing requirements to ../../build/base_link_description/base_link_description.egg-info/requires.txt\n'}
[1.201115] (base_link_description) StdoutLine: {'line': b'writing top-level names to ../../build/base_link_description/base_link_description.egg-info/top_level.txt\n'}
[1.201891] (-) TimerEvent: {}
[1.202482] (base_link_description) StdoutLine: {'line': b"reading manifest file '../../build/base_link_description/base_link_description.egg-info/SOURCES.txt'\n"}
[1.203381] (base_link_description) StdoutLine: {'line': b"writing manifest file '../../build/base_link_description/base_link_description.egg-info/SOURCES.txt'\n"}
[1.203550] (base_link_description) StdoutLine: {'line': b'running build\n'}
[1.203720] (base_link_description) StdoutLine: {'line': b'running build_py\n'}
[1.203785] (base_link_description) StdoutLine: {'line': b'running install\n'}
[1.203892] (base_link_description) StdoutLine: {'line': b'running install_lib\n'}
[1.204748] (base_link_description) StdoutLine: {'line': b'running install_data\n'}
[1.205174] (base_link_description) StdoutLine: {'line': b'running install_egg_info\n'}
[1.206179] (base_link_t1_description) StdoutLine: {'line': b'running egg_info\n'}
[1.206692] (base_link_description) StdoutLine: {'line': b"removing '/app/project/install/base_link_description/lib/python3.10/site-packages/base_link_description-0.0.0-py3.10.egg-info' (and everything under it)\n"}
[1.206891] (base_link_t1_description) StdoutLine: {'line': b'writing ../../build/base_link_t1_description/base_link_t1_description.egg-info/PKG-INFO\n'}
[1.207066] (base_link_t1_description) StdoutLine: {'line': b'writing dependency_links to ../../build/base_link_t1_description/base_link_t1_description.egg-info/dependency_links.txt\n'}
[1.207172] (base_link_description) StdoutLine: {'line': b'Copying ../../build/base_link_description/base_link_description.egg-info to /app/project/install/base_link_description/lib/python3.10/site-packages/base_link_description-0.0.0-py3.10.egg-info\n'}
[1.207341] (base_link_t1_description) StdoutLine: {'line': b'writing entry points to ../../build/base_link_t1_description/base_link_t1_description.egg-info/entry_points.txt\n'}
[1.207411] (base_link_t1_description) StdoutLine: {'line': b'writing requirements to ../../build/base_link_t1_description/base_link_t1_description.egg-info/requires.txt\n'}
[1.207463] (base_link_t1_description) StdoutLine: {'line': b'writing top-level names to ../../build/base_link_t1_description/base_link_t1_description.egg-info/top_level.txt\n'}
[1.207824] (base_link_description) StdoutLine: {'line': b'running install_scripts\n'}
[1.208839] (base_link_t1_description) StdoutLine: {'line': b"reading manifest file '../../build/base_link_t1_description/base_link_t1_description.egg-info/SOURCES.txt'\n"}
[1.209736] (base_link_t1_description) StdoutLine: {'line': b"writing manifest file '../../build/base_link_t1_description/base_link_t1_description.egg-info/SOURCES.txt'\n"}
[1.209811] (base_link_t1_description) StdoutLine: {'line': b'running build\n'}
[1.209863] (base_link_t1_description) StdoutLine: {'line': b'running build_py\n'}
[1.209998] (base_link_t1_description) StdoutLine: {'line': b'running install\n'}
[1.210192] (base_link_t1_description) StdoutLine: {'line': b'running install_lib\n'}
[1.211200] (base_link_t1_description) StdoutLine: {'line': b'running install_data\n'}
[1.211636] (base_link_t1_description) StdoutLine: {'line': b'running install_egg_info\n'}
[1.213362] (base_link_t1_description) StdoutLine: {'line': b"removing '/app/project/install/base_link_t1_description/lib/python3.10/site-packages/base_link_t1_description-0.0.0-py3.10.egg-info' (and everything under it)\n"}
[1.213692] (base_link_t1_description) StdoutLine: {'line': b'Copying ../../build/base_link_t1_description/base_link_t1_description.egg-info to /app/project/install/base_link_t1_description/lib/python3.10/site-packages/base_link_t1_description-0.0.0-py3.10.egg-info\n'}
[1.214544] (base_link_t1_description) StdoutLine: {'line': b'running install_scripts\n'}
[1.222761] (base_link_p3_description) StdoutLine: {'line': b'running egg_info\n'}
[1.223426] (base_link_p3_description) StdoutLine: {'line': b'writing ../../build/base_link_p3_description/base_link_p3_description.egg-info/PKG-INFO\n'}
[1.223598] (base_link_p3_description) StdoutLine: {'line': b'writing dependency_links to ../../build/base_link_p3_description/base_link_p3_description.egg-info/dependency_links.txt\n'}
[1.223720] (base_link_p3_description) StdoutLine: {'line': b'writing entry points to ../../build/base_link_p3_description/base_link_p3_description.egg-info/entry_points.txt\n'}
[1.223838] (base_link_p3_description) StdoutLine: {'line': b'writing requirements to ../../build/base_link_p3_description/base_link_p3_description.egg-info/requires.txt\n'}
[1.223984] (base_link_p3_description) StdoutLine: {'line': b'writing top-level names to ../../build/base_link_p3_description/base_link_p3_description.egg-info/top_level.txt\n'}
[1.226267] (base_link_p3_description) StdoutLine: {'line': b"reading manifest file '../../build/base_link_p3_description/base_link_p3_description.egg-info/SOURCES.txt'\n"}
[1.226987] (base_link_description) StdoutLine: {'line': b"writing list of installed files to '/app/project/build/base_link_description/install.log'\n"}
[1.227328] (base_link_p3_description) StdoutLine: {'line': b"writing manifest file '../../build/base_link_p3_description/base_link_p3_description.egg-info/SOURCES.txt'\n"}
[1.227451] (base_link_p3_description) StdoutLine: {'line': b'running build\n'}
[1.227503] (base_link_p3_description) StdoutLine: {'line': b'running build_py\n'}
[1.227699] (base_link_p3_description) StdoutLine: {'line': b'running install\n'}
[1.228016] (base_link_p3_description) StdoutLine: {'line': b'running install_lib\n'}
[1.229346] (base_link_p3_description) StdoutLine: {'line': b'running install_data\n'}
[1.230045] (base_link_p3_description) StdoutLine: {'line': b'running install_egg_info\n'}
[1.232177] (base_link_p3_description) StdoutLine: {'line': b"removing '/app/project/install/base_link_p3_description/lib/python3.10/site-packages/base_link_p3_description-0.0.0-py3.10.egg-info' (and everything under it)\n"}
[1.232669] (base_link_p3_description) StdoutLine: {'line': b'Copying ../../build/base_link_p3_description/base_link_p3_description.egg-info to /app/project/install/base_link_p3_description/lib/python3.10/site-packages/base_link_p3_description-0.0.0-py3.10.egg-info\n'}
[1.233877] (base_link_p3_description) StdoutLine: {'line': b'running install_scripts\n'}
[1.234538] (base_link_t1_description) StdoutLine: {'line': b"writing list of installed files to '/app/project/build/base_link_t1_description/install.log'\n"}
[1.257092] (base_link_p3_description) StdoutLine: {'line': b"writing list of installed files to '/app/project/build/base_link_p3_description/install.log'\n"}
[1.261123] (base_link_description) CommandEnded: {'returncode': 0}
[1.287118] (base_link_description) JobEnded: {'identifier': 'base_link_description', 'rc': 0}
[1.288515] (base_link_t1_description) CommandEnded: {'returncode': 0}
[1.293901] (base_link_t1_description) JobEnded: {'identifier': 'base_link_t1_description', 'rc': 0}
[1.294452] (base_link_p3_description) CommandEnded: {'returncode': 0}
[1.299532] (base_link_p3_description) JobEnded: {'identifier': 'base_link_p3_description', 'rc': 0}
[1.299976] (-) EventReactorShutdown: {}
