[1.442s] Invoking command in '/app/project/src/rover_se_pernas_description': PYTHONPATH=/app/project/build/rover_se_pernas_description/prefix_override:/usr/lib/python3/dist-packages/colcon_core/task/python/colcon_distutils_commands:/app/project/install/rover_se_pernas_description/lib/python3.10/site-packages:${PYTHONPATH} /usr/bin/python3 -W ignore:setup.py install is deprecated -W ignore:easy_install command is deprecated setup.py egg_info --egg-base ../../build/rover_se_pernas_description build --build-base /app/project/build/rover_se_pernas_description/build install --record /app/project/build/rover_se_pernas_description/install.log --single-version-externally-managed install_data
[1.642s] running egg_info
[1.643s] writing ../../build/rover_se_pernas_description/rover_se_pernas_description.egg-info/PKG-INFO
[1.644s] writing dependency_links to ../../build/rover_se_pernas_description/rover_se_pernas_description.egg-info/dependency_links.txt
[1.644s] writing entry points to ../../build/rover_se_pernas_description/rover_se_pernas_description.egg-info/entry_points.txt
[1.644s] writing requirements to ../../build/rover_se_pernas_description/rover_se_pernas_description.egg-info/requires.txt
[1.644s] writing top-level names to ../../build/rover_se_pernas_description/rover_se_pernas_description.egg-info/top_level.txt
[1.646s] reading manifest file '../../build/rover_se_pernas_description/rover_se_pernas_description.egg-info/SOURCES.txt'
[1.648s] writing manifest file '../../build/rover_se_pernas_description/rover_se_pernas_description.egg-info/SOURCES.txt'
[1.648s] running build
[1.648s] running build_py
[1.649s] running install
[1.649s] running install_lib
[1.650s] running install_data
[1.651s] running install_egg_info
[1.653s] removing '/app/project/install/rover_se_pernas_description/lib/python3.10/site-packages/rover_se_pernas_description-0.0.0-py3.10.egg-info' (and everything under it)
[1.653s] Copying ../../build/rover_se_pernas_description/rover_se_pernas_description.egg-info to /app/project/install/rover_se_pernas_description/lib/python3.10/site-packages/rover_se_pernas_description-0.0.0-py3.10.egg-info
[1.654s] running install_scripts
[1.675s] writing list of installed files to '/app/project/build/rover_se_pernas_description/install.log'
[1.718s] Invoked command in '/app/project/src/rover_se_pernas_description' returned '0': PYTHONPATH=/app/project/build/rover_se_pernas_description/prefix_override:/usr/lib/python3/dist-packages/colcon_core/task/python/colcon_distutils_commands:/app/project/install/rover_se_pernas_description/lib/python3.10/site-packages:${PYTHONPATH} /usr/bin/python3 -W ignore:setup.py install is deprecated -W ignore:easy_install command is deprecated setup.py egg_info --egg-base ../../build/rover_se_pernas_description build --build-base /app/project/build/rover_se_pernas_description/build install --record /app/project/build/rover_se_pernas_description/install.log --single-version-externally-managed install_data
